DEBUG: flow_run_remote=True flow_out_dir=/tmp/vulns/flag_node_generators_runs/flow-datasetsegmentedfirewallpivotrun02/01_git_http_bare_repo_docker-10
DEBUG: flow_run_remote=True flow_out_dir=/tmp/vulns/flag_node_generators_runs/flow-datasetsegmentedfirewallpivotrun02/02_ssh_password_finance_terminal_docker-9
DEBUG: flow_run_remote=True flow_out_dir=/tmp/vulns/flag_node_generators_runs/flow-datasetsegmentedfirewallpivotrun02/03_git_deploy_key_repo_docker-11
DEBUG: flow_run_remote=True flow_out_dir=/tmp/vulns/flag_generators_runs/flow-datasetsegmentedfirewallpivotrun02/04_encoded_base64_dispatch_docker-8
{
  "base_preview_plan_path": "/Users/jcacosta/Documents/GitHub/scenarioforge-eval/verify-supply-fix/dataset-segmented-firewall-pivot_run02/scenario.xml",
  "best_effort": true,
  "chain": [
    {
      "id": "13",
      "interfaces": [],
      "ip4": "10.0.107.6",
      "ipv4": "",
      "is_vuln": false,
      "name": "docker-10",
      "type": "docker"
    },
    {
      "id": "12",
      "interfaces": [],
      "ip4": "172.27.207.5",
      "ipv4": "",
      "is_vuln": false,
      "name": "docker-9",
      "type": "docker"
    },
    {
      "id": "14",
      "interfaces": [],
      "ip4": "10.61.107.6",
      "ipv4": "",
      "is_vuln": false,
      "name": "docker-11",
      "type": "docker"
    },
    {
      "id": "11",
      "interfaces": [],
      "ip4": "10.61.107.5",
      "ipv4": "",
      "is_vuln": true,
      "name": "docker-8",
      "type": "docker"
    }
  ],
  "cleanup_deleted_run_dirs": [],
  "cleanup_generated_artifacts": false,
  "created_run_dirs": [
    "/tmp/vulns/flag_node_generators_runs/flow-datasetsegmentedfirewallpivotrun02/01_git_http_bare_repo_docker-10",
    "/tmp/vulns/flag_node_generators_runs/flow-datasetsegmentedfirewallpivotrun02/02_ssh_password_finance_terminal_docker-9",
    "/tmp/vulns/flag_node_generators_runs/flow-datasetsegmentedfirewallpivotrun02/03_git_deploy_key_repo_docker-11",
    "/tmp/vulns/flag_generators_runs/flow-datasetsegmentedfirewallpivotrun02/04_encoded_base64_dispatch_docker-8"
  ],
  "dependency_level": 3,
  "elapsed_s": 41.889,
  "failed_run_dirs": [],
  "flag_assignments": [
    {
      "actual_outputs": [
        "Directory(host, path)",
        "Endpoint(path)",
        "ExposedSecret(service)",
        "File(path)",
        "Flag(flag_id)",
        "FlagDelivery(mode)",
        "FlagFile(path)",
        "PortForward(host, port)",
        "SourceCode(repo)",
        "Version(service)"
      ],
      "artifacts_dir": "/tmp/vulns/flag_node_generators_runs/flow-datasetsegmentedfirewallpivotrun02/01_git_http_bare_repo_docker-10",
      "config": {
        "Knowledge(ip)": "10.0.107.6",
        "challenge": "challenge_datasetsegmentedfirewallpivotrun02_13",
        "env_name": "env_datasetsegmentedfirewallpivotrun02_13",
        "flag_prefix": "FLAG",
        "flag_seed": "1786493170",
        "host_ip": "10.0.107.6",
        "ip4": "10.0.107.6",
        "ipv4": "10.0.107.6",
        "key_len": 16,
        "node_name": "docker-10",
        "secret": "FLOWSECRET_793857018:1786493170_datasetsegmentedfirewallpivotrun02_13_1786493170:1786493182791",
        "seed": "793857018:1786493170:datasetsegmentedfirewallpivotrun02:13:git_http_bare_repo:0:1786493182791",
        "seed_ts": 1786493182791,
        "service_port": 19418,
        "target_ip": "10.0.107.6",
        "username_prefix": "user"
      },
      "declared_outputs": [
        "Directory(host, path)",
        "Endpoint(path)",
        "ExposedSecret(service)",
        "File(path)",
        "Flag(flag_id)",
        "FlagDelivery(mode)",
        "FlagFile(path)",
        "Pivot(docker-10)",
        "PortForward(host, port)",
        "Shell(docker-10)",
        "SourceCode(repo)",
        "Version(service)"
      ],
      "description": "Git-style exposed bare repository mirror with a leaked config secret.",
      "description_hints": [],
      "flag_generator": "Git",
      "generated": true,
      "generation_note": "ok",
      "generator_catalog": "flag_node_generators",
      "hint": "Inspect the exposed Git-style repository before moving to docker-9 (172.27.207.5).",
      "hint_level_templates": {
        "high": [
          "Connect to the Git-style service",
          "List repository files and read config",
          "Record the leaked config marker: Record the flag from the repository config."
        ],
        "low": [
          "Inspect the exposed Git-style repository before moving to {{NEXT_NODE_NAME}}."
        ],
        "medium": [
          "File/artifact: {{OUTPUT.File(path):basename}}"
        ]
      },
      "hint_levels": {
        "high": [
          "Connect to the Git-style service",
          "List repository files and read config",
          "Record the leaked config marker: Record the flag from the repository config."
        ],
        "low": [
          "Inspect the exposed Git-style repository before moving to docker-9 (172.27.207.5)."
        ],
        "medium": [
          "File/artifact: config"
        ]
      },
      "hint_next_node_id": "",
      "hint_template": "Inspect the exposed Git-style repository before moving to {{NEXT_NODE_NAME}}.",
      "hint_templates": [
        "Inspect the exposed Git-style repository before moving to {{NEXT_NODE_NAME}}."
      ],
      "hints": [
        "Inspect the exposed Git-style repository before moving to docker-9 (172.27.207.5)."
      ],
      "id": "git_http_bare_repo",
      "inject_candidate_paths": [
        "/srv/git/ops.git",
        "/var/www/git/repo",
        "/opt/git/mirror",
        "/home/git/repositories/ops.git"
      ],
      "inject_files": [
        "service"
      ],
      "inject_source_dir": "/tmp/vulns/flag_node_generators_runs/flow-datasetsegmentedfirewallpivotrun02/01_git_http_bare_repo_docker-10",
      "input_fields": [
        "flag_prefix",
        "node_name",
        "seed",
        "service_port"
      ],
      "input_fields_optional": [
        "flag_prefix",
        "service_port"
      ],
      "input_fields_required": [
        "node_name",
        "seed"
      ],
      "inputs": [
        "node_name",
        "seed"
      ],
      "inputs_match": true,
      "inputs_mismatch": {
        "declared_required": [
          "node_name",
          "seed"
        ],
        "dropped": [],
        "missing_required": [],
        "ok": true,
        "provided": [
          "Knowledge(ip)",
          "challenge",
          "env_name",
          "flag_prefix",
          "flag_seed",
          "host_ip",
          "ip4",
          "ipv4",
          "key_len",
          "node_name",
          "secret",
          "seed",
          "seed_ts",
          "service_port",
          "target_ip",
          "username_prefix"
        ],
        "unset_required": []
      },
      "language": "python",
      "name": "Git: HTTP Bare Repository",
      "next_node_id": "12",
      "next_node_name": "docker-9",
      "node_id": "13",
      "output_fields": [
        "Directory(host, path)",
        "Endpoint(path)",
        "ExposedSecret(service)",
        "File(path)",
        "Flag(flag_id)",
        "FlagDelivery(mode)",
        "FlagFile(path)",
        "PortForward(host, port)",
        "SourceCode(repo)",
        "Version(service)"
      ],
      "outputs": [
        "Directory(host, path)",
        "Endpoint(path)",
        "ExposedSecret(service)",
        "File(path)",
        "Flag(flag_id)",
        "FlagDelivery(mode)",
        "FlagFile(path)",
        "PortForward(host, port)",
        "SourceCode(repo)",
        "Version(service)",
        "Shell(docker-10)",
        "Pivot(docker-10)"
      ],
      "outputs_manifest": "/tmp/vulns/flag_node_generators_runs/flow-datasetsegmentedfirewallpivotrun02/01_git_http_bare_repo_docker-10/outputs.json",
      "outputs_match": true,
      "outputs_mismatch": {
        "actual": [
          "Directory(host, path)",
          "Endpoint(path)",
          "ExposedSecret(service)",
          "File(path)",
          "Flag(flag_id)",
          "FlagDelivery(mode)",
          "FlagFile(path)",
          "PortForward(host, port)",
          "SourceCode(repo)",
          "Version(service)"
        ],
        "declared": [
          "Directory(host, path)",
          "Endpoint(path)",
          "ExposedSecret(service)",
          "File(path)",
          "Flag(flag_id)",
          "FlagDelivery(mode)",
          "FlagFile(path)",
          "Pivot(docker-10)",
          "PortForward(host, port)",
          "Shell(docker-10)",
          "SourceCode(repo)",
          "Version(service)"
        ],
        "extra": [],
        "missing": [],
        "ok": true
      },
      "pivot": [
        {
          "produces": [
            "Shell(docker-10)",
            "Pivot(docker-10)"
          ],
          "provider": "ssh-fallback",
          "provider_label": "Docker SSH",
          "requires": [],
          "role": "source",
          "source": "docker-10",
          "target": "docker-8"
        },
        {
          "produces": [
            "Shell(docker-10)",
            "Pivot(docker-10)"
          ],
          "provider": "ssh-fallback",
          "provider_label": "Docker SSH",
          "requires": [],
          "role": "source",
          "source": "docker-10",
          "target": "docker-9"
        },
        {
          "produces": [
            "Shell(docker-10)",
            "Pivot(docker-10)"
          ],
          "provider": "ssh-fallback",
          "provider_label": "Docker SSH",
          "requires": [],
          "role": "source",
          "source": "docker-10",
          "target": "docker-11"
        },
        {
          "produces": [
            "Shell(docker-10)",
            "Pivot(docker-10)"
          ],
          "provider": "ssh-fallback",
          "provider_label": "Docker SSH",
          "requires": [],
          "role": "source",
          "source": "docker-10",
          "target": "pivot-172-27-207-0"
        }
      ],
      "pivot_decisions": [
        {
          "disposition": "own_step",
          "entry_kind": "vulnerability",
          "entry_port": 80,
          "granting_facts": [],
          "hint_level": "medium",
          "hint_levels": {
            "medium": [
              "Exploit the vulnerability on docker-8:80, then pivot through it to reach 10.61.107.0/24."
            ]
          },
          "insert_before": 2,
          "instruction": "Exploit the vulnerability on docker-8:80, then pivot through it to reach 10.61.107.0/24.",
          "provider_address": "10.61.107.5",
          "provider_challenge": "docker-8",
          "provider_node": "docker-8",
          "reason": "the challenge on docker-8 does not grant code execution there, so reaching 10.61.107.0/24 through it is separate work",
          "subnet": "10.61.107.0/24"
        },
        {
          "disposition": "own_step",
          "entry_kind": "ssh",
          "entry_port": 2222,
          "granting_facts": [],
          "hint_level": "high",
          "hint_levels": {
            "high": [
              "Gain access over SSH on pivot-172-27-207-0:2222, then pivot through it to reach 172.27.207.0/24."
            ]
          },
          "insert_before": 1,
          "instruction": "Gain access over SSH on pivot-172-27-207-0:2222, then pivot through it to reach 172.27.207.0/24.",
          "provider_address": "172.27.207.2",
          "provider_challenge": "",
          "provider_node": "pivot-172-27-207-0",
          "reason": "pivot-172-27-207-0 carries no chain challenge, so crossing into 172.27.207.0/24 is work on its own",
          "subnet": "172.27.207.0/24"
        }
      ],
      "pivot_hints": [
        "Pivot source: establish access on docker-10 using Docker SSH to unlock 4 pivot-only targets (docker-8, docker-9, docker-11, pivot-172-27-207-0). Produces: Shell(docker-10), Pivot(docker-10)."
      ],
      "pivot_inputs": [],
      "pivot_outputs": [
        "Pivot(docker-10)",
        "Shell(docker-10)"
      ],
      "pivot_summary": [
        "source: docker-10 -> docker-8",
        "source: docker-10 -> docker-9",
        "source: docker-10 -> docker-11",
        "source: docker-10 -> pivot-172-27-207-0"
      ],
      "produces": [
        "Directory(host, path)",
        "Endpoint(path)",
        "ExposedSecret(service)",
        "File(path)",
        "Flag(flag_id)",
        "FlagDelivery(mode)",
        "FlagFile(path)",
        "PortForward(host, port)",
        "SourceCode(repo)",
        "Version(service)",
        "Shell(docker-10)",
        "Pivot(docker-10)"
      ],
      "promoted_first_step_hint_lines": [],
      "promoted_first_step_hint_templates": [],
      "promoted_first_step_hints": [],
      "requires": [],
      "resolved_inputs": {
        "Knowledge(ip)": "10.0.107.6",
        "challenge": "challenge_datasetsegmentedfirewallpivotrun02_13",
        "env_name": "env_datasetsegmentedfirewallpivotrun02_13",
        "flag_prefix": "FLAG",
        "flag_seed": "1786493170",
        "host_ip": "10.0.107.6",
        "ip4": "10.0.107.6",
        "ipv4": "10.0.107.6",
        "key_len": 16,
        "node_name": "docker-10",
        "secret": "FLOWSECRET_793857018:1786493170_datasetsegmentedfirewallpivotrun02_13_1786493170:1786493182791",
        "seed": "793857018:1786493170:datasetsegmentedfirewallpivotrun02:13:git_http_bare_repo:0:1786493182791",
        "seed_ts": 1786493182791,
        "service_port": 19418,
        "target_ip": "10.0.107.6",
        "username_prefix": "user"
      },
      "resolved_outputs": {
        "Directory(host, path)": "/tmp/vulns/flag_node_generators_runs/flow-datasetsegmentedfirewallpivotrun02/01_git_http_bare_repo_docker-10/service",
        "Endpoint(path)": "/repo/config",
        "ExposedSecret(service)": "git_config_secret",
        "File(path)": "/tmp/vulns/flag_node_generators_runs/flow-datasetsegmentedfirewallpivotrun02/01_git_http_bare_repo_docker-10/docker-compose.yml",
        "Flag(flag_id)": "FLAG{874919b386c1655587e8}",
        "FlagDelivery(mode)": "file",
        "FlagFile(path)": "/tmp/vulns/flag_node_generators_runs/flow-datasetsegmentedfirewallpivotrun02/01_git_http_bare_repo_docker-10/service/repo/config",
        "PortForward(host, port)": 19418,
        "SourceCode(repo)": "ops_mirror",
        "Version(service)": "git-simulated-git"
      },
      "resolved_paths": {
        "artifacts_dir": {
          "is_remote": true,
          "path": "/tmp/vulns/flag_node_generators_runs/flow-datasetsegmentedfirewallpivotrun02/01_git_http_bare_repo_docker-10"
        },
        "inject_source_dir": {
          "is_remote": true,
          "path": "/tmp/vulns/flag_node_generators_runs/flow-datasetsegmentedfirewallpivotrun02/01_git_http_bare_repo_docker-10"
        },
        "inject_sources": [
          {
            "is_remote": true,
            "path": "/tmp/vulns/flag_node_generators_runs/flow-datasetsegmentedfirewallpivotrun02/01_git_http_bare_repo_docker-10/service"
          }
        ]
      },
      "type": "flag-node-generator",
      "vuln_metadata_missing": [],
      "vuln_provides": [],
      "vuln_requires": [],
      "vulnerabilities": []
    },
    {
      "actual_outputs": [
        "Credential(user, password)",
        "Directory(host, path)",
        "File(path)",
        "Flag(flag_id)",
        "FlagDelivery(mode)",
        "FlagFile(path)",
        "PortForward(host, port)"
      ],
      "artifacts_dir": "/tmp/vulns/flag_node_generators_runs/flow-datasetsegmentedfirewallpivotrun02/02_ssh_password_finance_terminal_docker-9",
      "chain_supplied_input_hints": [
        "Sequence 2 required supplied input: Credential(user, password)=user_63e2de / pass_58887bbe3851."
      ],
      "chain_supplied_input_values": {
        "Credential(user, password)": "user_63e2de:pass_58887bbe3851"
      },
      "chain_supplied_inputs": [
        "Credential(user, password)"
      ],
      "chain_supplied_parallel_start": true,
      "chain_supplied_required_title": "Required by sequence 2",
      "chain_supplied_requirement_label": "Seq 2 required",
      "chain_supplied_sequence_index": 2,
      "config": {
        "Credential(user, password)": "user_63e2de:pass_58887bbe3851",
        "Knowledge(ip)": "172.27.207.5",
        "challenge": "challenge_datasetsegmentedfirewallpivotrun02_12",
        "env_name": "env_datasetsegmentedfirewallpivotrun02_12",
        "flag_prefix": "FLAG",
        "flag_seed": "1786493170",
        "host_ip": "172.27.207.5",
        "ip4": "172.27.207.5",
        "ipv4": "172.27.207.5",
        "key_len": 16,
        "node_name": "docker-9",
        "secret": "FLOWSECRET_793857018:1786493170_datasetsegmentedfirewallpivotrun02_12_1786493170:1786493190254",
        "seed": "793857018:1786493170:datasetsegmentedfirewallpivotrun02:12:ssh_password_finance_terminal:0:1786493190254",
        "seed_ts": 1786493190254,
        "ssh_port": 2222,
        "target_ip": "172.27.207.5",
        "username_prefix": "user"
      },
      "config_overrides": {
        "Credential(user, password)": "user_63e2de:pass_58887bbe3851"
      },
      "declared_outputs": [
        "Credential(user, password)",
        "Directory(host, path)",
        "File(path)",
        "Flag(flag_id)",
        "FlagDelivery(mode)",
        "FlagFile(path)",
        "PortForward(host, port)"
      ],
      "description": "Password-authenticated SSH node with finance records, ledgers, and reconciliation exports.",
      "description_hints": [],
      "flag_generator": "SSH",
      "generated": true,
      "generation_note": "ok",
      "generator_catalog": "flag_node_generators",
      "hint": "Review finance terminal records before moving to docker-11 (10.61.107.6).",
      "hint_level_templates": {
        "high": [
          "SSH into the finance account: Use password {{PASSWORD}}.",
          "Search reconciliation records",
          "Record accounting evidence: Record the flag and the reconciliation filename."
        ],
        "low": [
          "Review finance terminal records before moving to {{NEXT_NODE_NAME}}."
        ],
        "medium": [
          "Credential artifact: {{OUTPUT.Credential(user,password)}}"
        ]
      },
      "hint_levels": {
        "high": [
          "SSH into the finance account: Use password {{PASSWORD}}.",
          "Search reconciliation records",
          "Record accounting evidence: Record the flag and the reconciliation filename."
        ],
        "low": [
          "Review finance terminal records before moving to docker-11 (10.61.107.6)."
        ],
        "medium": [
          "Credential artifact: user_63e2de:pass_58887bbe3851"
        ]
      },
      "hint_next_node_id": "",
      "hint_template": "Review finance terminal records before moving to {{NEXT_NODE_NAME}}.",
      "hint_templates": [
        "Review finance terminal records before moving to {{NEXT_NODE_NAME}}."
      ],
      "hints": [
        "Review finance terminal records before moving to docker-11 (10.61.107.6)."
      ],
      "id": "ssh_password_finance_terminal",
      "inject_candidate_paths": [
        "/home/finance/reconciliations",
        "/opt/accounting/export",
        "/var/tmp/finance_drop",
        "/srv/finance-terminal"
      ],
      "inject_files": [
        "workspace"
      ],
      "inject_source_dir": "/tmp/vulns/flag_node_generators_runs/flow-datasetsegmentedfirewallpivotrun02/02_ssh_password_finance_terminal_docker-9",
      "input_defs": [
        {
          "name": "seed",
          "required": true,
          "type": "string"
        },
        {
          "name": "node_name",
          "required": true,
          "type": "string"
        },
        {
          "name": "flag_prefix",
          "required": false,
          "type": "string"
        },
        {
          "default": 2222,
          "name": "ssh_port",
          "required": false,
          "type": "number"
        },
        {
          "flow_supply_when_first": true,
          "name": "Credential(user, password)",
          "required": true,
          "type": "string"
        }
      ],
      "input_fields": [
        "Credential(user, password)",
        "flag_prefix",
        "node_name",
        "seed",
        "ssh_port"
      ],
      "input_fields_optional": [
        "flag_prefix",
        "ssh_port"
      ],
      "input_fields_required": [
        "Credential(user, password)",
        "node_name",
        "seed"
      ],
      "inputs": [
        "Credential(user, password)",
        "Pivot(docker-10)",
        "node_name",
        "seed"
      ],
      "inputs_match": true,
      "inputs_mismatch": {
        "declared_required": [
          "Credential(user, password)",
          "node_name",
          "seed"
        ],
        "dropped": [],
        "missing_required": [],
        "ok": true,
        "provided": [
          "Credential(user, password)",
          "Knowledge(ip)",
          "challenge",
          "env_name",
          "flag_prefix",
          "flag_seed",
          "host_ip",
          "ip4",
          "ipv4",
          "key_len",
          "node_name",
          "secret",
          "seed",
          "seed_ts",
          "ssh_port",
          "target_ip",
          "username_prefix"
        ],
        "unset_required": []
      },
      "language": "python",
      "name": "SSH: Password Finance Terminal",
      "next_node_id": "14",
      "next_node_name": "docker-11",
      "node_id": "12",
      "output_fields": [
        "Credential(user, password)",
        "Directory(host, path)",
        "File(path)",
        "Flag(flag_id)",
        "FlagDelivery(mode)",
        "FlagFile(path)",
        "PortForward(host, port)"
      ],
      "outputs": [
        "Credential(user, password)",
        "Directory(host, path)",
        "File(path)",
        "Flag(flag_id)",
        "FlagDelivery(mode)",
        "FlagFile(path)",
        "PortForward(host, port)"
      ],
      "outputs_manifest": "/tmp/vulns/flag_node_generators_runs/flow-datasetsegmentedfirewallpivotrun02/02_ssh_password_finance_terminal_docker-9/outputs.json",
      "outputs_match": true,
      "outputs_mismatch": {
        "actual": [
          "Credential(user, password)",
          "Directory(host, path)",
          "File(path)",
          "Flag(flag_id)",
          "FlagDelivery(mode)",
          "FlagFile(path)",
          "PortForward(host, port)"
        ],
        "declared": [
          "Credential(user, password)",
          "Directory(host, path)",
          "File(path)",
          "Flag(flag_id)",
          "FlagDelivery(mode)",
          "FlagFile(path)",
          "PortForward(host, port)"
        ],
        "extra": [],
        "missing": [],
        "ok": true
      },
      "pivot": [
        {
          "exposure": "pivot-only",
          "inferred_target_ports": [],
          "produces": [],
          "provider": "ssh-fallback",
          "provider_label": "Docker SSH",
          "requires": [
            "Pivot(docker-10)"
          ],
          "role": "target",
          "source": "docker-10",
          "target": "docker-9",
          "target_ports": [],
          "target_protocols": []
        }
      ],
      "pivot_decisions": [
        {
          "disposition": "own_step",
          "entry_kind": "vulnerability",
          "entry_port": 80,
          "granting_facts": [],
          "hint_level": "medium",
          "hint_levels": {
            "medium": [
              "Exploit the vulnerability on docker-8:80, then pivot through it to reach 10.61.107.0/24."
            ]
          },
          "insert_before": 2,
          "instruction": "Exploit the vulnerability on docker-8:80, then pivot through it to reach 10.61.107.0/24.",
          "provider_address": "10.61.107.5",
          "provider_challenge": "docker-8",
          "provider_node": "docker-8",
          "reason": "the challenge on docker-8 does not grant code execution there, so reaching 10.61.107.0/24 through it is separate work",
          "subnet": "10.61.107.0/24"
        },
        {
          "disposition": "own_step",
          "entry_kind": "ssh",
          "entry_port": 2222,
          "granting_facts": [],
          "hint_level": "high",
          "hint_levels": {
            "high": [
              "Gain access over SSH on pivot-172-27-207-0:2222, then pivot through it to reach 172.27.207.0/24."
            ]
          },
          "insert_before": 1,
          "instruction": "Gain access over SSH on pivot-172-27-207-0:2222, then pivot through it to reach 172.27.207.0/24.",
          "provider_address": "172.27.207.2",
          "provider_challenge": "",
          "provider_node": "pivot-172-27-207-0",
          "reason": "pivot-172-27-207-0 carries no chain challenge, so crossing into 172.27.207.0/24 is work on its own",
          "subnet": "172.27.207.0/24"
        }
      ],
      "pivot_hints": [
        "Pivot required: reach docker-9 through docker-10 after the pivot source is solved. Required fact: Pivot(docker-10)."
      ],
      "pivot_inputs": [
        "Pivot(docker-10)"
      ],
      "pivot_outputs": [],
      "pivot_summary": [
        "target: docker-10 -> docker-9"
      ],
      "produces": [
        "Credential(user, password)",
        "Directory(host, path)",
        "File(path)",
        "Flag(flag_id)",
        "FlagDelivery(mode)",
        "FlagFile(path)",
        "PortForward(host, port)"
      ],
      "promoted_first_step_hint_lines": [],
      "promoted_first_step_hint_templates": [],
      "promoted_first_step_hints": [],
      "requires": [
        "Credential(user, password)",
        "Pivot(docker-10)"
      ],
      "resolved_inputs": {
        "Credential(user, password)": "user_63e2de:pass_58887bbe3851",
        "Knowledge(ip)": "172.27.207.5",
        "challenge": "challenge_datasetsegmentedfirewallpivotrun02_12",
        "env_name": "env_datasetsegmentedfirewallpivotrun02_12",
        "flag_prefix": "FLAG",
        "flag_seed": "1786493170",
        "host_ip": "172.27.207.5",
        "ip4": "172.27.207.5",
        "ipv4": "172.27.207.5",
        "key_len": 16,
        "node_name": "docker-9",
        "secret": "FLOWSECRET_793857018:1786493170_datasetsegmentedfirewallpivotrun02_12_1786493170:1786493190254",
        "seed": "793857018:1786493170:datasetsegmentedfirewallpivotrun02:12:ssh_password_finance_terminal:0:1786493190254",
        "seed_ts": 1786493190254,
        "ssh_port": 2222,
        "target_ip": "172.27.207.5",
        "username_prefix": "user"
      },
      "resolved_outputs": {
        "Credential(user, password)": "user_63e2de:pass_58887bbe3851",
        "Directory(host, path)": "/tmp/vulns/flag_node_generators_runs/flow-datasetsegmentedfirewallpivotrun02/02_ssh_password_finance_terminal_docker-9/finance",
        "File(path)": "/tmp/vulns/flag_node_generators_runs/flow-datasetsegmentedfirewallpivotrun02/02_ssh_password_finance_terminal_docker-9/docker-compose.yml",
        "Flag(flag_id)": "FLAG{be5c3328a0dc4b75716f}",
        "FlagDelivery(mode)": "file",
        "FlagFile(path)": "/tmp/vulns/flag_node_generators_runs/flow-datasetsegmentedfirewallpivotrun02/02_ssh_password_finance_terminal_docker-9/workspace/finance/reconciliations/q2-be5c3328a0.csv",
        "PortForward(host, port)": 2222
      },
      "resolved_paths": {
        "artifacts_dir": {
          "is_remote": true,
          "path": "/tmp/vulns/flag_node_generators_runs/flow-datasetsegmentedfirewallpivotrun02/02_ssh_password_finance_terminal_docker-9"
        },
        "inject_source_dir": {
          "is_remote": true,
          "path": "/tmp/vulns/flag_node_generators_runs/flow-datasetsegmentedfirewallpivotrun02/02_ssh_password_finance_terminal_docker-9"
        },
        "inject_sources": [
          {
            "is_remote": true,
            "path": "/tmp/vulns/flag_node_generators_runs/flow-datasetsegmentedfirewallpivotrun02/02_ssh_password_finance_terminal_docker-9/workspace"
          }
        ]
      },
      "type": "flag-node-generator",
      "vuln_metadata_missing": [],
      "vuln_provides": [],
      "vuln_requires": [],
      "vulnerabilities": []
    },
    {
      "actual_outputs": [
        "APIKey(service)",
        "Credential(user, password)",
        "Directory(host, path)",
        "Endpoint(path)",
        "File(path)",
        "Flag(flag_id)",
        "FlagDelivery(mode)",
        "FlagFile(path)",
        "PortForward(host, port)",
        "SourceCode(repo)",
        "Version(service)"
      ],
      "artifacts_dir": "/tmp/vulns/flag_node_generators_runs/flow-datasetsegmentedfirewallpivotrun02/03_git_deploy_key_repo_docker-11",
      "config": {
        "Knowledge(ip)": "10.61.107.6",
        "challenge": "challenge_datasetsegmentedfirewallpivotrun02_14",
        "env_name": "env_datasetsegmentedfirewallpivotrun02_14",
        "flag_prefix": "FLAG",
        "flag_seed": "1786493170",
        "host_ip": "10.61.107.6",
        "ip4": "10.61.107.6",
        "ipv4": "10.61.107.6",
        "key_len": 16,
        "node_name": "docker-11",
        "secret": "FLOWSECRET_793857018:1786493170_datasetsegmentedfirewallpivotrun02_14_1786493170:1786493197546",
        "seed": "793857018:1786493170:datasetsegmentedfirewallpivotrun02:14:git_deploy_key_repo:0:1786493197546",
        "seed_ts": 1786493197546,
        "service_port": 19418,
        "target_ip": "10.61.107.6",
        "username_prefix": "user"
      },
      "declared_outputs": [
        "APIKey(service)",
        "Credential(user, password)",
        "Directory(host, path)",
        "Endpoint(path)",
        "File(path)",
        "Flag(flag_id)",
        "FlagDelivery(mode)",
        "FlagFile(path)",
        "PortForward(host, port)",
        "SourceCode(repo)",
        "Version(service)"
      ],
      "description": "Credentialed Git-style deploy repository with an API key and recovery flag.",
      "description_hints": [],
      "flag_generator": "Git",
      "generated": true,
      "generation_note": "ok",
      "generator_catalog": "flag_node_generators",
      "hint": "Use the deploy repo credentials before moving to docker-8 (10.61.107.5).",
      "hint_level_templates": {
        "high": [
          "Connect to the Git-style service",
          "Authenticate and read deploy material",
          "Record the deploy marker: Record the flag and API key from the deploy environment file."
        ],
        "low": [
          "Use the deploy repo credentials before moving to {{NEXT_NODE_NAME}}."
        ],
        "medium": [
          "Credential artifact: {{OUTPUT.Credential(user,password)}}"
        ]
      },
      "hint_levels": {
        "high": [
          "Connect to the Git-style service",
          "Authenticate and read deploy material",
          "Record the deploy marker: Record the flag and API key from the deploy environment file."
        ],
        "low": [
          "Use the deploy repo credentials before moving to docker-8 (10.61.107.5)."
        ],
        "medium": [
          "Credential artifact: gitdeploy_d24ed7:Svc-2b16!"
        ]
      },
      "hint_next_node_id": "",
      "hint_template": "Use the deploy repo credentials before moving to {{NEXT_NODE_NAME}}.",
      "hint_templates": [
        "Use the deploy repo credentials before moving to {{NEXT_NODE_NAME}}."
      ],
      "hints": [
        "Use the deploy repo credentials before moving to docker-8 (10.61.107.5)."
      ],
      "id": "git_deploy_key_repo",
      "inject_candidate_paths": [
        "/srv/git/deploy.git",
        "/var/www/git/deploy",
        "/opt/git/deploy",
        "/home/git/repositories/deploy.git"
      ],
      "inject_files": [
        "service"
      ],
      "inject_source_dir": "/tmp/vulns/flag_node_generators_runs/flow-datasetsegmentedfirewallpivotrun02/03_git_deploy_key_repo_docker-11",
      "input_fields": [
        "Credential(user, password)",
        "flag_prefix",
        "node_name",
        "seed",
        "service_port"
      ],
      "input_fields_optional": [
        "Credential(user, password)",
        "flag_prefix",
        "service_port"
      ],
      "input_fields_required": [
        "node_name",
        "seed"
      ],
      "inputs": [
        "node_name",
        "seed",
        "Pivot(docker-10)"
      ],
      "inputs_match": true,
      "inputs_mismatch": {
        "declared_required": [
          "node_name",
          "seed"
        ],
        "dropped": [],
        "missing_required": [],
        "ok": true,
        "provided": [
          "Knowledge(ip)",
          "challenge",
          "env_name",
          "flag_prefix",
          "flag_seed",
          "host_ip",
          "ip4",
          "ipv4",
          "key_len",
          "node_name",
          "secret",
          "seed",
          "seed_ts",
          "service_port",
          "target_ip",
          "username_prefix"
        ],
        "unset_required": []
      },
      "language": "python",
      "name": "Git: Deploy Key Repository",
      "next_node_id": "11",
      "next_node_name": "docker-8",
      "node_id": "14",
      "output_fields": [
        "APIKey(service)",
        "Credential(user, password)",
        "Directory(host, path)",
        "Endpoint(path)",
        "File(path)",
        "Flag(flag_id)",
        "FlagDelivery(mode)",
        "FlagFile(path)",
        "PortForward(host, port)",
        "SourceCode(repo)",
        "Version(service)"
      ],
      "outputs": [
        "APIKey(service)",
        "Credential(user, password)",
        "Directory(host, path)",
        "Endpoint(path)",
        "File(path)",
        "Flag(flag_id)",
        "FlagDelivery(mode)",
        "FlagFile(path)",
        "PortForward(host, port)",
        "SourceCode(repo)",
        "Version(service)"
      ],
      "outputs_manifest": "/tmp/vulns/flag_node_generators_runs/flow-datasetsegmentedfirewallpivotrun02/03_git_deploy_key_repo_docker-11/outputs.json",
      "outputs_match": true,
      "outputs_mismatch": {
        "actual": [
          "APIKey(service)",
          "Credential(user, password)",
          "Directory(host, path)",
          "Endpoint(path)",
          "File(path)",
          "Flag(flag_id)",
          "FlagDelivery(mode)",
          "FlagFile(path)",
          "PortForward(host, port)",
          "SourceCode(repo)",
          "Version(service)"
        ],
        "declared": [
          "APIKey(service)",
          "Credential(user, password)",
          "Directory(host, path)",
          "Endpoint(path)",
          "File(path)",
          "Flag(flag_id)",
          "FlagDelivery(mode)",
          "FlagFile(path)",
          "PortForward(host, port)",
          "SourceCode(repo)",
          "Version(service)"
        ],
        "extra": [],
        "missing": [],
        "ok": true
      },
      "pivot": [
        {
          "exposure": "pivot-only",
          "inferred_target_ports": [],
          "produces": [],
          "provider": "ssh-fallback",
          "provider_label": "Docker SSH",
          "requires": [
            "Pivot(docker-10)"
          ],
          "role": "target",
          "source": "docker-10",
          "target": "docker-11",
          "target_ports": [],
          "target_protocols": []
        }
      ],
      "pivot_decisions": [
        {
          "disposition": "own_step",
          "entry_kind": "vulnerability",
          "entry_port": 80,
          "granting_facts": [],
          "hint_level": "medium",
          "hint_levels": {
            "medium": [
              "Exploit the vulnerability on docker-8:80, then pivot through it to reach 10.61.107.0/24."
            ]
          },
          "insert_before": 2,
          "instruction": "Exploit the vulnerability on docker-8:80, then pivot through it to reach 10.61.107.0/24.",
          "provider_address": "10.61.107.5",
          "provider_challenge": "docker-8",
          "provider_node": "docker-8",
          "reason": "the challenge on docker-8 does not grant code execution there, so reaching 10.61.107.0/24 through it is separate work",
          "subnet": "10.61.107.0/24"
        },
        {
          "disposition": "own_step",
          "entry_kind": "ssh",
          "entry_port": 2222,
          "granting_facts": [],
          "hint_level": "high",
          "hint_levels": {
            "high": [
              "Gain access over SSH on pivot-172-27-207-0:2222, then pivot through it to reach 172.27.207.0/24."
            ]
          },
          "insert_before": 1,
          "instruction": "Gain access over SSH on pivot-172-27-207-0:2222, then pivot through it to reach 172.27.207.0/24.",
          "provider_address": "172.27.207.2",
          "provider_challenge": "",
          "provider_node": "pivot-172-27-207-0",
          "reason": "pivot-172-27-207-0 carries no chain challenge, so crossing into 172.27.207.0/24 is work on its own",
          "subnet": "172.27.207.0/24"
        }
      ],
      "pivot_hints": [
        "Pivot required: reach docker-11 through docker-10 after the pivot source is solved. Required fact: Pivot(docker-10)."
      ],
      "pivot_inputs": [
        "Pivot(docker-10)"
      ],
      "pivot_outputs": [],
      "pivot_summary": [
        "target: docker-10 -> docker-11"
      ],
      "produces": [
        "APIKey(service)",
        "Credential(user, password)",
        "Directory(host, path)",
        "Endpoint(path)",
        "File(path)",
        "Flag(flag_id)",
        "FlagDelivery(mode)",
        "FlagFile(path)",
        "PortForward(host, port)",
        "SourceCode(repo)",
        "Version(service)"
      ],
      "promoted_first_step_hint_lines": [],
      "promoted_first_step_hint_templates": [],
      "promoted_first_step_hints": [],
      "requires": [
        "Pivot(docker-10)"
      ],
      "resolved_inputs": {
        "Knowledge(ip)": "10.61.107.6",
        "challenge": "challenge_datasetsegmentedfirewallpivotrun02_14",
        "env_name": "env_datasetsegmentedfirewallpivotrun02_14",
        "flag_prefix": "FLAG",
        "flag_seed": "1786493170",
        "host_ip": "10.61.107.6",
        "ip4": "10.61.107.6",
        "ipv4": "10.61.107.6",
        "key_len": 16,
        "node_name": "docker-11",
        "secret": "FLOWSECRET_793857018:1786493170_datasetsegmentedfirewallpivotrun02_14_1786493170:1786493197546",
        "seed": "793857018:1786493170:datasetsegmentedfirewallpivotrun02:14:git_deploy_key_repo:0:1786493197546",
        "seed_ts": 1786493197546,
        "service_port": 19418,
        "target_ip": "10.61.107.6",
        "username_prefix": "user"
      },
      "resolved_outputs": {
        "APIKey(service)": "ak_90f183661fbbd4851c013a77b054",
        "Credential(user, password)": "gitdeploy_d24ed7:Svc-2b16!",
        "Directory(host, path)": "/tmp/vulns/flag_node_generators_runs/flow-datasetsegmentedfirewallpivotrun02/03_git_deploy_key_repo_docker-11/service",
        "Endpoint(path)": "/repo/deploy.env",
        "File(path)": "/tmp/vulns/flag_node_generators_runs/flow-datasetsegmentedfirewallpivotrun02/03_git_deploy_key_repo_docker-11/docker-compose.yml",
        "Flag(flag_id)": "FLAG{d24ed72b161c8a08348f}",
        "FlagDelivery(mode)": "file",
        "FlagFile(path)": "/tmp/vulns/flag_node_generators_runs/flow-datasetsegmentedfirewallpivotrun02/03_git_deploy_key_repo_docker-11/service/repo/deploy.env",
        "PortForward(host, port)": 19418,
        "SourceCode(repo)": "deploy_repo",
        "Version(service)": "git-simulated-git"
      },
      "resolved_paths": {
        "artifacts_dir": {
          "is_remote": true,
          "path": "/tmp/vulns/flag_node_generators_runs/flow-datasetsegmentedfirewallpivotrun02/03_git_deploy_key_repo_docker-11"
        },
        "inject_source_dir": {
          "is_remote": true,
          "path": "/tmp/vulns/flag_node_generators_runs/flow-datasetsegmentedfirewallpivotrun02/03_git_deploy_key_repo_docker-11"
        },
        "inject_sources": [
          {
            "is_remote": true,
            "path": "/tmp/vulns/flag_node_generators_runs/flow-datasetsegmentedfirewallpivotrun02/03_git_deploy_key_repo_docker-11/service"
          }
        ]
      },
      "type": "flag-node-generator",
      "vuln_metadata_missing": [],
      "vuln_provides": [],
      "vuln_requires": [],
      "vulnerabilities": []
    },
    {
      "actual_outputs": [
        "Checksum(sha256)",
        "Encoded(value)",
        "Encoding(name)",
        "File(path)",
        "Flag(flag_id)",
        "FlagDelivery(mode)"
      ],
      "artifacts_dir": "/tmp/vulns/flag_generators_runs/flow-datasetsegmentedfirewallpivotrun02/04_encoded_base64_dispatch_docker-8",
      "config": {
        "Knowledge(ip)": "10.61.107.5",
        "challenge": "challenge_datasetsegmentedfirewallpivotrun02_11",
        "env_name": "env_datasetsegmentedfirewallpivotrun02_11",
        "flag_prefix": "FLAG",
        "flag_seed": "1786493170",
        "host_ip": "10.61.107.5",
        "ip4": "10.61.107.5",
        "ipv4": "10.61.107.5",
        "key_len": 16,
        "node_name": "docker-8",
        "secret": "FLOWSECRET_793857018:1786493170_datasetsegmentedfirewallpivotrun02_11_1786493170:1786493205002",
        "seed": "793857018:1786493170:datasetsegmentedfirewallpivotrun02:11:encoded_base64_dispatch:0:1786493205002",
        "seed_ts": 1786493205002,
        "target_ip": "10.61.107.5",
        "username_prefix": "user"
      },
      "declared_outputs": [
        "Checksum(sha256)",
        "Encoded(value)",
        "Encoding(name)",
        "File(path)",
        "Flag(flag_id)",
        "FlagDelivery(mode)"
      ],
      "description": "Generate a dispatch note whose handoff details are base64 encoded.",
      "description_hints": [],
      "flag_generator": "Encoded",
      "generated": true,
      "generation_note": "ok",
      "generator_catalog": "flag_generators",
      "hint": "Decode /flow_injects/dispatch_note.b64 on.",
      "hint_level_templates": {
        "high": [
          "Inspect the generated artifact contents for the complete workflow."
        ],
        "low": [
          "Decode /flow_injects/{{OUTPUT.File(path):basename}} on {{NEXT_NODE_NAME}} @ {{NEXT_NODE_IP}}."
        ],
        "medium": [
          "File/artifact: {{OUTPUT.File(path):basename}}"
        ]
      },
      "hint_levels": {
        "high": [
          "Inspect the generated artifact contents for the complete workflow."
        ],
        "low": [
          "Decode /flow_injects/dispatch_note.b64 on."
        ],
        "medium": [
          "File/artifact: dispatch_note.b64"
        ]
      },
      "hint_next_node_id": "",
      "hint_template": "Decode /flow_injects/{{OUTPUT.File(path):basename}} on {{NEXT_NODE_NAME}} @ {{NEXT_NODE_IP}}.",
      "hint_templates": [
        "Decode /flow_injects/{{OUTPUT.File(path):basename}} on {{NEXT_NODE_NAME}} @ {{NEXT_NODE_IP}}."
      ],
      "hints": [
        "Decode /flow_injects/dispatch_note.b64 on."
      ],
      "id": "encoded_base64_dispatch",
      "inject_candidate_paths": [
        "/var/www/html/assets",
        "/opt/messages",
        "/tmp/encoded"
      ],
      "inject_files": [
        "/tmp/vulns/flag_generators_runs/flow-datasetsegmentedfirewallpivotrun02/04_encoded_base64_dispatch_docker-8/artifacts/dispatch_note.b64"
      ],
      "inject_source_dir": "/tmp/vulns/flag_generators_runs/flow-datasetsegmentedfirewallpivotrun02/04_encoded_base64_dispatch_docker-8",
      "input_fields": [
        "File(path)",
        "Flag(flag_id)",
        "flag_prefix",
        "seed"
      ],
      "input_fields_optional": [
        "File(path)",
        "Flag(flag_id)",
        "flag_prefix",
        "seed"
      ],
      "input_fields_required": [],
      "inputs": [
        "Pivot(docker-10)"
      ],
      "inputs_match": true,
      "inputs_mismatch": {
        "declared_required": [],
        "dropped": [],
        "missing_required": [],
        "ok": true,
        "provided": [
          "Knowledge(ip)",
          "challenge",
          "env_name",
          "flag_prefix",
          "flag_seed",
          "host_ip",
          "ip4",
          "ipv4",
          "key_len",
          "node_name",
          "secret",
          "seed",
          "seed_ts",
          "target_ip",
          "username_prefix"
        ],
        "unset_required": []
      },
      "language": "python",
      "name": "Encoded: Base64 Dispatch Note",
      "next_node_id": "",
      "next_node_name": "",
      "node_id": "11",
      "output_fields": [
        "Checksum(sha256)",
        "Encoded(value)",
        "Encoding(name)",
        "File(path)",
        "Flag(flag_id)",
        "FlagDelivery(mode)"
      ],
      "outputs": [
        "Checksum(sha256)",
        "Encoded(value)",
        "Encoding(name)",
        "File(path)",
        "Flag(flag_id)",
        "FlagDelivery(mode)"
      ],
      "outputs_manifest": "/tmp/vulns/flag_generators_runs/flow-datasetsegmentedfirewallpivotrun02/04_encoded_base64_dispatch_docker-8/outputs.json",
      "outputs_match": true,
      "outputs_mismatch": {
        "actual": [
          "Checksum(sha256)",
          "Encoded(value)",
          "Encoding(name)",
          "File(path)",
          "Flag(flag_id)",
          "FlagDelivery(mode)"
        ],
        "declared": [
          "Checksum(sha256)",
          "Encoded(value)",
          "Encoding(name)",
          "File(path)",
          "Flag(flag_id)",
          "FlagDelivery(mode)"
        ],
        "extra": [],
        "missing": [],
        "ok": true
      },
      "pivot": [
        {
          "exposure": "pivot-only",
          "inferred_target_ports": [
            "80"
          ],
          "produces": [],
          "provider": "ssh-fallback",
          "provider_label": "Docker SSH",
          "requires": [
            "Pivot(docker-10)"
          ],
          "role": "target",
          "source": "docker-10",
          "target": "docker-8",
          "target_ports": [],
          "target_protocols": []
        }
      ],
      "pivot_decisions": [
        {
          "disposition": "own_step",
          "entry_kind": "vulnerability",
          "entry_port": 80,
          "granting_facts": [],
          "hint_level": "medium",
          "hint_levels": {
            "medium": [
              "Exploit the vulnerability on docker-8:80, then pivot through it to reach 10.61.107.0/24."
            ]
          },
          "insert_before": 2,
          "instruction": "Exploit the vulnerability on docker-8:80, then pivot through it to reach 10.61.107.0/24.",
          "provider_address": "10.61.107.5",
          "provider_challenge": "docker-8",
          "provider_node": "docker-8",
          "reason": "the challenge on docker-8 does not grant code execution there, so reaching 10.61.107.0/24 through it is separate work",
          "subnet": "10.61.107.0/24"
        },
        {
          "disposition": "own_step",
          "entry_kind": "ssh",
          "entry_port": 2222,
          "granting_facts": [],
          "hint_level": "high",
          "hint_levels": {
            "high": [
              "Gain access over SSH on pivot-172-27-207-0:2222, then pivot through it to reach 172.27.207.0/24."
            ]
          },
          "insert_before": 1,
          "instruction": "Gain access over SSH on pivot-172-27-207-0:2222, then pivot through it to reach 172.27.207.0/24.",
          "provider_address": "172.27.207.2",
          "provider_challenge": "",
          "provider_node": "pivot-172-27-207-0",
          "reason": "pivot-172-27-207-0 carries no chain challenge, so crossing into 172.27.207.0/24 is work on its own",
          "subnet": "172.27.207.0/24"
        }
      ],
      "pivot_hints": [
        "Pivot required: reach docker-8 through docker-10 after the pivot source is solved. Required fact: Pivot(docker-10)."
      ],
      "pivot_inputs": [
        "Pivot(docker-10)"
      ],
      "pivot_outputs": [],
      "pivot_summary": [
        "target: docker-10 -> docker-8"
      ],
      "produces": [
        "Checksum(sha256)",
        "Encoded(value)",
        "Encoding(name)",
        "File(path)",
        "Flag(flag_id)",
        "FlagDelivery(mode)"
      ],
      "promoted_first_step_hint_lines": [],
      "promoted_first_step_hint_templates": [],
      "promoted_first_step_hints": [],
      "requires": [
        "Pivot(docker-10)"
      ],
      "resolved_inputs": {
        "Knowledge(ip)": "10.61.107.5",
        "challenge": "challenge_datasetsegmentedfirewallpivotrun02_11",
        "env_name": "env_datasetsegmentedfirewallpivotrun02_11",
        "flag_prefix": "FLAG",
        "flag_seed": "1786493170",
        "host_ip": "10.61.107.5",
        "ip4": "10.61.107.5",
        "ipv4": "10.61.107.5",
        "key_len": 16,
        "node_name": "docker-8",
        "secret": "FLOWSECRET_793857018:1786493170_datasetsegmentedfirewallpivotrun02_11_1786493170:1786493205002",
        "seed": "793857018:1786493170:datasetsegmentedfirewallpivotrun02:11:encoded_base64_dispatch:0:1786493205002",
        "seed_ts": 1786493205002,
        "target_ip": "10.61.107.5",
        "username_prefix": "user"
      },
      "resolved_outputs": {
        "Checksum(sha256)": "d5e02652b686d281fbca912333f1aadb94a353acf0b202c51b30add01ae023bc",
        "Encoded(value)": "aGFuZG9mZj1GTEFHezM5MmE1NzNlMzkwYzdhMWY0ZWQwMjhmMX07IHRpY2tldD0wMjdlZmRjM2VlNDA7IG93bmVyPXN2Y18wMjdlZmQ=",
        "Encoding(name)": "base64",
        "File(path)": "/tmp/vulns/flag_generators_runs/flow-datasetsegmentedfirewallpivotrun02/04_encoded_base64_dispatch_docker-8/artifacts/dispatch_note.b64",
        "Flag(flag_id)": "FLAG{392a573e390c7a1f4ed028f1}",
        "FlagDelivery(mode)": "embedded"
      },
      "resolved_paths": {
        "artifacts_dir": {
          "is_remote": true,
          "path": "/tmp/vulns/flag_generators_runs/flow-datasetsegmentedfirewallpivotrun02/04_encoded_base64_dispatch_docker-8"
        },
        "inject_source_dir": {
          "is_remote": true,
          "path": "/tmp/vulns/flag_generators_runs/flow-datasetsegmentedfirewallpivotrun02/04_encoded_base64_dispatch_docker-8"
        },
        "inject_sources": [
          {
            "is_remote": true,
            "path": "/tmp/vulns/flag_generators_runs/flow-datasetsegmentedfirewallpivotrun02/04_encoded_base64_dispatch_docker-8/artifacts/dispatch_note.b64"
          }
        ]
      },
      "type": "flag-generator",
      "vuln_metadata_missing": [
        "drupal/CVE-2019-6341"
      ],
      "vuln_provides": [],
      "vuln_requires": [],
      "vulnerabilities": [
        "drupal/CVE-2019-6341"
      ]
    }
  ],
  "flags_enabled": true,
  "flow_errors": [],
  "flow_errors_detail": "assignments=4 assignments_with_id=4 chain_nodes=4 chain_ids=13,12,14,11",
  "flow_valid": true,
  "generation_failures": [],
  "generation_skipped": [],
  "generator_execution_mode": "remote",
  "generator_execution_requested": true,
  "generator_runs": [
    {
      "generator_id": "git_http_bare_repo",
      "log_path": "/Users/jcacosta/Documents/GitHub/scenarioforge/outputs/logs/flow_generator_logs/git_http_bare_repo_docker-10_08-11-26-18-06-23-76dc1fd4ac.log",
      "manifest": "/tmp/vulns/flag_node_generators_runs/flow-datasetsegmentedfirewallpivotrun02/01_git_http_bare_repo_docker-10/outputs.json",
      "node_id": "13",
      "node_name": "docker-10",
      "note": "ok",
      "ok": true,
      "out_dir": "/tmp/vulns/flag_node_generators_runs/flow-datasetsegmentedfirewallpivotrun02/01_git_http_bare_repo_docker-10",
      "stderr": "",
      "stdout": "[compose] generator source digest 08e160bd4ec7 for /tmp/scenarioforge/outputs/installed_generators/flag_node_generators/p_07-01-26-15-10-01-808f43__40\n[compose] generator image coretg-gen-p-07-01-26-15-10-01-808f43-40-generator-08e160bd4ec7:latest not cached; will build now\n#1 [internal] load local bake definitions\n#1 reading from stdin 783B done\n#1 DONE 0.0s\n\n#2 [internal] load build definition from Dockerfile\n#2 transferring dockerfile: 143B done\n#2 DONE 0.1s\n\n#3 [internal] load metadata for docker.io/library/python:3.11-slim\n#3 DONE 0.6s\n\n#4 [internal] load .dockerignore\n#4 transferring context: 2B done\n#4 DONE 0.1s\n\n#5 [internal] load build context\n#5 transferring context: 27.97kB done\n#5 DONE 0.1s\n\n#6 [1/3] FROM docker.io/library/python:3.11-slim@sha256:90744cff8f32887f075c47d747a173ff333e9e98801667af93c357fa9f5e28ff\n#6 resolve docker.io/library/python:3.11-slim@sha256:90744cff8f32887f075c47d747a173ff333e9e98801667af93c357fa9f5e28ff 0.1s done\n#6 DONE 0.1s\n\n#7 [2/3] WORKDIR /app\n#7 CACHED\n\n#8 [3/3] COPY generator.py /app/generator.py\n#8 DONE 0.1s\n\n#9 exporting to image\n#9 exporting layers\n#9 exporting layers 0.2s done\n#9 exporting manifest sha256:713848b18a6339d7dca92489cbe3f4b7b41b37e9e87722947f71b64abb5ca4f4 0.0s done\n#9 exporting config sha256:da42edb501b89603acb1ee7d25c7ed7417d8e4ee281b2ba3f60fa1f52840d27e\n#9 exporting config sha256:da42edb501b89603acb1ee7d25c7ed7417d8e4ee281b2ba3f60fa1f52840d27e 0.0s done\n#9 exporting attestation manifest sha256:3bafa09262d8851bc85f15e3ad661884dfa814a8a5f888e68866dd7f8ba0ec3f 0.1s done\n#9 exporting manifest list sha256:1390feb801c976ab2344642dc1b656f816179210a13e615a38eb08313590a387\n#9 exporting manifest list sha256:1390feb801c976ab2344642dc1b656f816179210a13e615a38eb08313590a387 0.0s done\n#9 naming to docker.io/library/coretg-gen-p-07-01-26-15-10-01-808f43-40-generator-08e160bd4ec7:latest 0.0s done\n#9 unpacking to docker.io/library/coretg-gen-p-07-01-26-15-10-01-808f43-40-generator-08e160bd4ec7:latest\n#9 unpacking to docker.io/library/coretg-gen-p-07-01-26-15-10-01-808f43-40-generator-08e160bd4ec7:latest 0.2s done\n#9 DONE 0.8s\n\n#10 resolving provenance for metadata file\n#10 DONE 0.0s\nImage coretg-gen-p-07-01-26-15-10-01-808f43-40-generator-08e160bd4ec7:latest Pulling \n Image coretg-gen-p-07-01-26-15-10-01-808f43-40-generator-08e160bd4ec7:latest pull access denied for coretg-gen-p-07-01-26-15-10-01-808f43-40-generator-08e160bd4ec7, repository does not exist or may require 'docker login' \n Image coretg-gen-p-07-01-26-15-10-01-808f43-40-generator-08e160bd4ec7:latest Building \n Image coretg-gen-p-07-01-26-15-10-01-808f43-40-generator-08e160bd4ec7:latest Built \n Container fg_p-07-01-26-15-10-01-808f43-40_323238_1786493185-generator-run-7dcc5a040726 Creating \n Container fg_p-07-01-26-15-10-01-808f43-40_323238_1786493185-generator-run-7dcc5a040726 Created\n[cleanup] compose project=fg_p-07-01-26-15-10-01-808f43-40_323238_1786493185\n[cleanup] running: /usr/bin/docker compose -f /tmp/scenarioforge/outputs/installed_generators/flag_node_generators/p_07-01-26-15-10-01-808f43__40/docker-compose.hostnet.323238_1786493185736.yml -p fg_p-07-01-26-15-10-01-808f43-40_323238_1786493185 down --remove-orphans\n[cleanup] compose down rc=0\n{\n  \"generator_id\": \"git_http_bare_repo\",\n  \"outputs\": {\n    \"Flag(flag_id)\": \"FLAG{874919b386c1655587e8}\",\n    \"FlagDelivery(mode)\": \"file\",\n    \"FlagFile(path)\": \"repo/config\",\n    \"File(path)\": \"docker-compose.yml\",\n    \"Directory(host, path)\": \"service\",\n    \"PortForward(host, port)\": 19418,\n    \"Endpoint(path)\": \"/repo/config\",\n    \"Version(service)\": \"git-simulated-git\",\n    \"SourceCode(repo)\": \"ops_mirror\",\n    \"ExposedSecret(service)\": \"git_config_secret\"\n  }\n}\n\n",
      "type": "flag-node-generator"
    },
    {
      "generator_id": "ssh_password_finance_terminal",
      "log_path": "/Users/jcacosta/Documents/GitHub/scenarioforge/outputs/logs/flow_generator_logs/ssh_password_finance_terminal_docker-9_08-11-26-18-06-30-c6e903baaa.log",
      "manifest": "/tmp/vulns/flag_node_generators_runs/flow-datasetsegmentedfirewallpivotrun02/02_ssh_password_finance_terminal_docker-9/outputs.json",
      "node_id": "12",
      "node_name": "docker-9",
      "note": "ok",
      "ok": true,
      "out_dir": "/tmp/vulns/flag_node_generators_runs/flow-datasetsegmentedfirewallpivotrun02/02_ssh_password_finance_terminal_docker-9",
      "stderr": "",
      "stdout": "[compose] generator source digest 1da7043e8099 for /tmp/scenarioforge/outputs/installed_generators/flag_node_generators/p_07-01-26-15-10-00-b47dcd__7\n[compose] generator image coretg-gen-p-07-01-26-15-10-00-b47dcd-7-generator-1da7043e8099:latest not cached; will build now\n#1 [internal] load local bake definitions\n#1 reading from stdin 779B done\n#1 DONE 0.0s\n\n#2 [internal] load build definition from Dockerfile\n#2 transferring dockerfile:\n#2 transferring dockerfile: 143B done\n#2 DONE 0.1s\n\n#3 [internal] load metadata for docker.io/library/python:3.11-slim\n#3 DONE 0.2s\n\n#4 [internal] load .dockerignore\n#4 transferring context: 2B done\n#4 DONE 0.1s\n\n#5 [internal] load build context\n#5 transferring context: 15.26kB done\n#5 DONE 0.1s\n\n#6 [1/3] FROM docker.io/library/python:3.11-slim@sha256:90744cff8f32887f075c47d747a173ff333e9e98801667af93c357fa9f5e28ff\n#6 resolve docker.io/library/python:3.11-slim@sha256:90744cff8f32887f075c47d747a173ff333e9e98801667af93c357fa9f5e28ff 0.1s done\n#6 DONE 0.1s\n\n#7 [2/3] WORKDIR /app\n#7 CACHED\n\n#8 [3/3] COPY generator.py /app/generator.py\n#8 DONE 0.1s\n\n#9 exporting to image\n#9 exporting layers\n#9 exporting layers 0.2s done\n#9 exporting manifest sha256:8f5d98c98406cd6e71d1b1f490fc5c8d5cce7ed249839f1e784b7b1ec695b64b 0.0s done\n#9 exporting config sha256:4a5480adc8c4747977199dedbbb0f39ab379a6867efce462f1db428bb06d3862 0.0s done\n#9 exporting attestation manifest sha256:1fd87484d0ffc153ee86cd15eb85de0e28b62285ddf8bb91bcf33e0892ca5f18 0.0s done\n#9 exporting manifest list sha256:1498187d6a94b41d16e99528cef643540871a5c8b9d4d18351e7b468c3eb6bc9\n#9 exporting manifest list sha256:1498187d6a94b41d16e99528cef643540871a5c8b9d4d18351e7b468c3eb6bc9 0.1s done\n#9 naming to docker.io/library/coretg-gen-p-07-01-26-15-10-00-b47dcd-7-generator-1da7043e8099:latest done\n#9 unpacking to docker.io/library/coretg-gen-p-07-01-26-15-10-00-b47dcd-7-generator-1da7043e8099:latest 0.1s done\n#9 DONE 0.4s\n\n#10 resolving provenance for metadata file\n#10 DONE 0.0s\nImage coretg-gen-p-07-01-26-15-10-00-b47dcd-7-generator-1da7043e8099:latest Pulling \n Image coretg-gen-p-07-01-26-15-10-00-b47dcd-7-generator-1da7043e8099:latest pull access denied for coretg-gen-p-07-01-26-15-10-00-b47dcd-7-generator-1da7043e8099, repository does not exist or may require 'docker login' \n Image coretg-gen-p-07-01-26-15-10-00-b47dcd-7-generator-1da7043e8099:latest Building \n Image coretg-gen-p-07-01-26-15-10-00-b47dcd-7-generator-1da7043e8099:latest Built \n Container fg_p-07-01-26-15-10-00-b47dcd-7_323504_1786493192-generator-run-0fde1dcd5a26 Creating \n Container fg_p-07-01-26-15-10-00-b47dcd-7_323504_1786493192-generator-run-0fde1dcd5a26 Created\n[cleanup] compose project=fg_p-07-01-26-15-10-00-b47dcd-7_323504_1786493192\n[cleanup] running: /usr/bin/docker compose -f /tmp/scenarioforge/outputs/installed_generators/flag_node_generators/p_07-01-26-15-10-00-b47dcd__7/docker-compose.hostnet.323504_1786493192987.yml -p fg_p-07-01-26-15-10-00-b47dcd-7_323504_1786493192 down --remove-orphans\n[cleanup] compose down rc=0\n{\n  \"generator_id\": \"ssh_password_finance_terminal\",\n  \"outputs\": {\n    \"Flag(flag_id)\": \"FLAG{be5c3328a0dc4b75716f}\",\n    \"FlagDelivery(mode)\": \"file\",\n    \"FlagFile(path)\": \"finance/reconciliations/q2-be5c3328a0.csv\",\n    \"File(path)\": \"docker-compose.yml\",\n    \"PortForward(host, port)\": 2222,\n    \"Directory(host, path)\": \"finance\",\n    \"Credential(user, password)\": \"user_63e2de:pass_58887bbe3851\"\n  }\n}\n\n",
      "type": "flag-node-generator"
    },
    {
      "generator_id": "git_deploy_key_repo",
      "log_path": "/Users/jcacosta/Documents/GitHub/scenarioforge/outputs/logs/flow_generator_logs/git_deploy_key_repo_docker-11_08-11-26-18-06-37-6f8a9f981a.log",
      "manifest": "/tmp/vulns/flag_node_generators_runs/flow-datasetsegmentedfirewallpivotrun02/03_git_deploy_key_repo_docker-11/outputs.json",
      "node_id": "14",
      "node_name": "docker-11",
      "note": "ok",
      "ok": true,
      "out_dir": "/tmp/vulns/flag_node_generators_runs/flow-datasetsegmentedfirewallpivotrun02/03_git_deploy_key_repo_docker-11",
      "stderr": "",
      "stdout": "[compose] generator source digest 7a7f05c68300 for /tmp/scenarioforge/outputs/installed_generators/flag_node_generators/p_07-01-26-15-10-01-808f43__39\n[compose] generator image coretg-gen-p-07-01-26-15-10-01-808f43-39-generator-7a7f05c68300:latest not cached; will build now\n#1 [internal] load local bake definitions\n#1 reading from stdin 783B done\n#1 DONE 0.0s\n\n#2 [internal] load build definition from Dockerfile\n#2 transferring dockerfile: 143B done\n#2 DONE 0.1s\n\n#3 [internal] load metadata for docker.io/library/python:3.11-slim\n#3 DONE 0.5s\n\n#4 [internal] load .dockerignore\n#4 transferring context: 2B done\n#4 DONE 0.4s\n\n#5 [internal] load build context\n#5 transferring context: 27.97kB done\n#5 DONE 0.2s\n\n#6 [1/3] FROM docker.io/library/python:3.11-slim@sha256:90744cff8f32887f075c47d747a173ff333e9e98801667af93c357fa9f5e28ff\n#6 resolve docker.io/library/python:3.11-slim@sha256:90744cff8f32887f075c47d747a173ff333e9e98801667af93c357fa9f5e28ff 0.2s done\n#6 DONE 0.2s\n\n#7 [2/3] WORKDIR /app\n#7 CACHED\n\n#8 [3/3] COPY generator.py /app/generator.py\n#8 CACHED\n\n#9 exporting to image\n#9 exporting layers done\n#9 exporting manifest sha256:ef9ccc449cad4cf0fdc0d9da70dab3163622c3619eee82aa8f9acba86e0cf8f6 0.1s done\n#9 exporting config sha256:606a7340f6fde3139110f73b0b3132dde80ed9c41ecd1fc23e2a18df10de0d8f\n#9 exporting config sha256:606a7340f6fde3139110f73b0b3132dde80ed9c41ecd1fc23e2a18df10de0d8f 0.1s done\n#9 exporting attestation manifest sha256:f7184c55334b9f9326c40bd8cd4e274b1c5f086ba813b08741fe25872f509699\n#9 exporting attestation manifest sha256:f7184c55334b9f9326c40bd8cd4e274b1c5f086ba813b08741fe25872f509699 0.1s done\n#9 exporting manifest list sha256:e2fd9892fda9d855981609f044cfa5d2822c16f0d3a73a017d3901161ee8084e 0.0s done\n#9 naming to docker.io/library/coretg-gen-p-07-01-26-15-10-01-808f43-39-generator-7a7f05c68300:latest\n#9 naming to docker.io/library/coretg-gen-p-07-01-26-15-10-01-808f43-39-generator-7a7f05c68300:latest done\n#9 unpacking to docker.io/library/coretg-gen-p-07-01-26-15-10-01-808f43-39-generator-7a7f05c68300:latest 0.0s done\n#9 DONE 0.5s\n\n#10 resolving provenance for metadata file\n#10 DONE 0.0s\nImage coretg-gen-p-07-01-26-15-10-01-808f43-39-generator-7a7f05c68300:latest Pulling \n Image coretg-gen-p-07-01-26-15-10-01-808f43-39-generator-7a7f05c68300:latest pull access denied for coretg-gen-p-07-01-26-15-10-01-808f43-39-generator-7a7f05c68300, repository does not exist or may require 'docker login' \n Image coretg-gen-p-07-01-26-15-10-01-808f43-39-generator-7a7f05c68300:latest Building \n Image coretg-gen-p-07-01-26-15-10-01-808f43-39-generator-7a7f05c68300:latest Built \n Container fg_p-07-01-26-15-10-01-808f43-39_323760_1786493200-generator-run-e1294759eaeb Creating \n Container fg_p-07-01-26-15-10-01-808f43-39_323760_1786493200-generator-run-e1294759eaeb Created\n[cleanup] compose project=fg_p-07-01-26-15-10-01-808f43-39_323760_1786493200\n[cleanup] running: /usr/bin/docker compose -f /tmp/scenarioforge/outputs/installed_generators/flag_node_generators/p_07-01-26-15-10-01-808f43__39/docker-compose.hostnet.323760_1786493200277.yml -p fg_p-07-01-26-15-10-01-808f43-39_323760_1786493200 down --remove-orphans\n[cleanup] compose down rc=0\n{\n  \"generator_id\": \"git_deploy_key_repo\",\n  \"outputs\": {\n    \"Flag(flag_id)\": \"FLAG{d24ed72b161c8a08348f}\",\n    \"FlagDelivery(mode)\": \"file\",\n    \"FlagFile(path)\": \"repo/deploy.env\",\n    \"File(path)\": \"docker-compose.yml\",\n    \"Directory(host, path)\": \"service\",\n    \"PortForward(host, port)\": 19418,\n    \"Endpoint(path)\": \"/repo/deploy.env\",\n    \"Version(service)\": \"git-simulated-git\",\n    \"Credential(user, password)\": \"gitdeploy_d24ed7:Svc-2b16!\",\n    \"SourceCode(repo)\": \"deploy_repo\",\n    \"APIKey(service)\": \"ak_90f183661fbbd4851c013a77b054\"\n  }\n}\n\n",
      "type": "flag-node-generator"
    },
    {
      "generator_id": "encoded_base64_dispatch",
      "log_path": "/Users/jcacosta/Documents/GitHub/scenarioforge/outputs/logs/flow_generator_logs/encoded_base64_dispatch_docker-8_08-11-26-18-06-45-36177ec44e.log",
      "manifest": "/tmp/vulns/flag_generators_runs/flow-datasetsegmentedfirewallpivotrun02/04_encoded_base64_dispatch_docker-8/outputs.json",
      "node_id": "11",
      "node_name": "docker-8",
      "note": "ok",
      "ok": true,
      "out_dir": "/tmp/vulns/flag_generators_runs/flow-datasetsegmentedfirewallpivotrun02/04_encoded_base64_dispatch_docker-8",
      "stderr": "",
      "stdout": "DONE 0.1s\n\n#3 [internal] load metadata for docker.io/library/python:3.11-slim\n#3 DONE 0.2s\n\n#4 [internal] load .dockerignore\n#4 transferring context: 2B done\n#4 DONE 0.1s\n\n#5 [internal] load build context\n#5 transferring context: 14.89kB done\n#5 DONE 0.1s\n\n#6 [1/3] FROM docker.io/library/python:3.11-slim@sha256:90744cff8f32887f075c47d747a173ff333e9e98801667af93c357fa9f5e28ff\n#6 resolve docker.io/library/python:3.11-slim@sha256:90744cff8f32887f075c47d747a173ff333e9e98801667af93c357fa9f5e28ff 0.1s done\n#6 DONE 0.1s\n\n#7 [2/3] WORKDIR /app\n#7 CACHED\n\n#8 [3/3] COPY generator.py /app/generator.py\n#8 DONE 0.1s\n\n#9 exporting to image\n#9 exporting layers\n#9 exporting layers 0.2s done\n#9 exporting manifest sha256:234cc888a9d26fb0af71b84bc2edf6c65d1207c4544b91823ca8ba829ee112d1 0.0s done\n#9 exporting config sha256:f887b5b5bbeba0cb3d7ed7bfbbc5c1115b775b57eb74ed9ff393a431313eac60 0.0s done\n#9 exporting attestation manifest sha256:1b6effbc2d73e1398655dc179cd53cd1d53f7f182a0cd8052c5e12d2325f05ef\n#9 exporting attestation manifest sha256:1b6effbc2d73e1398655dc179cd53cd1d53f7f182a0cd8052c5e12d2325f05ef 0.1s done\n#9 exporting manifest list sha256:19db0957dee31e0586013258ae8788465442ba7e29ce76148fdbefd58768aedc 0.0s done\n#9 naming to docker.io/library/coretg-gen-p-07-01-26-15-10-01-afdb6c-116-generator-d08dbc9c854b:latest\n#9 naming to docker.io/library/coretg-gen-p-07-01-26-15-10-01-afdb6c-116-generator-d08dbc9c854b:latest done\n#9 unpacking to docker.io/library/coretg-gen-p-07-01-26-15-10-01-afdb6c-116-generator-d08dbc9c854b:latest 0.1s done\n#9 DONE 0.6s\n\n#10 resolving provenance for metadata file\n#10 DONE 0.0s\n{\n  \"schema_version\": 1,\n  \"generator_id\": \"encoded_base64_dispatch\",\n  \"outputs\": {\n    \"Flag(flag_id)\": \"FLAG{392a573e390c7a1f4ed028f1}\",\n    \"FlagDelivery(mode)\": \"embedded\",\n    \"File(path)\": \"artifacts/dispatch_note.b64\",\n    \"Checksum(sha256)\": \"d5e02652b686d281fbca912333f1aadb94a353acf0b202c51b30add01ae023bc\",\n    \"Encoding(name)\": \"base64\",\n    \"Encoded(value)\": \"aGFuZG9mZj1GTEFHezM5MmE1NzNlMzkwYzdhMWY0ZWQwMjhmMX07IHRpY2tldD0wMjdlZmRjM2VlNDA7IG93bmVyPXN2Y18wMjdlZmQ=\"\n  },\n  \"handoff\": {\n    \"hints\": [\n      {\n        \"kind\": \"artifact\",\n        \"text\": \"Inspect artifacts/dispatch_note.b64 for the generated handoff material.\"\n      }\n    ]\n  }\n}\nImage coretg-gen-p-07-01-26-15-10-01-afdb6c-116-generator-d08dbc9c854b:latest Pulling \n Image coretg-gen-p-07-01-26-15-10-01-afdb6c-116-generator-d08dbc9c854b:latest pull access denied for coretg-gen-p-07-01-26-15-10-01-afdb6c-116-generator-d08dbc9c854b, repository does not exist or may require 'docker login' \n Image coretg-gen-p-07-01-26-15-10-01-afdb6c-116-generator-d08dbc9c854b:latest Building \n Image coretg-gen-p-07-01-26-15-10-01-afdb6c-116-generator-d08dbc9c854b:latest Built \n Container fg_p-07-01-26-15-10-01-afdb6c-116_324003_1786493207-generator-run-9756322c8587 Creating \n Container fg_p-07-01-26-15-10-01-afdb6c-116_324003_1786493207-generator-run-9756322c8587 Created\n[cleanup] compose project=fg_p-07-01-26-15-10-01-afdb6c-116_324003_1786493207\n[cleanup] running: /usr/bin/docker compose -f /tmp/scenarioforge/outputs/installed_generators/flag_generators/p_07-01-26-15-10-01-afdb6c__116/docker-compose.hostnet.324003_1786493207177.yml -p fg_p-07-01-26-15-10-01-afdb6c-116_324003_1786493207 down --remove-orphans\n[cleanup] compose down rc=0\n{\n  \"schema_version\": 1,\n  \"generator_id\": \"encoded_base64_dispatch\",\n  \"outputs\": {\n    \"Flag(flag_id)\": \"FLAG{392a573e390c7a1f4ed028f1}\",\n    \"FlagDelivery(mode)\": \"embedded\",\n    \"File(path)\": \"artifacts/dispatch_note.b64\",\n    \"Checksum(sha256)\": \"d5e02652b686d281fbca912333f1aadb94a353acf0b202c51b30add01ae023bc\",\n    \"Encoding(name)\": \"base64\",\n    \"Encoded(value)\": \"aGFuZG9mZj1GTEFHezM5MmE1NzNlMzkwYzdhMWY0ZWQwMjhmMX07IHRpY2tldD0wMjdlZmRjM2VlNDA7IG93bmVyPXN2Y18wMjdlZmQ=\"\n  },\n  \"handoff\": {\n    \"hints\": [\n      {\n        \"kind\": \"artifact\",\n        \"text\": \"Inspect artifacts/dispatch_note.b64 for the generated handoff material.\"\n      }\n    ]\n  }\n}\n\n",
      "type": "flag-generator"
    }
  ],
  "host_ip_map": {
    "10": "10.0.107.5",
    "11": "10.61.107.5",
    "12": "172.27.207.5",
    "13": "10.0.107.6",
    "14": "10.61.107.6",
    "18": "172.27.207.2",
    "4": "10.0.107.3",
    "5": "10.61.107.3",
    "6": "172.27.207.3",
    "7": "10.0.107.4",
    "8": "10.61.107.4",
    "9": "172.27.207.4"
  },
  "image_counts": {
    "cached": 0,
    "pending": 0,
    "pulled": 4,
    "total": 4
  },
  "length": 4,
  "ok": true,
  "phase": "flag-sequencing",
  "phase_timings": {
    "finalize_response_s": 0.0,
    "prepare_generator_state_s": 0.3,
    "prepare_remote_runtime_s": 8.631,
    "run_generators_or_prepare_assignments_s": 28.461,
    "solve_chain_and_assignments_s": 2.432,
    "total_elapsed_s": 40.706
  },
  "preview_plan_path": "/Users/jcacosta/Documents/GitHub/scenarioforge-eval/verify-supply-fix/dataset-segmented-firewall-pivot_run02/scenario.xml",
  "progress_log": [
    "Running generator 1/4: git_http_bare_repo @ docker-10",
    "Completed generator 1/4: git_http_bare_repo -> ok",
    "[images] building=1 cached=0 pending=3",
    "Running generator 2/4: ssh_password_finance_terminal @ docker-9",
    "Completed generator 2/4: ssh_password_finance_terminal -> ok",
    "[images] building=2 cached=0 pending=2",
    "Running generator 3/4: git_deploy_key_repo @ docker-11",
    "Completed generator 3/4: git_deploy_key_repo -> ok",
    "[images] building=3 cached=0 pending=1",
    "Running generator 4/4: encoded_base64_dispatch @ docker-8",
    "Completed generator 4/4: encoded_base64_dispatch -> ok",
    "[images] building=4 cached=0 pending=0"
  ],
  "requested_length": 4,
  "scenario": "datasetsegmentedfirewallpivotrun02",
  "stats": {
    "compose_backed_total": 5,
    "docker_nonvuln_total": 3,
    "docker_slot_total": 1,
    "docker_total": 5,
    "eligible_total": 4,
    "flag_gen_slot_total": 0,
    "flag_generator_eligible_total": 1,
    "flag_node_generator_eligible_total": 3,
    "generic_docker_total": 0,
    "mandatory_challenge_total": 4,
    "specified_flag_node_generator_total": 3,
    "specified_vulnerability_total": 1,
    "topology_flag_node_generator_total": 3,
    "vuln_total": 1,
    "vulnerability_slot_total": 0
  },
  "xml_path": "/Users/jcacosta/Documents/GitHub/scenarioforge-eval/verify-supply-fix/dataset-segmented-firewall-pivot_run02/scenario.xml"
}

[2026-08-11 18:06:04,622] INFO in app_backend: [core.remote] (flow.cleanup.remote) executing via /opt/core/venv/bin/python3
[2026-08-11 18:06:06,901] INFO in flag_sequencing_sequence_preview: [flow.progress] elapsed=0.00s Sequence start: scenario=datasetsegmentedfirewallpivotrun02 length=4 dependency=3/5 duplicates=off expansion=strict include_pivots=0
[2026-08-11 18:06:06,901] INFO in flag_sequencing_sequence_preview: [flow.progress] elapsed=0.00s Phase: locating preview plan
[2026-08-11 18:06:06,901] INFO in flag_sequencing_sequence_preview: [flow.progress] elapsed=0.00s Phase: loading preview payload from scenario.xml
[2026-08-11 18:06:06,905] INFO in flag_sequencing_sequence_preview: [flow.progress] elapsed=0.00s Preview loaded: hosts=12 routers=3 switches=3
[2026-08-11 18:06:06,905] INFO in flag_sequencing_sequence_preview: [flow.progress] elapsed=0.00s Phase: building topology graph
[2026-08-11 18:06:06,936] INFO in flag_sequencing_sequence_preview: [flow.progress] elapsed=0.03s Topology graph ready: nodes=18 links=30 eligible=4 vuln=1 topology_fng=3 docker_nonvuln=3
[2026-08-11 18:06:06,936] INFO in flag_sequencing_sequence_preview: [flow.progress] elapsed=0.03s Phase: selecting approved Flow chain nodes
[2026-08-11 18:06:06,936] INFO in flag_sequencing_sequence_preview: [flow.progress] elapsed=0.04s Selected chain nodes: count=4 ids=13,11,12,14
[2026-08-11 18:06:06,936] INFO in flag_sequencing_sequence_preview: [flow.progress] elapsed=0.04s Phase: computing generator assignments
[2026-08-11 18:06:07,564] INFO in flag_sequencing_sequence_preview: [flow.progress] elapsed=0.66s Generator assignments ready: count=4 ids=git_http_bare_repo,text_support_ticket_dump,ssh_password_finance_terminal,git_deploy_key_repo
[2026-08-11 18:06:07,564] INFO in flag_sequencing_sequence_preview: [flow.progress] elapsed=0.66s Phase: applying pivot context
[2026-08-11 18:06:07,582] INFO in flag_sequencing_sequence_preview: [flow.progress] elapsed=0.68s Phase: ordering dependency graph
[2026-08-11 18:06:07,582] INFO in flag_sequencing_sequence_preview: [flow.progress] elapsed=0.68s DAG: start nodes=4 assignments=4 dependency_level=3
[2026-08-11 18:06:07,582] INFO in flag_sequencing_sequence_preview: [flow.progress] elapsed=0.68s DAG: loading sequencer DAG helpers
[2026-08-11 18:06:07,582] INFO in flag_sequencing_sequence_preview: [flow.progress] elapsed=0.68s DAG: sequencer DAG helpers loaded
[2026-08-11 18:06:07,582] INFO in flag_sequencing_sequence_preview: [flow.progress] elapsed=0.68s DAG: indexed chain ids=13,11,12,14
[2026-08-11 18:06:07,582] INFO in flag_sequencing_sequence_preview: [flow.progress] elapsed=0.68s DAG: loading enabled generator definitions
[2026-08-11 18:06:07,867] INFO in flag_sequencing_sequence_preview: [flow.progress] elapsed=0.97s DAG: loaded generator definitions count=147
[2026-08-11 18:06:07,867] INFO in flag_sequencing_sequence_preview: [flow.progress] elapsed=0.97s DAG: loading enabled plugin contracts
[2026-08-11 18:06:08,165] INFO in flag_sequencing_sequence_preview: [flow.progress] elapsed=1.26s DAG: loaded plugin contracts count=147
[2026-08-11 18:06:08,166] INFO in flag_sequencing_sequence_preview: [flow.progress] elapsed=1.26s DAG: checking current chain order before DAG build
[2026-08-11 18:06:08,455] INFO in flag_sequencing_sequence_preview: [flow.progress] elapsed=1.55s DAG: current chain order valid=True errors=0
[2026-08-11 18:06:08,455] INFO in flag_sequencing_sequence_preview: [flow.progress] elapsed=1.55s DAG: building DAG chain document challenges=4
[2026-08-11 18:06:08,455] INFO in flag_sequencing_sequence_preview: [flow.progress] elapsed=1.55s DAG: DAG chain document challenge=1/4 node=13 plugin=git_http_bare_repo
[2026-08-11 18:06:08,455] INFO in flag_sequencing_sequence_preview: [flow.progress] elapsed=1.55s DAG: DAG chain document challenge=2/4 node=11 plugin=text_support_ticket_dump
[2026-08-11 18:06:08,455] INFO in flag_sequencing_sequence_preview: [flow.progress] elapsed=1.55s DAG: DAG chain document challenge=3/4 node=12 plugin=ssh_password_finance_terminal
[2026-08-11 18:06:08,455] INFO in flag_sequencing_sequence_preview: [flow.progress] elapsed=1.55s DAG: DAG chain document challenge=4/4 node=14 plugin=git_deploy_key_repo
[2026-08-11 18:06:08,455] INFO in flag_sequencing_sequence_preview: [flow.progress] elapsed=1.55s DAG: validating DAG chain document
[2026-08-11 18:06:08,456] INFO in flag_sequencing_sequence_preview: [flow.progress] elapsed=1.55s DAG: DAG chain document validation ok=False errors=6
[2026-08-11 18:06:08,456] INFO in flag_sequencing_sequence_preview: [flow.progress] elapsed=1.55s DAG: building sequencer DAG
[2026-08-11 18:06:08,456] INFO in flag_sequencing_sequence_preview: [flow.progress] elapsed=1.56s DAG: sequencer DAG build complete ok=False errors=22
[2026-08-11 18:06:08,456] INFO in flag_sequencing_sequence_preview: [flow.progress] elapsed=1.56s DAG: DAG build returned no order; keeping current chain
[2026-08-11 18:06:08,474] INFO in flag_sequencing_sequence_preview: [flow.progress] elapsed=1.57s Phase: validating dependency order
[2026-08-11 18:06:09,076] INFO in flag_sequencing_sequence_preview: [flow.progress] elapsed=2.17s Dependency validation: flow_valid=1 errors=0
[2026-08-11 18:06:09,076] INFO in flag_sequencing_sequence_preview: [flow.progress] elapsed=2.17s Phase: building response payload
[2026-08-11 18:06:09,375] INFO in flag_sequencing_sequence_preview: [flow.progress] elapsed=2.47s Phase: persisting sequence plan
[2026-08-11 18:06:10,543] INFO in flag_sequencing_sequence_preview: [flow.progress] elapsed=3.64s Persisted sequence plan: scenario.xml
[2026-08-11 18:06:10,543] INFO in flag_sequencing_sequence_preview: [flow.progress] elapsed=3.64s Phase complete: sequencing preview ready (3.64s)
[2026-08-11 18:06:10,546] INFO in flow_prepare_preview_execute: [flow.prepare_preview_for_execute] start scenario=datasetsegmentedfirewallpivotrun02 requested_length=4 best_effort=True timeout_s=780 base_plan=scenario.xml
[2026-08-11 18:06:10,546] INFO in flow_prepare_preview_execute: [flow.progress] Prepare start: scenario=datasetsegmentedfirewallpivotrun02 length=4
[2026-08-11 18:06:11,427] INFO in flow_prepare_preview_execute: [flow.progress] Phase: Solving chain and assignments...
[2026-08-11 18:06:11,428] INFO in flow_prepare_preview_execute: [flow.progress] Solve: building topology graph from preview plan
[2026-08-11 18:06:11,428] INFO in flow_prepare_preview_execute: [flow.progress] Solve: topology graph ready nodes=18 links=30
[2026-08-11 18:06:11,428] INFO in flow_prepare_preview_execute: [flow.progress] Solve: resolving requested chain ids
[2026-08-11 18:06:11,428] INFO in flow_prepare_preview_execute: [flow.progress] Solve: repairing explicit chain ids=13,12,14
[2026-08-11 18:06:11,428] INFO in flow_prepare_preview_execute: [flow.progress] Solve: explicit chain ready count=3 ids=13,12,14
[2026-08-11 18:06:11,444] INFO in flow_prepare_preview_execute: [flow.progress] Solve: required vulnerability nodes included count=4 ids=13,12,14,11
[2026-08-11 18:06:11,444] INFO in flow_prepare_preview_execute: [flow.progress] Solve: loading saved flag assignments
[2026-08-11 18:06:11,444] INFO in flow_prepare_preview_execute: [flow.progress] Solve: computing flag assignments
[2026-08-11 18:06:12,051] INFO in flow_prepare_preview_execute: [flow.progress] Solve: assignments ready count=4
[2026-08-11 18:06:12,051] INFO in flow_prepare_preview_execute: [flow.progress] Solve: applying pivot context to assignments
[2026-08-11 18:06:12,069] INFO in flow_prepare_preview_execute: [flow.progress] Solve: pivot context applied
[2026-08-11 18:06:12,069] INFO in flow_prepare_preview_execute: [flow.progress] Solve: refreshing hints for current chain
[2026-08-11 18:06:12,070] INFO in flow_prepare_preview_execute: [flow.progress] Solve: hints refreshed
[2026-08-11 18:06:12,070] INFO in flow_prepare_preview_execute: [flow.progress] Solve: validating explicit chain order before repair
[2026-08-11 18:06:12,657] INFO in flow_prepare_preview_execute: [flow.progress] Solve: reapplying pivot context after ordering
[2026-08-11 18:06:12,674] INFO in flow_prepare_preview_execute: [flow.progress] Solve: pivot context reapplied
[2026-08-11 18:06:12,674] INFO in flow_prepare_preview_execute: [flow.progress] Solve: refreshing position-sensitive hints and supplied inputs
[2026-08-11 18:06:12,968] INFO in flow_prepare_preview_execute: [flow.progress] Solve: position-sensitive assignment data refreshed
[2026-08-11 18:06:12,968] INFO in flow_prepare_preview_execute: [flow.progress] Solve: validating final chain order
[2026-08-11 18:06:13,860] INFO in flow_prepare_preview_execute: [flow.progress] Solve: final validation flow_valid=1 errors=0
[2026-08-11 18:06:13,860] INFO in flow_prepare_preview_execute: [flow.progress] Solve complete: chain=4 assignments=4 run_generators=1
[2026-08-11 18:06:13,860] INFO in flow_prepare_preview_execute: [flow.progress] Phase complete: Solving chain and assignments (2.43s).
[2026-08-11 18:06:13,860] INFO in flow_prepare_preview_execute: [flow.progress] Phase: Preparing generator runtime...
[2026-08-11 18:06:13,860] INFO in flow_prepare_preview_execute: [flow.generator] syncing repo to CORE VM before remote generator run
[2026-08-11 18:06:14,447] INFO in flow_prepare_preview_execute: [flow.generator] Syncing repo to CORE VM (generators: 4)
[2026-08-11 18:06:14,448] INFO in app_backend: [remote-sync] starting repo sync to CORE VM
[2026-08-11 18:06:15,270] INFO in app_backend: [remote-sync] SFTP session opened
[2026-08-11 18:06:15,270] INFO in app_backend: [remote-sync] remote_repo=/tmp/scenarioforge
[2026-08-11 18:06:16,216] INFO in app_backend: [remote-sync] allowed_outputs=['outputs/installed_generators/flag_generators/p_07-01-26-15-10-01-afdb6c__116', 'outputs/installed_generators/flag_node_generators/p_07-01-26-15-10-00-b47dcd__7', 'outputs/installed_generators/flag_node_generators/p_07-01-26-15-10-01-808f43__39', 'outputs/installed_generators/flag_node_generators/p_07-01-26-15-10-01-808f43__40']
[2026-08-11 18:06:16,216] INFO in app_backend: [remote-sync] include_paths=['outputs/installed_generators/flag_generators/p_07-01-26-15-10-01-afdb6c__116', 'outputs/installed_generators/flag_node_generators/p_07-01-26-15-10-00-b47dcd__7', 'outputs/installed_generators/flag_node_generators/p_07-01-26-15-10-01-808f43__39', 'outputs/installed_generators/flag_node_generators/p_07-01-26-15-10-01-808f43__40', 'scenarioforge', 'scripts/run_flag_generator.py']
[2026-08-11 18:06:16,416] INFO in app_backend: [remote-sync] remote hash=4575e912ed7d545b17ad1b7c8abdc9a1cbaa9d2d500de4be5654e2e32e8519de
[2026-08-11 18:06:16,418] INFO in app_backend: [remote-sync] computed local hash
[2026-08-11 18:06:21,441] INFO in flow_prepare_preview_execute: [flow.progress] Repo sync complete
[2026-08-11 18:06:22,491] INFO in flow_prepare_preview_execute: [flow.progress] Phase complete: Preparing generator runtime (8.63s).
[2026-08-11 18:06:22,790] INFO in flow_prepare_preview_execute: [flow.progress] Phase complete: Preparing generator state (0.30s).
[2026-08-11 18:06:22,791] INFO in flow_prepare_preview_execute: [flow.progress] Phase: Running generators...
[2026-08-11 18:06:23,077] INFO in flow_prepare_preview_execute: [flow.progress] Running generator 1/4: git_http_bare_repo @ docker-10
[2026-08-11 18:06:23,660] INFO in app_backend: [core.remote] (flow.generator.remote.git_http_bare_repo) executing via /opt/core/venv/bin/python3
[2026-08-11 18:06:30,253] INFO in flow_prepare_preview_execute: [flow.generator] node=13 generator=git_http_bare_repo ok=True note=ok manifest=/tmp/vulns/flag_node_generators_runs/flow-datasetsegmentedfirewallpivotrun02/01_git_http_bare_repo_docker-10/outputs.json out_dir=/tmp/vulns/flag_node_generators_runs/flow-datasetsegmentedfirewallpivotrun02/01_git_http_bare_repo_docker-10
[2026-08-11 18:06:30,254] INFO in flow_prepare_preview_execute: [flow.progress] Completed generator 1/4: git_http_bare_repo -> ok
[2026-08-11 18:06:30,254] INFO in flow_prepare_preview_execute: [flow.progress] [images] building=1 cached=0 pending=3
[2026-08-11 18:06:30,553] INFO in flow_prepare_preview_execute: [flow.progress] Running generator 2/4: ssh_password_finance_terminal @ docker-9
[2026-08-11 18:06:31,116] INFO in app_backend: [core.remote] (flow.generator.remote.ssh_password_finance_terminal) executing via /opt/core/venv/bin/python3
[2026-08-11 18:06:36,599] INFO in flow_prepare_preview_execute: [flow.generator] node=12 generator=ssh_password_finance_terminal ok=True note=ok manifest=/tmp/vulns/flag_node_generators_runs/flow-datasetsegmentedfirewallpivotrun02/02_ssh_password_finance_terminal_docker-9/outputs.json out_dir=/tmp/vulns/flag_node_generators_runs/flow-datasetsegmentedfirewallpivotrun02/02_ssh_password_finance_terminal_docker-9
[2026-08-11 18:06:36,601] INFO in flow_prepare_preview_execute: [flow.progress] Completed generator 2/4: ssh_password_finance_terminal -> ok
[2026-08-11 18:06:36,601] INFO in flow_prepare_preview_execute: [flow.progress] [images] building=2 cached=0 pending=2
[2026-08-11 18:06:37,154] INFO in app_backend: [core.remote] (flow.hint.remote) executing via /opt/core/venv/bin/python3
[2026-08-11 18:06:37,832] INFO in flow_prepare_preview_execute: [flow.progress] Running generator 3/4: git_deploy_key_repo @ docker-11
[2026-08-11 18:06:38,475] INFO in app_backend: [core.remote] (flow.generator.remote.git_deploy_key_repo) executing via /opt/core/venv/bin/python3
[2026-08-11 18:06:45,000] INFO in flow_prepare_preview_execute: [flow.generator] node=14 generator=git_deploy_key_repo ok=True note=ok manifest=/tmp/vulns/flag_node_generators_runs/flow-datasetsegmentedfirewallpivotrun02/03_git_deploy_key_repo_docker-11/outputs.json out_dir=/tmp/vulns/flag_node_generators_runs/flow-datasetsegmentedfirewallpivotrun02/03_git_deploy_key_repo_docker-11
[2026-08-11 18:06:45,001] INFO in flow_prepare_preview_execute: [flow.progress] Completed generator 3/4: git_deploy_key_repo -> ok
[2026-08-11 18:06:45,001] INFO in flow_prepare_preview_execute: [flow.progress] [images] building=3 cached=0 pending=1
[2026-08-11 18:06:45,290] INFO in flow_prepare_preview_execute: [flow.progress] Running generator 4/4: encoded_base64_dispatch @ docker-8
[2026-08-11 18:06:45,947] INFO in app_backend: [core.remote] (flow.generator.remote.encoded_base64_dispatch) executing via /opt/core/venv/bin/python3
[2026-08-11 18:06:51,250] INFO in flow_prepare_preview_execute: [flow.generator] node=11 generator=encoded_base64_dispatch ok=True note=ok manifest=/tmp/vulns/flag_generators_runs/flow-datasetsegmentedfirewallpivotrun02/04_encoded_base64_dispatch_docker-8/outputs.json out_dir=/tmp/vulns/flag_generators_runs/flow-datasetsegmentedfirewallpivotrun02/04_encoded_base64_dispatch_docker-8
[2026-08-11 18:06:51,251] INFO in flow_prepare_preview_execute: [flow.progress] Completed generator 4/4: encoded_base64_dispatch -> ok
[2026-08-11 18:06:51,251] INFO in flow_prepare_preview_execute: [flow.progress] [images] building=4 cached=0 pending=0
[2026-08-11 18:06:51,251] INFO in flow_prepare_preview_execute: [flow.progress] Phase complete: Running generators (28.46s).
[2026-08-11 18:06:51,251] INFO in flow_prepare_preview_execute: [flow.progress] Phase: Finalizing preview payload...
[2026-08-11 18:06:52,434] INFO in flow_prepare_preview_execute: [flow.prepare_preview_for_execute] done scenario=datasetsegmentedfirewallpivotrun02 chain_len=4 flow_valid=True flow_errors=[] detail=assignments=4 assignments_with_id=4 chain_nodes=4 chain_ids=13,12,14,11
