[remote] Target: corevm@129.108.4.45:10006; CORE 129.108.4.45:50051
[remote] Refreshing custom CORE services...
[remote] Preparing remote workspace and uploads...
[remote] Using repo at /tmp/scenarioforge
[remote] syncing runtime subset to CORE host...
[remote] runtime subset sync plan: files=803 bytes=6592245
[remote] runtime subset sync progress: 0% (0/803 files, 0/6592245 bytes)
[remote] runtime subset archive ready: bytes=1460039 target=/tmp/.coretg-runtime-subset-9144145c566c4be9a028c67d50314089.tar.gz
[remote] runtime subset sync progress: 2% (32768/1460039 archive bytes)
[remote] runtime subset sync progress: 6% (98304/1460039 archive bytes)
[remote] runtime subset sync progress: 11% (163840/1460039 archive bytes)
[remote] runtime subset sync progress: 15% (229376/1460039 archive bytes)
[remote] runtime subset sync progress: 20% (294912/1460039 archive bytes)
[remote] runtime subset sync progress: 26% (393216/1460039 archive bytes)
[remote] runtime subset sync progress: 31% (458752/1460039 archive bytes)
[remote] runtime subset sync progress: 35% (524288/1460039 archive bytes)
[remote] runtime subset sync progress: 40% (589824/1460039 archive bytes)
[remote] runtime subset sync progress: 47% (688128/1460039 archive bytes)
[remote] runtime subset sync progress: 51% (753664/1460039 archive bytes)
[remote] runtime subset sync progress: 56% (819200/1460039 archive bytes)
[remote] runtime subset sync progress: 60% (884736/1460039 archive bytes)
[remote] runtime subset sync progress: 65% (950272/1460039 archive bytes)
[remote] runtime subset sync progress: 71% (1048576/1460039 archive bytes)
[remote] runtime subset sync progress: 76% (1114112/1460039 archive bytes)
[remote] runtime subset sync progress: 80% (1179648/1460039 archive bytes)
[remote] runtime subset sync progress: 85% (1245184/1460039 archive bytes)
[remote] runtime subset sync progress: 92% (1343488/1460039 archive bytes)
[remote] runtime subset sync progress: 96% (1409024/1460039 archive bytes)
[remote] runtime subset sync progress: 100% (1460039/1460039 archive bytes)
[remote] runtime subset sync progress: 100% (1460039/1460039 archive bytes)
[remote] synced runtime subset (core package/runner/generators) files=803/803 bytes=6592245/6592245 archive_bytes=1460039
[remote] preparing scenario XML upload: /Users/jcacosta/Documents/GitHub/scenarioforge-eval/verify-supply-fix/dataset-artifact-messaging_run02/scenario.xml -> /tmp/scenarioforge/runs/cli-c13b9561/scenario.xml
[remote] uploading scenario XML: /Users/jcacosta/Documents/GitHub/scenarioforge-eval/verify-supply-fix/dataset-artifact-messaging_run02/scenario.xml -> /tmp/scenarioforge/runs/cli-c13b9561/scenario.xml
[remote] checking flow artifacts for preview plan: dirs=3 path=/Users/jcacosta/Documents/GitHub/scenarioforge-eval/verify-supply-fix/dataset-artifact-messaging_run02/scenario.xml
[remote] flow.artifacts.upload skip (already remote): /tmp/vulns/flag_node_generators_runs/flow-datasetartifactmessagingrun02/01_146_docker-6
[remote] flow.artifacts.upload skip (already remote): /tmp/vulns/flag_node_generators_runs/flow-datasetartifactmessagingrun02/02_142_docker-7
[remote] flow.artifacts.upload skip (already remote): /tmp/vulns/flag_node_generators_runs/flow-datasetartifactmessagingrun02/03_143_docker-8
[remote] flow.artifacts.upload complete files=0 bytes=0
[remote] checking remote flow artifact regeneration: assignments=3 path=/Users/jcacosta/Documents/GitHub/scenarioforge-eval/verify-supply-fix/dataset-artifact-messaging_run02/scenario.xml
[remote] Starting CLI execution...
[remote] Command: /opt/core/venv/bin/python3 -u -m scenarioforge.cli execute --xml /tmp/scenarioforge/runs/cli-c13b9561/scenario.xml --scenario datasetartifactmessagingrun02 --seed 2087511509 --verbose --strict --preview-plan /tmp/scenarioforge/runs/cli-c13b9561/scenario.xml --host 127.0.0.1 --port 50051
[REDACTED]
2026-08-11 19:14:17,088 INFO __main__ - Writing latest warnings/errors to /tmp/scenarioforge/runs/cli-c13b9561/latest.errors
2026-08-11 19:14:17,107 INFO __main__ - Loaded preview plan from /tmp/scenarioforge/runs/cli-c13b9561/scenario.xml
2026-08-11 19:14:17,110 INFO scenarioforge.builders.topology - Applied global random seed 2087511509 for topology generation
2026-08-11 19:14:17,111 INFO root - PHASE: Parse scenario inputs
2026-08-11 19:14:17,113 INFO root - PHASE: Role counts computed (hosts=5)
2026-08-11 19:14:17,114 DEBUG scenarioforge.parsers.routing - Parsed routing: density=0.0 items=[('', 0.0)]
2026-08-11 19:14:17,114 INFO root - PHASE: Planning topology
2026-08-11 19:14:17,474 DEBUG scenarioforge.parsers.routing - Parsed routing: density=0.0 items=[('', 0.0)]
2026-08-11 19:14:17,475 INFO scenarioforge.planning.router_plan - [router.plan] ---- ROUTER PLANNING START ----
2026-08-11 19:14:17,475 INFO scenarioforge.planning.router_plan - [router.plan] inputs: total_hosts=8 base_host_pool(raw)=5 routing_density(raw)=0.000000 items=1
2026-08-11 19:14:17,475 INFO scenarioforge.planning.router_plan - [router.plan.item] #0 protocol= abs_count=1 factor=0.000000 classification=count
2026-08-11 19:14:17,475 INFO scenarioforge.planning.router_plan - [router.plan] eligibility: has_weight_based=False rd_raw=0.000000 rd_clamped=0.000000
2026-08-11 19:14:17,475 INFO scenarioforge.planning.router_plan - [router.plan] density_component=floor(rd_clamped * effective_base)=floor(0.000000 * 5)=0
2026-08-11 19:14:17,475 INFO scenarioforge.planning.router_plan - [router.plan] components: count_based=1 + density_component=0 => raw_total=1
2026-08-11 19:14:17,475 INFO scenarioforge.planning.router_plan - [router.plan] ---- ROUTER PLANNING END (final=1) ----
2026-08-11 19:14:17,478 DEBUG scenarioforge.parsers.pivoting - Parsed pivoting: density=0.0 items=[]
2026-08-11 19:14:17,478 DEBUG scenarioforge.parsers.traffic - Parsed traffic: density=0.6 items=[('TCP', 1.0, 'continuous', 128.0, 2.0, 15.0), ('UDP', 1.0, 'periodic', 64.0, 5.0, 25.0)]
2026-08-11 19:14:17,496 INFO scenarioforge.utils.segmentation - Segmentation-Allow: inserted 0 allow rules across 0 nodes
2026-08-11 19:14:17,511 INFO root - PHASE: Planning complete (routers=1 hosts=8)
2026-08-11 19:14:17,515 INFO root - [grpc] CoreGrpcClient.connect() -> 127.0.0.1:50051
2026-08-11 19:14:17,829 INFO root - Execute cleanup: core-cleanup completed
2026-08-11 19:14:20,168 INFO root - Execute cleanup: removed 6 generated image(s)
2026-08-11 19:14:20,168 INFO root - Execute cleanup: left 1 generated image(s) in place (in use or pinned)
2026-08-11 19:14:25,758 INFO root - Execute cleanup: pruned Docker build cache
2026-08-11 19:14:25,763 INFO scenarioforge.utils.grpc_helpers - [grpc] keepalive enabled (interval=20s)
2026-08-11 19:14:25,765 DEBUG scenarioforge.parsers.pivoting - Parsed pivoting: density=0.0 items=[]
2026-08-11 19:14:25,787 INFO root - Restricting vulnerability docker assignments to 3 Flow-selected slots
2026-08-11 19:14:25,787 INFO root - Vulnerabilities config: density=0.000, items=0 (total_hosts=8)
2026-08-11 19:14:25,788 INFO root - No docker-compose assignments planned (density=0.000, count_items=0, weight_items=0, catalog=292)
2026-08-11 19:14:25,788 INFO root - CORE Docker node type available: True
2026-08-11 19:14:25,961 INFO root - Image already present, not pulling: busybox:1.36.1-musl
2026-08-11 19:14:26,050 INFO root - Image already present, not pulling: lscr.io/linuxserver/openssh-server:latest
2026-08-11 19:14:26,135 INFO root - Image already present, not pulling: alpine:3.19
2026-08-11 19:14:26,227 INFO root - Image already present, not pulling: ubuntu:22.04
2026-08-11 19:14:26,328 INFO root - Image already present, not pulling: python:3.12-slim
2026-08-11 19:14:26,328 INFO root - Docker images ready: alpine:3.19=cached, busybox:1.36.1-musl=cached, lscr.io/linuxserver/openssh-server:latest=cached, python:3.12-slim=cached, ubuntu:22.04=cached
2026-08-11 19:14:26,328 INFO root - PHASE: Building topology
2026-08-11 19:14:26,328 INFO scenarioforge.builders.topology - [docker-node] reset compose caches context=segmented
2026-08-11 19:14:26,328 INFO scenarioforge.builders.topology - Docker CORE interfaces start at eth0 (CORETG_DOCKER_IFID_START)
2026-08-11 19:14:26,328 INFO scenarioforge.builders.topology - [docker-node] reset compose caches context=segmented-preview
2026-08-11 19:14:26,329 DEBUG scenarioforge.grpc - [grpc] _RetryingProxy.get_sessions() -> calling
2026-08-11 19:14:26,330 DEBUG scenarioforge.grpc - [grpc] _RetryingProxy.get_sessions() ok in 1.7 ms -> <list>
2026-08-11 19:14:26,331 DEBUG scenarioforge.grpc - [grpc] _RetryingProxy.create_session() -> calling
2026-08-11 19:14:26,355 DEBUG scenarioforge.grpc - [grpc] _RetryingProxy.create_session() ok in 24.3 ms -> <_RetryingProxy id=1>
2026-08-11 19:14:26,355 INFO scenarioforge.builders.topology - [diag.session.preview] session=<_LoggingProxy for <_RetryingProxy for Session(id=1, state=<SessionState.DEFINITION: 1>, nodes={}, links=[], dir='/tmp/pycore.1', user='', default_services={'mdr': {'OSPFv3MDR', 'zebra', 'IPForward'}, 'PC': {'DefaultRoute'}, 'prouter': set(), 'router': {'IPForward', 'zebra', 'OSPFv3', 'OSPFv2'}, 'host': {'DefaultRoute', 'SSH'}}, location=SessionLocation(x=0.0, y=0.0, z=0.0, lat=47.57917022705078, lon=-122.13231658935547, alt=2.0, scale=150.0), hooks={}, metadata={}, file=None, options={'mtu': ConfigOption(name='mtu', value='0', label='MTU for All Devices', type=<ConfigOptionType.INT32: 7>, group='Options', select=[], regex=''), 'preservedir': ConfigOption(name='preservedir', value='0', label='Preserve session dir', type=<ConfigOptionType.BOOL: 11>, group='Options', select=[], regex=''), 'controlnet': ConfigOption(name='controlnet', value='', label='Control Network', type=<ConfigOptionType.STRING: 10>, group='Options', select=[], regex=''), 'controlnet0': ConfigOption(name='controlnet0', value='', label='Control Network 0', type=<ConfigOptionType.STRING: 10>, group='Options', select=[], regex=''), 'enablerj45': ConfigOption(name='enablerj45', value='1', label='Enable RJ45s', type=<ConfigOptionType.BOOL: 11>, group='Options', select=[], regex=''), 'loss_threshold': ConfigOption(name='loss_threshold', value='30', label='EMANE Link Loss Threshold (%)', type=<ConfigOptionType.INT32: 7>, group='Options', select=[], regex=''), 'sdturl': ConfigOption(name='sdturl', value='tcp://127.0.0.1:50000/', label='SDT3D URL', type=<ConfigOptionType.STRING: 10>, group='Options', select=[], regex=''), 'enablesdt': ConfigOption(name='enablesdt', value='0', label='Enable SDT3D output', type=<ConfigOptionType.BOOL: 11>, group='Options', select=[], regex=''), 'controlnet1': ConfigOption(name='controlnet1', value='', label='Control Network 1', type=<ConfigOptionType.STRING: 10>, group='Options', select=[], regex=''), 'link_interval': ConfigOption(name='link_interval', value='1', label='EMANE Link Check Interval (sec)', type=<ConfigOptionType.INT32: 7>, group='Options', select=[], regex=''), 'nem_id_start': ConfigOption(name='nem_id_start', value='1', label='EMANE NEM ID Start', type=<ConfigOptionType.INT32: 7>, group='Options', select=[], regex=''), 'ovs': ConfigOption(name='ovs', value='0', label='Enable OVS', type=<ConfigOptionType.BOOL: 11>, group='Options', select=[], regex=''), 'controlnet2': ConfigOption(name='controlnet2', value='', label='Control Network 2', type=<ConfigOptionType.STRING: 10>, group='Options', select=[], regex=''), 'checksums': ConfigOption(name='checksums', value='0', label='Enable Eth Checksums?', type=<ConfigOptionType.BOOL: 11>, group='Options', select=[], regex=''), 'link_enabled': ConfigOption(name='link_enabled', value='1', label='EMANE Links?', type=<ConfigOptionType.BOOL: 11>, group='Options', select=[], regex=''), 'controlnet_updown_script': ConfigOption(name='controlnet_updown_script', value='', label='Control Network Script', type=<ConfigOptionType.STRING: 10>, group='Options', select=[], regex=''), 'controlnet3': ConfigOption(name='controlnet3', value='', label='Control Network 3', type=<ConfigOptionType.STRING: 10>, group='Options', select=[], regex=''), 'platform_id_start': ConfigOption(name='platform_id_start', value='1', label='EMANE Platform ID Start', type=<ConfigOptionType.INT32: 7>, group='Options', select=[], regex=''), 'link_timeout': ConfigOption(name='link_timeout', value='4', label='EMANE Link Timeout (sec)', type=<ConfigOptionType.INT32: 7>, group='Options', select=[], regex='')}, servers=[])>> has_add_link=True add_link_type=<class 'function'>
2026-08-11 19:14:26,356 INFO scenarioforge.builders.topology - [preview] add_router id=1 name=router-1 pos=(1000,1000)
2026-08-11 19:14:26,357 DEBUG scenarioforge.grpc - [grpc] _RetryingProxy.add_node(1, name='router-1', _type=<NodeType name=DEFAULT>, position=<Position>) -> calling
2026-08-11 19:14:26,357 DEBUG scenarioforge.grpc - [grpc] _RetryingProxy.add_node() ok in 0.2 ms -> <_RetryingProxy id=1>
2026-08-11 19:14:26,357 INFO scenarioforge.builders.topology - [grpc.call] session.add_node name=router-1 requested_id=1 actual_id=1 type=DEFAULT session_type=_LoggingProxy position=(1000, 1000) attr_type=<_LoggingProxy for <_RetryingProxy for <NodeType.DEFAULT: 0>>> attr_image=None compose=None compose_name=None option_compose=None option_compose_name=None
2026-08-11 19:14:26,358 INFO scenarioforge.builders.topology - [preview] add_host id=2 name=workstation-1 type=DEFAULT pos=(1940,1000)
2026-08-11 19:14:26,358 DEBUG scenarioforge.grpc - [grpc] _RetryingProxy.add_node(2, name='workstation-1', _type=<NodeType name=DEFAULT>, position=<Position>) -> calling
2026-08-11 19:14:26,358 DEBUG scenarioforge.grpc - [grpc] _RetryingProxy.add_node() ok in 0.2 ms -> <_RetryingProxy id=2>
2026-08-11 19:14:26,359 INFO scenarioforge.builders.topology - [grpc.call] session.add_node name=workstation-1 requested_id=2 actual_id=2 type=DEFAULT session_type=_LoggingProxy position=(1940, 1000) attr_type=<_LoggingProxy for <_RetryingProxy for <NodeType.DEFAULT: 0>>> attr_image=None compose=None compose_name=None option_compose=None option_compose_name=None
2026-08-11 19:14:26,359 INFO scenarioforge.builders.topology - [preview] add_host id=3 name=workstation-2 type=DEFAULT pos=(1477,1313)
2026-08-11 19:14:26,359 DEBUG scenarioforge.grpc - [grpc] _RetryingProxy.add_node(3, name='workstation-2', _type=<NodeType name=DEFAULT>, position=<Position>) -> calling
2026-08-11 19:14:26,359 DEBUG scenarioforge.grpc - [grpc] _RetryingProxy.add_node() ok in 0.1 ms -> <_RetryingProxy id=3>
2026-08-11 19:14:26,359 INFO scenarioforge.builders.topology - [grpc.call] session.add_node name=workstation-2 requested_id=3 actual_id=3 type=DEFAULT session_type=_LoggingProxy position=(1477, 1313) attr_type=<_LoggingProxy for <_RetryingProxy for <NodeType.DEFAULT: 0>>> attr_image=None compose=None compose_name=None option_compose=None option_compose_name=None
2026-08-11 19:14:26,360 INFO scenarioforge.builders.topology - [preview] add_host id=4 name=workstation-3 type=DEFAULT pos=(1477,687)
2026-08-11 19:14:26,360 DEBUG scenarioforge.grpc - [grpc] _RetryingProxy.add_node(4, name='workstation-3', _type=<NodeType name=DEFAULT>, position=<Position>) -> calling
2026-08-11 19:14:26,360 DEBUG scenarioforge.grpc - [grpc] _RetryingProxy.add_node() ok in 0.2 ms -> <_RetryingProxy id=4>
2026-08-11 19:14:26,360 INFO scenarioforge.builders.topology - [grpc.call] session.add_node name=workstation-3 requested_id=4 actual_id=4 type=DEFAULT session_type=_LoggingProxy position=(1477, 687) attr_type=<_LoggingProxy for <_RetryingProxy for <NodeType.DEFAULT: 0>>> attr_image=None compose=None compose_name=None option_compose=None option_compose_name=None
2026-08-11 19:14:26,360 INFO scenarioforge.builders.topology - [preview] add_host id=5 name=workstation-4 type=DEFAULT pos=(704,1000)
2026-08-11 19:14:26,361 DEBUG scenarioforge.grpc - [grpc] _RetryingProxy.add_node(5, name='workstation-4', _type=<NodeType name=DEFAULT>, position=<Position>) -> calling
2026-08-11 19:14:26,361 DEBUG scenarioforge.grpc - [grpc] _RetryingProxy.add_node() ok in 0.2 ms -> <_RetryingProxy id=5>
2026-08-11 19:14:26,361 INFO scenarioforge.builders.topology - [grpc.call] session.add_node name=workstation-4 requested_id=5 actual_id=5 type=DEFAULT session_type=_LoggingProxy position=(704, 1000) attr_type=<_LoggingProxy for <_RetryingProxy for <NodeType.DEFAULT: 0>>> attr_image=None compose=None compose_name=None option_compose=None option_compose_name=None
2026-08-11 19:14:26,361 INFO scenarioforge.builders.topology - [preview] add_host id=6 name=workstation-5 type=DEFAULT pos=(454,1344)
2026-08-11 19:14:26,362 DEBUG scenarioforge.grpc - [grpc] _RetryingProxy.add_node(6, name='workstation-5', _type=<NodeType name=DEFAULT>, position=<Position>) -> calling
2026-08-11 19:14:26,362 DEBUG scenarioforge.grpc - [grpc] _RetryingProxy.add_node() ok in 0.1 ms -> <_RetryingProxy id=6>
2026-08-11 19:14:26,362 INFO scenarioforge.builders.topology - [grpc.call] session.add_node name=workstation-5 requested_id=6 actual_id=6 type=DEFAULT session_type=_LoggingProxy position=(454, 1344) attr_type=<_LoggingProxy for <_RetryingProxy for <NodeType.DEFAULT: 0>>> attr_image=None compose=None compose_name=None option_compose=None option_compose_name=None
2026-08-11 19:14:26,362 INFO scenarioforge.builders.topology - [docker-node] compose prep node=docker-6 src=provided out=/tmp/vulns/.compose-projects/docker-6/docker-compose.yml rec_name=Mail: DMARC Report Queue rec_path=/tmp/vulns/flag_node_generators_runs/flow-datasetartifactmessagingrun02/01_146_docker-6/docker-compose.yml skip_iproute2_wrapper=False
2026-08-11 19:14:26,363 INFO scenarioforge.utils.vuln_process - [vuln] preparing docker-compose for node=docker-6 name=Mail: DMARC Report Queue path=/tmp/vulns/flag_node_generators_runs/flow-datasetartifactmessagingrun02/01_146_docker-6/docker-compose.yml
2026-08-11 19:14:26,363 INFO scenarioforge.utils.vuln_process - [vuln] copying compose from local path=/tmp/vulns/flag_node_generators_runs/flow-datasetartifactmessagingrun02/01_146_docker-6/docker-compose.yml dest=/tmp/vulns/mail-dmarc-report-queue/docker-compose.yml
2026-08-11 19:14:26,368 DEBUG scenarioforge.utils.vuln_process - [vuln] parsed compose yaml key=('Mail: DMARC Report Queue', '/tmp/vulns/flag_node_generators_runs/flow-datasetartifactmessagingrun02/01_146_docker-6/docker-compose.yml') services=['node']
2026-08-11 19:14:26,368 INFO scenarioforge.utils.vuln_process - [vuln] compose selected service node=docker-6 service=node
2026-08-11 19:14:26,369 INFO scenarioforge.utils.vuln_process - [injects] prepare injects source_dir=/tmp/vulns/flag_node_generators_runs/flow-datasetartifactmessagingrun02/01_146_docker-6 outputs_manifest=/tmp/vulns/flag_node_generators_runs/flow-datasetartifactmessagingrun02/01_146_docker-6/outputs.json inject_files=['service']
2026-08-11 19:14:26,369 INFO scenarioforge.utils.vuln_process - [injects] expanded injects=['service']
2026-08-11 19:14:26,369 INFO scenarioforge.utils.vuln_process - [injects] applying injects to service=node mode=copy map={'service': '/flow_injects'}
2026-08-11 19:14:26,369 INFO scenarioforge.utils.vuln_process - [injects] clearing destination directories before copy: ['/flow_injects']
2026-08-11 19:14:26,370 INFO scenarioforge.utils.vuln_process - [vuln] injected iproute2 install into build-only Dockerfile node=docker-6 service=node dockerfile=/tmp/vulns/mail-dmarc-report-queue/./Dockerfile
2026-08-11 19:14:26,374 INFO scenarioforge.utils.vuln_process - [vuln] wrote compose yaml node=docker-6 services=['inject_copy', 'docker-6'] dest=/tmp/vulns/docker-compose-docker-6.yml
2026-08-11 19:14:26,374 INFO scenarioforge.utils.vuln_process - [vuln] compose file ready for node=docker-6 compose=/tmp/vulns/docker-compose-docker-6.yml
2026-08-11 19:14:26,374 INFO scenarioforge.utils.vuln_process - [vuln] compose verification: expected=1 present=1 missing=0
2026-08-11 19:14:26,493 INFO scenarioforge.builders.topology - [docker-node] preflight begin node=docker-6 compose=/tmp/vulns/.compose-projects/docker-6/docker-compose.yml cmd=sudo -S -p  docker compose
2026-08-11 19:14:26,617 INFO scenarioforge.builders.topology - [docker-node] preflight cmd=sudo -S -p  docker image inspect --format {{json .Config}} alpine:3.19 rc=0
{"Env":["PATH=/usr/local/sbin:/usr/local/bin:/usr/sbin:/usr/bin:/sbin:/bin"],"Cmd":["/bin/sh"],"WorkingDir":"/"}
2026-08-11 19:14:26,625 INFO scenarioforge.builders.topology - [docker-node] preflight build service=docker-6 image=docker-6conf-docker-6 context=/tmp/vulns/mail-dmarc-report-queue/. dockerfile=/tmp/vulns/mail-dmarc-report-queue/./Dockerfile
2026-08-11 19:15:10,318 INFO scenarioforge.builders.topology - [docker-node] preflight cmd=sudo -S -p  docker build --network host -t docker-6conf-docker-6 -f /tmp/vulns/mail-dmarc-report-queue/./Dockerfile /tmp/vulns/mail-dmarc-report-queue/. rc=0
#10 exporting layers
#10 exporting layers 5.1s done
#10 exporting manifest sha256:3ec5c5fa016331c4f6126a537de3f581706bd33bd5eb866c5e55d7e79b8ef7c0 0.0s done
#10 exporting config sha256:77f26ae4e198ea1e381439e6520405a689635e3dc1f8dc2152567e8063ed9431 0.0s done
#10 exporting attestation manifest sha256:e5c8686319874b3d445ec313338c4e9836149a96b05fd61302a871a63144112e
#10 exporting attestation manifest sha256:e5c8686319874b3d445ec313338c4e9836149a96b05fd61302a871a63144112e 0.2s done
#10 exporting manifest list sha256:1b0d6bb5086c521c6fd5d2b44be0c1d37c5a0692efe6325d3cc369aced3c6fb1
#10 exporting manifest list sha256:1b0d6bb5086c521c6fd5d2b44be0c1d37c5a0692efe6325d3cc369aced3c6fb1 0.0s done
#10 naming to docker.io/library/docker-6conf-docker-6:latest done
#10 unpacking to docker.io/library/docker-6conf-docker-6:latest
#10 unpacking to docker.io/library/docker-6conf-docker-6:latest 1.0s done
#10 DONE 6.6s
2026-08-11 19:15:10,408 INFO scenarioforge.builders.topology - [docker-node] preflight cmd=sudo -S -p  docker image inspect --format {{.Id}} alpine:3.19 rc=0
sha256:6baf43584bcb78f2e5847d1de515f23499913ac9f12bdf834811a3145eb11ca1
2026-08-11 19:15:10,408 INFO scenarioforge.builders.topology - [docker-node] preflight pull skipped node=docker-6; every pull-only image is cached: ['alpine:3.19']
[images] pulling=0 cached=1 pending=2
2026-08-11 19:15:11,481 INFO scenarioforge.builders.topology - [docker-node] preflight cmd=sudo -S -p  docker compose -p docker-6conf -f /tmp/vulns/.compose-projects/docker-6/docker-compose.yml up --no-start --no-build rc=0
Volume docker-6conf_inject-flow-injects Creating 
 Volume docker-6conf_inject-flow-injects Created 
 Container docker-6conf-inject_copy-1 Creating 
 Container docker-6conf-inject_copy-1 Created 
 Container docker-6 Creating 
 Container docker-6 Created
2026-08-11 19:15:12,176 INFO scenarioforge.builders.topology - [docker-node] preflight cmd=sudo -S -p  docker compose -p docker-6conf -f /tmp/vulns/.compose-projects/docker-6/docker-compose.yml up --no-build inject_copy rc=0
Attaching to inject_copy-1
 Container docker-6conf-inject_copy-1 Starting 
 Container docker-6conf-inject_copy-1 Started 

inject_copy-1 exited with code 0
2026-08-11 19:15:12,325 INFO scenarioforge.builders.topology - [docker-node] preflight cmd=sudo -S -p  docker compose -p docker-6conf -f /tmp/vulns/.compose-projects/docker-6/docker-compose.yml ps --all -q inject_copy rc=0
27cf4e6f6ddc482fd2935edc9fe8f20d9214448bf9f616f0384322c0c3758881
2026-08-11 19:15:12,377 INFO scenarioforge.builders.topology - [docker-node] preflight cmd=sudo -S -p  docker inspect --format {{.State.ExitCode}} {{.State.Status}} 27cf4e6f6ddc482fd2935edc9fe8f20d9214448bf9f616f0384322c0c3758881 rc=0
0 exited
2026-08-11 19:15:13,198 INFO scenarioforge.builders.topology - [docker-node] preflight cmd=sudo -S -p  docker compose -p docker-6conf -f /tmp/vulns/.compose-projects/docker-6/docker-compose.yml up -d --no-build docker-6 rc=0
Container docker-6conf-inject_copy-1 Starting 
 Container docker-6conf-inject_copy-1 Started 
 Container docker-6 Starting 
 Container docker-6 Started
2026-08-11 19:15:13,251 INFO scenarioforge.builders.topology - [docker-node] preflight cmd=sudo -S -p  docker inspect --format {{.State.Pid}} {{.State.Status}} docker-6 rc=0
444660 running
2026-08-11 19:15:13,438 INFO scenarioforge.builders.topology - [docker-node] preflight cmd=sudo -S -p  docker exec docker-6 ip link show rc=0
1: lo: <LOOPBACK,UP,LOWER_UP> mtu 65536 qdisc noqueue state UNKNOWN mode DEFAULT group default qlen 1000
    link/loopback 00:00:00:00:00:00 brd 00:00:00:00:00:00
2026-08-11 19:15:24,116 INFO scenarioforge.builders.topology - [docker-node] preflight cmd=sudo -S -p  docker compose -p docker-6conf -f /tmp/vulns/.compose-projects/docker-6/docker-compose.yml down --remove-orphans rc=0
Container docker-6 Stopping 
 Container docker-6 Stopped 
 Container docker-6 Removing 
 Container docker-6 Removed 
 Container docker-6conf-inject_copy-1 Stopping 
 Container docker-6conf-inject_copy-1 Stopped 
 Container docker-6conf-inject_copy-1 Removing 
 Container docker-6conf-inject_copy-1 Removed
2026-08-11 19:15:24,116 INFO scenarioforge.builders.topology - [docker-node] preflight done node=docker-6 elapsed_ms=57622
2026-08-11 19:15:24,116 INFO scenarioforge.builders.topology - [preview] add_host id=7 name=docker-6 type=DOCKER pos=(60,1213)
2026-08-11 19:15:24,282 DEBUG scenarioforge.grpc - [grpc] _RetryingProxy.add_node(7, name='docker-6', _type=<NodeType name=DOCKER>, position=<Position>, image='') -> calling
2026-08-11 19:15:24,282 DEBUG scenarioforge.grpc - [grpc] _RetryingProxy.add_node() ok in 0.2 ms -> <_RetryingProxy id=7>
2026-08-11 19:15:24,282 INFO scenarioforge.builders.topology - [grpc.call] session.add_node name=docker-6 requested_id=7 actual_id=7 type=DOCKER session_type=_LoggingProxy position=(60, 1213) attr_type=<_LoggingProxy for <_RetryingProxy for <NodeType.DOCKER: 15>>> attr_image= compose=None compose_name=None option_compose=None option_compose_name=None
2026-08-11 19:15:24,282 INFO scenarioforge.builders.topology - [vuln-node] metadata lookup node=docker-6 compose_path=/tmp/vulns/.compose-projects/docker-6/docker-compose.yml record_keys=['EnableTrafficMount', 'HintText', 'InjectCandidatePaths', 'InjectFiles', 'InjectSourceDir', 'Name', 'OutputsManifest', 'Path', 'RunDir', 'ScenarioTag', 'Type', 'Vector', 'compose_path', 'compose_service', 'compose_service_selected', 'legacy_compose_path']
2026-08-11 19:15:24,282 DEBUG scenarioforge.builders.topology - [vuln-node] node=docker-6 compose file present locally path=/tmp/vulns/.compose-projects/docker-6/docker-compose.yml size=1310 bytes
2026-08-11 19:15:24,287 DEBUG scenarioforge.builders.topology - [vuln-node] node=docker-6 existing compose attr=None
2026-08-11 19:15:24,287 DEBUG scenarioforge.builders.topology - [vuln-node] node=docker-6 after attribute set compose=/tmp/vulns/.compose-projects/docker-6/docker-compose.yml compose_name=docker-6
2026-08-11 19:15:24,287 INFO scenarioforge.builders.topology - [vuln-node] node=docker-6 compose=/tmp/vulns/.compose-projects/docker-6/docker-compose.yml compose_name=docker-6 image=None exists=True size=1310 session_edit=False
2026-08-11 19:15:24,288 DEBUG scenarioforge.utils.services - Failed to remove service 'DefaultRoute' from node 7 (no supported API)
2026-08-11 19:15:24,288 DEBUG scenarioforge.utils.services - node_obj.services.add(node_id=7, CoreTGPrereqs)
2026-08-11 19:15:24,288 DEBUG scenarioforge.utils.services - node_obj.services.add(node_id=7, CoreTGPrereqs)
2026-08-11 19:15:24,289 DEBUG scenarioforge.utils.services - node_obj.services.add(node_id=7, DockerDefaultRoute)
2026-08-11 19:15:24,289 DEBUG scenarioforge.utils.services - Failed to remove service 'Traffic' from node 7 (no supported API)
2026-08-11 19:15:24,289 INFO scenarioforge.builders.topology - [docker-node] compose prep node=docker-7 src=provided out=/tmp/vulns/.compose-projects/docker-7/docker-compose.yml rec_name=Mail: IMAP Archive Mailbox rec_path=/tmp/vulns/flag_node_generators_runs/flow-datasetartifactmessagingrun02/02_142_docker-7/docker-compose.yml skip_iproute2_wrapper=False
2026-08-11 19:15:24,289 INFO scenarioforge.utils.vuln_process - [vuln] preparing docker-compose for node=docker-7 name=Mail: IMAP Archive Mailbox path=/tmp/vulns/flag_node_generators_runs/flow-datasetartifactmessagingrun02/02_142_docker-7/docker-compose.yml
2026-08-11 19:15:24,290 INFO scenarioforge.utils.vuln_process - [vuln] copying compose from local path=/tmp/vulns/flag_node_generators_runs/flow-datasetartifactmessagingrun02/02_142_docker-7/docker-compose.yml dest=/tmp/vulns/mail-imap-archive-mailbox/docker-compose.yml
2026-08-11 19:15:24,293 DEBUG scenarioforge.utils.vuln_process - [vuln] parsed compose yaml key=('Mail: IMAP Archive Mailbox', '/tmp/vulns/flag_node_generators_runs/flow-datasetartifactmessagingrun02/02_142_docker-7/docker-compose.yml') services=['node']
2026-08-11 19:15:24,294 INFO scenarioforge.utils.vuln_process - [vuln] compose selected service node=docker-7 service=node
2026-08-11 19:15:24,294 INFO scenarioforge.utils.vuln_process - [injects] prepare injects source_dir=/tmp/vulns/flag_node_generators_runs/flow-datasetartifactmessagingrun02/02_142_docker-7 outputs_manifest=/tmp/vulns/flag_node_generators_runs/flow-datasetartifactmessagingrun02/02_142_docker-7/outputs.json inject_files=['service']
2026-08-11 19:15:24,294 INFO scenarioforge.utils.vuln_process - [injects] expanded injects=['service']
2026-08-11 19:15:24,294 INFO scenarioforge.utils.vuln_process - [injects] applying injects to service=node mode=copy map={'service': '/flow_injects'}
2026-08-11 19:15:24,295 INFO scenarioforge.utils.vuln_process - [injects] clearing destination directories before copy: ['/flow_injects']
2026-08-11 19:15:24,295 INFO scenarioforge.utils.vuln_process - [vuln] injected iproute2 install into build-only Dockerfile node=docker-7 service=node dockerfile=/tmp/vulns/mail-imap-archive-mailbox/./Dockerfile
2026-08-11 19:15:24,299 INFO scenarioforge.utils.vuln_process - [vuln] wrote compose yaml node=docker-7 services=['inject_copy', 'docker-7'] dest=/tmp/vulns/docker-compose-docker-7.yml
2026-08-11 19:15:24,299 INFO scenarioforge.utils.vuln_process - [vuln] compose file ready for node=docker-7 compose=/tmp/vulns/docker-compose-docker-7.yml
2026-08-11 19:15:24,299 INFO scenarioforge.utils.vuln_process - [vuln] compose verification: expected=1 present=1 missing=0
2026-08-11 19:15:24,417 INFO scenarioforge.builders.topology - [docker-node] preflight begin node=docker-7 compose=/tmp/vulns/.compose-projects/docker-7/docker-compose.yml cmd=sudo -S -p  docker compose
2026-08-11 19:15:24,534 INFO scenarioforge.builders.topology - [docker-node] preflight cmd=sudo -S -p  docker image inspect --format {{json .Config}} alpine:3.19 rc=0
{"Env":["PATH=/usr/local/sbin:/usr/local/bin:/usr/sbin:/usr/bin:/sbin:/bin"],"Cmd":["/bin/sh"],"WorkingDir":"/"}
2026-08-11 19:15:24,541 INFO scenarioforge.builders.topology - [docker-node] preflight build service=docker-7 image=docker-7conf-docker-7 context=/tmp/vulns/mail-imap-archive-mailbox/. dockerfile=/tmp/vulns/mail-imap-archive-mailbox/./Dockerfile
2026-08-11 19:15:56,538 INFO scenarioforge.builders.topology - [docker-node] preflight cmd=sudo -S -p  docker build --network host -t docker-7conf-docker-7 -f /tmp/vulns/mail-imap-archive-mailbox/./Dockerfile /tmp/vulns/mail-imap-archive-mailbox/. rc=0
#10 exporting layers
#10 exporting layers 5.8s done
#10 exporting manifest sha256:ba5d2dbd00e6c5ae813e3c4dcca224950998317b71468c4a8935cb97a629664b 0.0s done
#10 exporting config sha256:0f2768cea2b334cb5043d47273b3809d601287bf6dd498743c10851dbd9e9b12 0.0s done
#10 exporting attestation manifest sha256:fa93df242323e0548e5f5a2e1da8214e5427311c6d013865a1bae91b750202b5
#10 exporting attestation manifest sha256:fa93df242323e0548e5f5a2e1da8214e5427311c6d013865a1bae91b750202b5 0.1s done
#10 exporting manifest list sha256:85a06ab4c71aaba4c068af33824c03ed45cf0ce44d23790881484371f28748da 0.0s done
#10 naming to docker.io/library/docker-7conf-docker-7:latest
#10 naming to docker.io/library/docker-7conf-docker-7:latest done
#10 unpacking to docker.io/library/docker-7conf-docker-7:latest
#10 unpacking to docker.io/library/docker-7conf-docker-7:latest 1.0s done
#10 DONE 7.1s
2026-08-11 19:15:56,631 INFO scenarioforge.builders.topology - [docker-node] preflight cmd=sudo -S -p  docker image inspect --format {{.Id}} alpine:3.19 rc=0
sha256:6baf43584bcb78f2e5847d1de515f23499913ac9f12bdf834811a3145eb11ca1
2026-08-11 19:15:56,631 INFO scenarioforge.builders.topology - [docker-node] preflight pull skipped node=docker-7; every pull-only image is cached: ['alpine:3.19']
[images] pulling=0 cached=2 pending=1
2026-08-11 19:15:57,517 INFO scenarioforge.builders.topology - [docker-node] preflight cmd=sudo -S -p  docker compose -p docker-7conf -f /tmp/vulns/.compose-projects/docker-7/docker-compose.yml up --no-start --no-build rc=0
Volume docker-7conf_inject-flow-injects Creating 
 Volume docker-7conf_inject-flow-injects Created 
 Container docker-7conf-inject_copy-1 Creating 
 Container docker-7conf-inject_copy-1 Created 
 Container docker-7 Creating 
 Container docker-7 Created
2026-08-11 19:15:58,249 INFO scenarioforge.builders.topology - [docker-node] preflight cmd=sudo -S -p  docker compose -p docker-7conf -f /tmp/vulns/.compose-projects/docker-7/docker-compose.yml up --no-build inject_copy rc=0
Attaching to inject_copy-1
 Container docker-7conf-inject_copy-1 Starting 
 Container docker-7conf-inject_copy-1 Started 

inject_copy-1 exited with code 0
2026-08-11 19:15:58,383 INFO scenarioforge.builders.topology - [docker-node] preflight cmd=sudo -S -p  docker compose -p docker-7conf -f /tmp/vulns/.compose-projects/docker-7/docker-compose.yml ps --all -q inject_copy rc=0
cb9b74f896a5b1d494dcc304dc20e7d5f6d929cf55aa3bf8f994e495dcb0c274
2026-08-11 19:15:58,424 INFO scenarioforge.builders.topology - [docker-node] preflight cmd=sudo -S -p  docker inspect --format {{.State.ExitCode}} {{.State.Status}} cb9b74f896a5b1d494dcc304dc20e7d5f6d929cf55aa3bf8f994e495dcb0c274 rc=0
0 exited
2026-08-11 19:15:59,221 INFO scenarioforge.builders.topology - [docker-node] preflight cmd=sudo -S -p  docker compose -p docker-7conf -f /tmp/vulns/.compose-projects/docker-7/docker-compose.yml up -d --no-build docker-7 rc=0
Container docker-7conf-inject_copy-1 Starting 
 Container docker-7conf-inject_copy-1 Started 
 Container docker-7 Starting 
 Container docker-7 Started
2026-08-11 19:15:59,275 INFO scenarioforge.builders.topology - [docker-node] preflight cmd=sudo -S -p  docker inspect --format {{.State.Pid}} {{.State.Status}} docker-7 rc=0
446056 running
2026-08-11 19:15:59,455 INFO scenarioforge.builders.topology - [docker-node] preflight cmd=sudo -S -p  docker exec docker-7 ip link show rc=0
1: lo: <LOOPBACK,UP,LOWER_UP> mtu 65536 qdisc noqueue state UNKNOWN mode DEFAULT group default qlen 1000
    link/loopback 00:00:00:00:00:00 brd 00:00:00:00:00:00
2026-08-11 19:16:10,148 INFO scenarioforge.builders.topology - [docker-node] preflight cmd=sudo -S -p  docker compose -p docker-7conf -f /tmp/vulns/.compose-projects/docker-7/docker-compose.yml down --remove-orphans rc=0
Container docker-7 Stopping 
 Container docker-7 Stopped 
 Container docker-7 Removing 
 Container docker-7 Removed 
 Container docker-7conf-inject_copy-1 Stopping 
 Container docker-7conf-inject_copy-1 Stopped 
 Container docker-7conf-inject_copy-1 Removing 
 Container docker-7conf-inject_copy-1 Removed
2026-08-11 19:16:10,148 INFO scenarioforge.builders.topology - [docker-node] preflight done node=docker-7 elapsed_ms=45731
2026-08-11 19:16:10,149 INFO scenarioforge.builders.topology - [preview] add_host id=8 name=docker-7 type=DOCKER pos=(60,787)
2026-08-11 19:16:10,155 DEBUG scenarioforge.grpc - [grpc] _RetryingProxy.add_node(8, name='docker-7', _type=<NodeType name=DOCKER>, position=<Position>, image='') -> calling
2026-08-11 19:16:10,155 DEBUG scenarioforge.grpc - [grpc] _RetryingProxy.add_node() ok in 0.2 ms -> <_RetryingProxy id=8>
2026-08-11 19:16:10,155 INFO scenarioforge.builders.topology - [grpc.call] session.add_node name=docker-7 requested_id=8 actual_id=8 type=DOCKER session_type=_LoggingProxy position=(60, 787) attr_type=<_LoggingProxy for <_RetryingProxy for <NodeType.DOCKER: 15>>> attr_image= compose=None compose_name=None option_compose=None option_compose_name=None
2026-08-11 19:16:10,155 INFO scenarioforge.builders.topology - [vuln-node] metadata lookup node=docker-7 compose_path=/tmp/vulns/.compose-projects/docker-7/docker-compose.yml record_keys=['EnableTrafficMount', 'HintText', 'InjectCandidatePaths', 'InjectFiles', 'InjectSourceDir', 'Name', 'OutputsManifest', 'Path', 'RunDir', 'ScenarioTag', 'Type', 'Vector', 'compose_path', 'compose_service', 'compose_service_selected', 'legacy_compose_path']
2026-08-11 19:16:10,156 DEBUG scenarioforge.builders.topology - [vuln-node] node=docker-7 compose file present locally path=/tmp/vulns/.compose-projects/docker-7/docker-compose.yml size=1310 bytes
2026-08-11 19:16:10,160 DEBUG scenarioforge.builders.topology - [vuln-node] node=docker-7 existing compose attr=None
2026-08-11 19:16:10,160 DEBUG scenarioforge.builders.topology - [vuln-node] node=docker-7 after attribute set compose=/tmp/vulns/.compose-projects/docker-7/docker-compose.yml compose_name=docker-7
2026-08-11 19:16:10,160 INFO scenarioforge.builders.topology - [vuln-node] node=docker-7 compose=/tmp/vulns/.compose-projects/docker-7/docker-compose.yml compose_name=docker-7 image=None exists=True size=1310 session_edit=False
2026-08-11 19:16:10,160 DEBUG scenarioforge.utils.services - Failed to remove service 'DefaultRoute' from node 8 (no supported API)
2026-08-11 19:16:10,161 DEBUG scenarioforge.utils.services - node_obj.services.add(node_id=8, CoreTGPrereqs)
2026-08-11 19:16:10,161 DEBUG scenarioforge.utils.services - node_obj.services.add(node_id=8, CoreTGPrereqs)
2026-08-11 19:16:10,161 DEBUG scenarioforge.utils.services - node_obj.services.add(node_id=8, DockerDefaultRoute)
2026-08-11 19:16:10,161 DEBUG scenarioforge.utils.services - Failed to remove service 'Traffic' from node 8 (no supported API)
2026-08-11 19:16:10,162 INFO scenarioforge.builders.topology - [docker-node] compose prep node=docker-8 src=provided out=/tmp/vulns/.compose-projects/docker-8/docker-compose.yml rec_name=Mail: SMTP Bounce Spool rec_path=/tmp/vulns/flag_node_generators_runs/flow-datasetartifactmessagingrun02/03_143_docker-8/docker-compose.yml skip_iproute2_wrapper=False
2026-08-11 19:16:10,162 INFO scenarioforge.utils.vuln_process - [vuln] preparing docker-compose for node=docker-8 name=Mail: SMTP Bounce Spool path=/tmp/vulns/flag_node_generators_runs/flow-datasetartifactmessagingrun02/03_143_docker-8/docker-compose.yml
2026-08-11 19:16:10,162 INFO scenarioforge.utils.vuln_process - [vuln] copying compose from local path=/tmp/vulns/flag_node_generators_runs/flow-datasetartifactmessagingrun02/03_143_docker-8/docker-compose.yml dest=/tmp/vulns/mail-smtp-bounce-spool/docker-compose.yml
2026-08-11 19:16:10,166 DEBUG scenarioforge.utils.vuln_process - [vuln] parsed compose yaml key=('Mail: SMTP Bounce Spool', '/tmp/vulns/flag_node_generators_runs/flow-datasetartifactmessagingrun02/03_143_docker-8/docker-compose.yml') services=['node']
2026-08-11 19:16:10,167 INFO scenarioforge.utils.vuln_process - [vuln] compose selected service node=docker-8 service=node
2026-08-11 19:16:10,167 INFO scenarioforge.utils.vuln_process - [injects] prepare injects source_dir=/tmp/vulns/flag_node_generators_runs/flow-datasetartifactmessagingrun02/03_143_docker-8 outputs_manifest=/tmp/vulns/flag_node_generators_runs/flow-datasetartifactmessagingrun02/03_143_docker-8/outputs.json inject_files=['service']
2026-08-11 19:16:10,167 INFO scenarioforge.utils.vuln_process - [injects] expanded injects=['service']
2026-08-11 19:16:10,167 INFO scenarioforge.utils.vuln_process - [injects] applying injects to service=node mode=copy map={'service': '/flow_injects'}
2026-08-11 19:16:10,167 INFO scenarioforge.utils.vuln_process - [injects] clearing destination directories before copy: ['/flow_injects']
2026-08-11 19:16:10,168 INFO scenarioforge.utils.vuln_process - [vuln] injected iproute2 install into build-only Dockerfile node=docker-8 service=node dockerfile=/tmp/vulns/mail-smtp-bounce-spool/./Dockerfile
2026-08-11 19:16:10,171 INFO scenarioforge.utils.vuln_process - [vuln] wrote compose yaml node=docker-8 services=['inject_copy', 'docker-8'] dest=/tmp/vulns/docker-compose-docker-8.yml
2026-08-11 19:16:10,171 INFO scenarioforge.utils.vuln_process - [vuln] compose file ready for node=docker-8 compose=/tmp/vulns/docker-compose-docker-8.yml
2026-08-11 19:16:10,171 INFO scenarioforge.utils.vuln_process - [vuln] compose verification: expected=1 present=1 missing=0
2026-08-11 19:16:10,341 INFO scenarioforge.builders.topology - [docker-node] preflight begin node=docker-8 compose=/tmp/vulns/.compose-projects/docker-8/docker-compose.yml cmd=sudo -S -p  docker compose
2026-08-11 19:16:10,465 INFO scenarioforge.builders.topology - [docker-node] preflight cmd=sudo -S -p  docker image inspect --format {{json .Config}} alpine:3.19 rc=0
{"Env":["PATH=/usr/local/sbin:/usr/local/bin:/usr/sbin:/usr/bin:/sbin:/bin"],"Cmd":["/bin/sh"],"WorkingDir":"/"}
2026-08-11 19:16:10,470 INFO scenarioforge.builders.topology - [docker-node] preflight build service=docker-8 image=docker-8conf-docker-8 context=/tmp/vulns/mail-smtp-bounce-spool/. dockerfile=/tmp/vulns/mail-smtp-bounce-spool/./Dockerfile
2026-08-11 19:16:43,508 INFO scenarioforge.builders.topology - [docker-node] preflight cmd=sudo -S -p  docker build --network host -t docker-8conf-docker-8 -f /tmp/vulns/mail-smtp-bounce-spool/./Dockerfile /tmp/vulns/mail-smtp-bounce-spool/. rc=0
#10 exporting to image
#10 exporting layers
#10 exporting layers 4.9s done
#10 exporting manifest sha256:d4b8978454b01e8a9ea1633c0ab8b4544e62318dd5d0bf241f701ba62a26d36a 0.0s done
#10 exporting config sha256:dae08cfa266872a2bc7e7ed51dd95ade5dbcedf5a6b4629b53bf2a3b99b9955f 0.1s done
#10 exporting attestation manifest sha256:960506fa9880dbd7a6665a7ed25c9de12678bc02733069741e491f4d094f2475 0.1s done
#10 exporting manifest list sha256:700999a25c8857ee3a157136d59c10945963db2762285b99fe21236b5aed4b58
#10 exporting manifest list sha256:700999a25c8857ee3a157136d59c10945963db2762285b99fe21236b5aed4b58 0.0s done
#10 naming to docker.io/library/docker-8conf-docker-8:latest done
#10 unpacking to docker.io/library/docker-8conf-docker-8:latest
#10 unpacking to docker.io/library/docker-8conf-docker-8:latest 1.0s done
#10 DONE 6.3s
2026-08-11 19:16:43,599 INFO scenarioforge.builders.topology - [docker-node] preflight cmd=sudo -S -p  docker image inspect --format {{.Id}} alpine:3.19 rc=0
sha256:6baf43584bcb78f2e5847d1de515f23499913ac9f12bdf834811a3145eb11ca1
2026-08-11 19:16:43,600 INFO scenarioforge.builders.topology - [docker-node] preflight pull skipped node=docker-8; every pull-only image is cached: ['alpine:3.19']
[images] pulling=0 cached=3 pending=0
2026-08-11 19:16:45,174 INFO scenarioforge.builders.topology - [docker-node] preflight cmd=sudo -S -p  docker compose -p docker-8conf -f /tmp/vulns/.compose-projects/docker-8/docker-compose.yml up --no-start --no-build rc=0
Volume docker-8conf_inject-flow-injects Creating 
 Volume docker-8conf_inject-flow-injects Created 
 Container docker-8conf-inject_copy-1 Creating 
 Container docker-8conf-inject_copy-1 Created 
 Container docker-8 Creating 
 Container docker-8 Created
2026-08-11 19:16:45,896 INFO scenarioforge.builders.topology - [docker-node] preflight cmd=sudo -S -p  docker compose -p docker-8conf -f /tmp/vulns/.compose-projects/docker-8/docker-compose.yml up --no-build inject_copy rc=0
Attaching to inject_copy-1
 Container docker-8conf-inject_copy-1 Starting 
 Container docker-8conf-inject_copy-1 Started 

inject_copy-1 exited with code 0
2026-08-11 19:16:46,064 INFO scenarioforge.builders.topology - [docker-node] preflight cmd=sudo -S -p  docker compose -p docker-8conf -f /tmp/vulns/.compose-projects/docker-8/docker-compose.yml ps --all -q inject_copy rc=0
70a874ec863749b295565050f65a3cabc446b5d2077dd4cacd9728f740b18d17
2026-08-11 19:16:46,109 INFO scenarioforge.builders.topology - [docker-node] preflight cmd=sudo -S -p  docker inspect --format {{.State.ExitCode}} {{.State.Status}} 70a874ec863749b295565050f65a3cabc446b5d2077dd4cacd9728f740b18d17 rc=0
0 exited
2026-08-11 19:16:47,032 INFO scenarioforge.builders.topology - [docker-node] preflight cmd=sudo -S -p  docker compose -p docker-8conf -f /tmp/vulns/.compose-projects/docker-8/docker-compose.yml up -d --no-build docker-8 rc=0
Container docker-8conf-inject_copy-1 Starting 
 Container docker-8conf-inject_copy-1 Started 
 Container docker-8 Starting 
 Container docker-8 Started
2026-08-11 19:16:47,081 INFO scenarioforge.builders.topology - [docker-node] preflight cmd=sudo -S -p  docker inspect --format {{.State.Pid}} {{.State.Status}} docker-8 rc=0
447453 running
2026-08-11 19:16:47,266 INFO scenarioforge.builders.topology - [docker-node] preflight cmd=sudo -S -p  docker exec docker-8 ip link show rc=0
1: lo: <LOOPBACK,UP,LOWER_UP> mtu 65536 qdisc noqueue state UNKNOWN mode DEFAULT group default qlen 1000
    link/loopback 00:00:00:00:00:00 brd 00:00:00:00:00:00
2026-08-11 19:16:58,006 INFO scenarioforge.builders.topology - [docker-node] preflight cmd=sudo -S -p  docker compose -p docker-8conf -f /tmp/vulns/.compose-projects/docker-8/docker-compose.yml down --remove-orphans rc=0
Container docker-8 Stopping 
 Container docker-8 Stopped 
 Container docker-8 Removing 
 Container docker-8 Removed 
 Container docker-8conf-inject_copy-1 Stopping 
 Container docker-8conf-inject_copy-1 Stopped 
 Container docker-8conf-inject_copy-1 Removing 
 Container docker-8conf-inject_copy-1 Removed
2026-08-11 19:16:58,007 INFO scenarioforge.builders.topology - [docker-node] preflight done node=docker-8 elapsed_ms=47665
2026-08-11 19:16:58,007 INFO scenarioforge.builders.topology - [preview] add_host id=9 name=docker-8 type=DOCKER pos=(454,656)
2026-08-11 19:16:58,015 DEBUG scenarioforge.grpc - [grpc] _RetryingProxy.add_node(9, name='docker-8', _type=<NodeType name=DOCKER>, position=<Position>, image='') -> calling
2026-08-11 19:16:58,015 DEBUG scenarioforge.grpc - [grpc] _RetryingProxy.add_node() ok in 0.3 ms -> <_RetryingProxy id=9>
2026-08-11 19:16:58,015 INFO scenarioforge.builders.topology - [grpc.call] session.add_node name=docker-8 requested_id=9 actual_id=9 type=DOCKER session_type=_LoggingProxy position=(454, 656) attr_type=<_LoggingProxy for <_RetryingProxy for <NodeType.DOCKER: 15>>> attr_image= compose=None compose_name=None option_compose=None option_compose_name=None
2026-08-11 19:16:58,015 INFO scenarioforge.builders.topology - [vuln-node] metadata lookup node=docker-8 compose_path=/tmp/vulns/.compose-projects/docker-8/docker-compose.yml record_keys=['EnableTrafficMount', 'HintText', 'InjectCandidatePaths', 'InjectFiles', 'InjectSourceDir', 'Name', 'OutputsManifest', 'Path', 'RunDir', 'ScenarioTag', 'Type', 'Vector', 'compose_path', 'compose_service', 'compose_service_selected', 'legacy_compose_path']
2026-08-11 19:16:58,015 DEBUG scenarioforge.builders.topology - [vuln-node] node=docker-8 compose file present locally path=/tmp/vulns/.compose-projects/docker-8/docker-compose.yml size=1307 bytes
2026-08-11 19:16:58,022 DEBUG scenarioforge.builders.topology - [vuln-node] node=docker-8 existing compose attr=None
2026-08-11 19:16:58,022 DEBUG scenarioforge.builders.topology - [vuln-node] node=docker-8 after attribute set compose=/tmp/vulns/.compose-projects/docker-8/docker-compose.yml compose_name=docker-8
2026-08-11 19:16:58,022 INFO scenarioforge.builders.topology - [vuln-node] node=docker-8 compose=/tmp/vulns/.compose-projects/docker-8/docker-compose.yml compose_name=docker-8 image=None exists=True size=1307 session_edit=False
2026-08-11 19:16:58,023 DEBUG scenarioforge.utils.services - Failed to remove service 'DefaultRoute' from node 9 (no supported API)
2026-08-11 19:16:58,023 DEBUG scenarioforge.utils.services - node_obj.services.add(node_id=9, CoreTGPrereqs)
2026-08-11 19:16:58,023 DEBUG scenarioforge.utils.services - node_obj.services.add(node_id=9, CoreTGPrereqs)
2026-08-11 19:16:58,023 DEBUG scenarioforge.utils.services - node_obj.services.add(node_id=9, DockerDefaultRoute)
2026-08-11 19:16:58,023 DEBUG scenarioforge.utils.services - Failed to remove service 'Traffic' from node 9 (no supported API)
2026-08-11 19:16:58,024 INFO scenarioforge.builders.topology - [preview] add_switch id=10 name=rsw-1-1 pos=(1658,1000)
2026-08-11 19:16:58,024 DEBUG scenarioforge.grpc - [grpc] _RetryingProxy.add_node(10, name='rsw-1-1', _type=<NodeType name=SWITCH>, position=<Position>) -> calling
2026-08-11 19:16:58,024 DEBUG scenarioforge.grpc - [grpc] _RetryingProxy.add_node() ok in 0.2 ms -> <_RetryingProxy id=10>
2026-08-11 19:16:58,024 INFO scenarioforge.builders.topology - [grpc.call] session.add_node name=rsw-1-1 requested_id=10 actual_id=10 type=SWITCH session_type=_LoggingProxy position=(1658, 1000) attr_type=<_LoggingProxy for <_RetryingProxy for <NodeType.SWITCH: 4>>> attr_image=None compose=None compose_name=None option_compose=None option_compose_name=None
2026-08-11 19:16:58,025 INFO scenarioforge.builders.topology - [preview] add_switch id=11 name=rsw-1-2 pos=(342,1000)
2026-08-11 19:16:58,025 DEBUG scenarioforge.grpc - [grpc] _RetryingProxy.add_node(11, name='rsw-1-2', _type=<NodeType name=SWITCH>, position=<Position>) -> calling
2026-08-11 19:16:58,025 DEBUG scenarioforge.grpc - [grpc] _RetryingProxy.add_node() ok in 0.2 ms -> <_RetryingProxy id=11>
2026-08-11 19:16:58,025 INFO scenarioforge.builders.topology - [grpc.call] session.add_node name=rsw-1-2 requested_id=11 actual_id=11 type=SWITCH session_type=_LoggingProxy position=(342, 1000) attr_type=<_LoggingProxy for <_RetryingProxy for <NodeType.SWITCH: 4>>> attr_image=None compose=None compose_name=None option_compose=None option_compose_name=None
2026-08-11 19:16:58,027 INFO scenarioforge.builders.topology - [diag.link.call] attempting link a=1 b=10 dup=False iface1=r1-rsw10 iface2=rsw-1-1-r1
2026-08-11 19:16:58,027 INFO scenarioforge.builders.topology - [grpc.try] variant=kw-guess-obj-ifaces a=1 b=10 iface1=r1-rsw10(0) 10.0.56.1/24 iface2=rsw-1-1-r1(0) None/None
2026-08-11 19:16:58,027 DEBUG scenarioforge.grpc - [grpc] _RetryingProxy.add_link(node1=<_LoggingProxy id=1>, node2=<_LoggingProxy id=10>, iface1=<Interface id=0>, iface2=<Interface id=0>) -> calling
2026-08-11 19:16:58,027 DEBUG scenarioforge.grpc - [grpc] _RetryingProxy.add_link() ok in 0.2 ms -> <_RetryingProxy>
2026-08-11 19:16:58,027 INFO scenarioforge.builders.topology - [grpc.try.ok] variant=kw-guess-obj-ifaces a=1 b=10
2026-08-11 19:16:58,027 INFO scenarioforge.builders.topology - [grpc] add_link a=1 b=10 via=kw-guess-obj-ifaces iface1=r1-rsw10(0) 10.0.56.1/24 iface2=rsw-1-1-r1(0) None/None
2026-08-11 19:16:58,028 INFO scenarioforge.builders.topology - [diag.link.call] attempting link a=2 b=10 dup=False iface1=eth0 iface2=rsw-1-1-h2
2026-08-11 19:16:58,028 INFO scenarioforge.builders.topology - [grpc.try] variant=kw-guess-obj-ifaces a=2 b=10 iface1=eth0(0) 10.0.56.3/24 iface2=rsw-1-1-h2(1) None/None
2026-08-11 19:16:58,028 DEBUG scenarioforge.grpc - [grpc] _RetryingProxy.add_link(node1=<_LoggingProxy id=2>, node2=<_LoggingProxy id=10>, iface1=<Interface id=0>, iface2=<Interface id=1>) -> calling
2026-08-11 19:16:58,028 DEBUG scenarioforge.grpc - [grpc] _RetryingProxy.add_link() ok in 0.2 ms -> <_RetryingProxy>
2026-08-11 19:16:58,028 INFO scenarioforge.builders.topology - [grpc.try.ok] variant=kw-guess-obj-ifaces a=2 b=10
2026-08-11 19:16:58,028 INFO scenarioforge.builders.topology - [grpc] add_link a=2 b=10 via=kw-guess-obj-ifaces iface1=eth0(0) 10.0.56.3/24 iface2=rsw-1-1-h2(1) None/None
2026-08-11 19:16:58,029 INFO scenarioforge.builders.topology - [diag.link.call] attempting link a=3 b=10 dup=False iface1=eth0 iface2=rsw-1-1-h3
2026-08-11 19:16:58,029 INFO scenarioforge.builders.topology - [grpc.try] variant=kw-guess-obj-ifaces a=3 b=10 iface1=eth0(0) 10.0.56.4/24 iface2=rsw-1-1-h3(2) None/None
2026-08-11 19:16:58,029 DEBUG scenarioforge.grpc - [grpc] _RetryingProxy.add_link(node1=<_LoggingProxy id=3>, node2=<_LoggingProxy id=10>, iface1=<Interface id=0>, iface2=<Interface id=2>) -> calling
2026-08-11 19:16:58,029 DEBUG scenarioforge.grpc - [grpc] _RetryingProxy.add_link() ok in 0.2 ms -> <_RetryingProxy>
2026-08-11 19:16:58,029 INFO scenarioforge.builders.topology - [grpc.try.ok] variant=kw-guess-obj-ifaces a=3 b=10
2026-08-11 19:16:58,029 INFO scenarioforge.builders.topology - [grpc] add_link a=3 b=10 via=kw-guess-obj-ifaces iface1=eth0(0) 10.0.56.4/24 iface2=rsw-1-1-h3(2) None/None
2026-08-11 19:16:58,030 INFO scenarioforge.builders.topology - [diag.link.call] attempting link a=4 b=10 dup=False iface1=eth0 iface2=rsw-1-1-h4
2026-08-11 19:16:58,030 INFO scenarioforge.builders.topology - [grpc.try] variant=kw-guess-obj-ifaces a=4 b=10 iface1=eth0(0) 10.0.56.5/24 iface2=rsw-1-1-h4(3) None/None
2026-08-11 19:16:58,030 DEBUG scenarioforge.grpc - [grpc] _RetryingProxy.add_link(node1=<_LoggingProxy id=4>, node2=<_LoggingProxy id=10>, iface1=<Interface id=0>, iface2=<Interface id=3>) -> calling
2026-08-11 19:16:58,030 DEBUG scenarioforge.grpc - [grpc] _RetryingProxy.add_link() ok in 0.2 ms -> <_RetryingProxy>
2026-08-11 19:16:58,030 INFO scenarioforge.builders.topology - [grpc.try.ok] variant=kw-guess-obj-ifaces a=4 b=10
2026-08-11 19:16:58,030 INFO scenarioforge.builders.topology - [grpc] add_link a=4 b=10 via=kw-guess-obj-ifaces iface1=eth0(0) 10.0.56.5/24 iface2=rsw-1-1-h4(3) None/None
2026-08-11 19:16:58,031 INFO scenarioforge.builders.topology - [diag.link.call] attempting link a=1 b=11 dup=False iface1=r1-rsw11 iface2=rsw-1-2-r1
2026-08-11 19:16:58,032 INFO scenarioforge.builders.topology - [grpc.try] variant=kw-guess-obj-ifaces a=1 b=11 iface1=r1-rsw11(1) 10.76.143.1/24 iface2=rsw-1-2-r1(0) None/None
2026-08-11 19:16:58,032 DEBUG scenarioforge.grpc - [grpc] _RetryingProxy.add_link(node1=<_LoggingProxy id=1>, node2=<_LoggingProxy id=11>, iface1=<Interface id=1>, iface2=<Interface id=0>) -> calling
2026-08-11 19:16:58,032 DEBUG scenarioforge.grpc - [grpc] _RetryingProxy.add_link() ok in 0.1 ms -> <_RetryingProxy>
2026-08-11 19:16:58,032 INFO scenarioforge.builders.topology - [grpc.try.ok] variant=kw-guess-obj-ifaces a=1 b=11
2026-08-11 19:16:58,032 INFO scenarioforge.builders.topology - [grpc] add_link a=1 b=11 via=kw-guess-obj-ifaces iface1=r1-rsw11(1) 10.76.143.1/24 iface2=rsw-1-2-r1(0) None/None
2026-08-11 19:16:58,032 INFO scenarioforge.builders.topology - [diag.link.call] attempting link a=5 b=11 dup=False iface1=eth0 iface2=rsw-1-2-h5
2026-08-11 19:16:58,032 INFO scenarioforge.builders.topology - [grpc.try] variant=kw-guess-obj-ifaces a=5 b=11 iface1=eth0(0) 10.76.143.3/24 iface2=rsw-1-2-h5(1) None/None
2026-08-11 19:16:58,032 DEBUG scenarioforge.grpc - [grpc] _RetryingProxy.add_link(node1=<_LoggingProxy id=5>, node2=<_LoggingProxy id=11>, iface1=<Interface id=0>, iface2=<Interface id=1>) -> calling
2026-08-11 19:16:58,032 DEBUG scenarioforge.grpc - [grpc] _RetryingProxy.add_link() ok in 0.1 ms -> <_RetryingProxy>
2026-08-11 19:16:58,032 INFO scenarioforge.builders.topology - [grpc.try.ok] variant=kw-guess-obj-ifaces a=5 b=11
2026-08-11 19:16:58,033 INFO scenarioforge.builders.topology - [grpc] add_link a=5 b=11 via=kw-guess-obj-ifaces iface1=eth0(0) 10.76.143.3/24 iface2=rsw-1-2-h5(1) None/None
2026-08-11 19:16:58,033 INFO scenarioforge.builders.topology - [diag.link.call] attempting link a=6 b=11 dup=False iface1=eth0 iface2=rsw-1-2-h6
2026-08-11 19:16:58,033 INFO scenarioforge.builders.topology - [grpc.try] variant=kw-guess-obj-ifaces a=6 b=11 iface1=eth0(0) 10.76.143.4/24 iface2=rsw-1-2-h6(2) None/None
2026-08-11 19:16:58,033 DEBUG scenarioforge.grpc - [grpc] _RetryingProxy.add_link(node1=<_LoggingProxy id=6>, node2=<_LoggingProxy id=11>, iface1=<Interface id=0>, iface2=<Interface id=2>) -> calling
2026-08-11 19:16:58,033 DEBUG scenarioforge.grpc - [grpc] _RetryingProxy.add_link() ok in 0.2 ms -> <_RetryingProxy>
2026-08-11 19:16:58,033 INFO scenarioforge.builders.topology - [grpc.try.ok] variant=kw-guess-obj-ifaces a=6 b=11
2026-08-11 19:16:58,033 INFO scenarioforge.builders.topology - [grpc] add_link a=6 b=11 via=kw-guess-obj-ifaces iface1=eth0(0) 10.76.143.4/24 iface2=rsw-1-2-h6(2) None/None
2026-08-11 19:16:58,034 INFO scenarioforge.builders.topology - [diag.link.call] attempting link a=7 b=11 dup=False iface1=eth0 iface2=rsw-1-2-h7
2026-08-11 19:16:58,034 INFO scenarioforge.builders.topology - [grpc.try] variant=kw-guess-obj-ifaces a=7 b=11 iface1=eth0(0) 10.76.143.5/24 iface2=rsw-1-2-h7(3) None/None
2026-08-11 19:16:58,034 DEBUG scenarioforge.grpc - [grpc] _RetryingProxy.add_link(node1=<_LoggingProxy id=7>, node2=<_LoggingProxy id=11>, iface1=<Interface id=0>, iface2=<Interface id=3>) -> calling
2026-08-11 19:16:58,034 DEBUG scenarioforge.grpc - [grpc] _RetryingProxy.add_link() ok in 0.2 ms -> <_RetryingProxy>
2026-08-11 19:16:58,034 INFO scenarioforge.builders.topology - [grpc.try.ok] variant=kw-guess-obj-ifaces a=7 b=11
2026-08-11 19:16:58,034 INFO scenarioforge.builders.topology - [grpc] add_link a=7 b=11 via=kw-guess-obj-ifaces iface1=eth0(0) 10.76.143.5/24 iface2=rsw-1-2-h7(3) None/None
2026-08-11 19:16:58,035 INFO scenarioforge.builders.topology - [diag.link.call] attempting link a=8 b=11 dup=False iface1=eth0 iface2=rsw-1-2-h8
2026-08-11 19:16:58,035 INFO scenarioforge.builders.topology - [grpc.try] variant=kw-guess-obj-ifaces a=8 b=11 iface1=eth0(0) 10.76.143.6/24 iface2=rsw-1-2-h8(4) None/None
2026-08-11 19:16:58,035 DEBUG scenarioforge.grpc - [grpc] _RetryingProxy.add_link(node1=<_LoggingProxy id=8>, node2=<_LoggingProxy id=11>, iface1=<Interface id=0>, iface2=<Interface id=4>) -> calling
2026-08-11 19:16:58,035 DEBUG scenarioforge.grpc - [grpc] _RetryingProxy.add_link() ok in 0.2 ms -> <_RetryingProxy>
2026-08-11 19:16:58,035 INFO scenarioforge.builders.topology - [grpc.try.ok] variant=kw-guess-obj-ifaces a=8 b=11
2026-08-11 19:16:58,035 INFO scenarioforge.builders.topology - [grpc] add_link a=8 b=11 via=kw-guess-obj-ifaces iface1=eth0(0) 10.76.143.6/24 iface2=rsw-1-2-h8(4) None/None
2026-08-11 19:16:58,036 INFO scenarioforge.builders.topology - [diag.link.call] attempting link a=9 b=11 dup=False iface1=eth0 iface2=rsw-1-2-h9
2026-08-11 19:16:58,036 INFO scenarioforge.builders.topology - [grpc.try] variant=kw-guess-obj-ifaces a=9 b=11 iface1=eth0(0) 10.76.143.7/24 iface2=rsw-1-2-h9(5) None/None
2026-08-11 19:16:58,036 DEBUG scenarioforge.grpc - [grpc] _RetryingProxy.add_link(node1=<_LoggingProxy id=9>, node2=<_LoggingProxy id=11>, iface1=<Interface id=0>, iface2=<Interface id=5>) -> calling
2026-08-11 19:16:58,036 DEBUG scenarioforge.grpc - [grpc] _RetryingProxy.add_link() ok in 0.2 ms -> <_RetryingProxy>
2026-08-11 19:16:58,036 INFO scenarioforge.builders.topology - [grpc.try.ok] variant=kw-guess-obj-ifaces a=9 b=11
2026-08-11 19:16:58,036 INFO scenarioforge.builders.topology - [grpc] add_link a=9 b=11 via=kw-guess-obj-ifaces iface1=eth0(0) 10.76.143.7/24 iface2=rsw-1-2-h9(5) None/None
2026-08-11 19:16:58,037 DEBUG scenarioforge.utils.services - node_obj.services.add(node_id=2, DefaultRoute)
2026-08-11 19:16:58,037 DEBUG scenarioforge.utils.services - node_obj.services.add(node_id=3, DefaultRoute)
2026-08-11 19:16:58,037 DEBUG scenarioforge.utils.services - node_obj.services.add(node_id=4, DefaultRoute)
2026-08-11 19:16:58,038 DEBUG scenarioforge.utils.services - node_obj.services.add(node_id=5, DefaultRoute)
2026-08-11 19:16:58,038 DEBUG scenarioforge.utils.services - node_obj.services.add(node_id=6, DefaultRoute)
2026-08-11 19:16:58,038 DEBUG scenarioforge.utils.services - node_obj.services.add(node_id=4, SSH)
2026-08-11 19:16:58,039 DEBUG scenarioforge.utils.services - node_obj.services.add(node_id=3, HTTP)
2026-08-11 19:16:58,039 INFO scenarioforge.builders.topology - [preview] topology realized from persisted preview: routers=1 hosts=8 switches=2
2026-08-11 19:16:58,039 DEBUG scenarioforge.utils.services - Failed to remove service 'DefaultRoute' from node 7 (no supported API)
2026-08-11 19:16:58,039 DEBUG scenarioforge.utils.services - node_obj.services.add(node_id=7, CoreTGPrereqs)
2026-08-11 19:16:58,040 DEBUG scenarioforge.utils.services - node_obj.services.add(node_id=7, CoreTGPrereqs)
2026-08-11 19:16:58,040 DEBUG scenarioforge.utils.services - node_obj.services.add(node_id=7, DockerDefaultRoute)
2026-08-11 19:16:58,040 INFO scenarioforge.builders.topology - DockerDefaultRoute not confirmed after enforcement on docker node id=7 name=docker-6 (context=segmented-preview); this can be a CORE service readback limitation for Docker nodes
2026-08-11 19:16:58,040 DEBUG scenarioforge.utils.services - Failed to remove service 'DefaultRoute' from node 8 (no supported API)
2026-08-11 19:16:58,040 DEBUG scenarioforge.utils.services - node_obj.services.add(node_id=8, CoreTGPrereqs)
2026-08-11 19:16:58,041 DEBUG scenarioforge.utils.services - node_obj.services.add(node_id=8, CoreTGPrereqs)
2026-08-11 19:16:58,041 DEBUG scenarioforge.utils.services - node_obj.services.add(node_id=8, DockerDefaultRoute)
2026-08-11 19:16:58,041 INFO scenarioforge.builders.topology - DockerDefaultRoute not confirmed after enforcement on docker node id=8 name=docker-7 (context=segmented-preview); this can be a CORE service readback limitation for Docker nodes
2026-08-11 19:16:58,041 DEBUG scenarioforge.utils.services - Failed to remove service 'DefaultRoute' from node 9 (no supported API)
2026-08-11 19:16:58,041 DEBUG scenarioforge.utils.services - node_obj.services.add(node_id=9, CoreTGPrereqs)
2026-08-11 19:16:58,041 DEBUG scenarioforge.utils.services - node_obj.services.add(node_id=9, CoreTGPrereqs)
2026-08-11 19:16:58,042 DEBUG scenarioforge.utils.services - node_obj.services.add(node_id=9, DockerDefaultRoute)
2026-08-11 19:16:58,042 INFO scenarioforge.builders.topology - DockerDefaultRoute not confirmed after enforcement on docker node id=9 name=docker-8 (context=segmented-preview); this can be a CORE service readback limitation for Docker nodes
2026-08-11 19:16:58,042 INFO root - Preview parity: preview_attached=True preview_realized=True
2026-08-11 19:16:58,042 INFO root - PHASE: Topology built (routers=1 hosts=8)
2026-08-11 19:16:58,043 INFO root - Docker nodes created: 3 -> docker-6, docker-7, docker-8
2026-08-11 19:16:58,043 INFO root - PHASE: HITL attachment
2026-08-11 19:16:58,046 INFO root - Cleared 10 artifact(s) from /tmp/traffic left by an earlier run
2026-08-11 19:16:58,047 INFO root - Cleared 14 artifact(s) from /tmp/segmentation left by an earlier run
2026-08-11 19:16:58,048 INFO root - PHASE: Segmentation
2026-08-11 19:16:58,048 INFO root - Segmentation config: density=0.000, items=0
2026-08-11 19:16:58,049 INFO root - Segmentation disabled or unspecified; skipping
2026-08-11 19:16:58,049 INFO root - PHASE: Traffic
2026-08-11 19:16:58,050 DEBUG scenarioforge.parsers.traffic - Parsed traffic: density=0.6 items=[('TCP', 1.0, 'continuous', 128.0, 2.0, 15.0), ('UDP', 1.0, 'periodic', 64.0, 5.0, 25.0)]
2026-08-11 19:16:58,051 INFO root - Traffic config: density=0.600, items=2
2026-08-11 19:16:58,051 INFO root - Traffic: writing the 5 flow(s) the saved plan decided; not generating again
2026-08-11 19:16:58,051 INFO scenarioforge.utils.traffic - Traffic: writing the 5 flow(s) the saved plan decided; no new flows were drawn
2026-08-11 19:16:58,066 INFO root - Enabling Traffic service on node 5
2026-08-11 19:16:58,066 DEBUG scenarioforge.utils.services - node_obj.services.add(node_id=5, CoreTGPrereqs)
2026-08-11 19:16:58,066 DEBUG scenarioforge.utils.services - node_obj.services.add(node_id=5, Traffic)
2026-08-11 19:16:58,066 INFO root - Traffic service enabled on node 5
2026-08-11 19:16:58,067 INFO root - Enabling Traffic service on node 4
2026-08-11 19:16:58,067 DEBUG scenarioforge.utils.services - node_obj.services.add(node_id=4, CoreTGPrereqs)
2026-08-11 19:16:58,067 DEBUG scenarioforge.utils.services - node_obj.services.add(node_id=4, Traffic)
2026-08-11 19:16:58,067 INFO root - Traffic service enabled on node 4
2026-08-11 19:16:58,068 INFO root - Enabling Traffic service on node 6
2026-08-11 19:16:58,068 DEBUG scenarioforge.utils.services - node_obj.services.add(node_id=6, CoreTGPrereqs)
2026-08-11 19:16:58,068 DEBUG scenarioforge.utils.services - node_obj.services.add(node_id=6, Traffic)
2026-08-11 19:16:58,068 INFO root - Traffic service enabled on node 6
2026-08-11 19:16:58,068 INFO root - Enabling Traffic service on node 9
2026-08-11 19:16:58,068 DEBUG scenarioforge.utils.services - node_obj.services.add(node_id=9, CoreTGPrereqs)
2026-08-11 19:16:58,069 DEBUG scenarioforge.utils.services - node_obj.services.add(node_id=9, Traffic)
2026-08-11 19:16:58,069 INFO root - Traffic service enabled on node 9
2026-08-11 19:16:58,069 INFO root - Enabling Traffic service on node 7
2026-08-11 19:16:58,069 DEBUG scenarioforge.utils.services - node_obj.services.add(node_id=7, CoreTGPrereqs)
2026-08-11 19:16:58,069 DEBUG scenarioforge.utils.services - node_obj.services.add(node_id=7, Traffic)
2026-08-11 19:16:58,069 INFO root - Traffic service enabled on node 7
2026-08-11 19:16:58,069 INFO root - Enabling Traffic service on node 8
2026-08-11 19:16:58,070 DEBUG scenarioforge.utils.services - node_obj.services.add(node_id=8, CoreTGPrereqs)
2026-08-11 19:16:58,070 DEBUG scenarioforge.utils.services - node_obj.services.add(node_id=8, Traffic)
2026-08-11 19:16:58,070 INFO root - Traffic service enabled on node 8
2026-08-11 19:16:58,072 INFO scenarioforge.utils.segmentation - Segmentation-Allow: inserted 0 allow rules across 0 nodes
2026-08-11 19:16:58,072 INFO root - Inserted allow rules for generated traffic
2026-08-11 19:16:58,073 INFO root - Flow verification: all 5 flows allowed
2026-08-11 19:16:58,073 DEBUG root - Node 5 traffic flows: receivers=2, senders=1
2026-08-11 19:16:58,073 DEBUG root - Node 4 traffic flows: receivers=1, senders=1
2026-08-11 19:16:58,074 DEBUG root - Node 6 traffic flows: receivers=2, senders=0
2026-08-11 19:16:58,074 DEBUG root - Node 9 traffic flows: receivers=0, senders=1
2026-08-11 19:16:58,074 DEBUG root - Node 7 traffic flows: receivers=0, senders=1
2026-08-11 19:16:58,074 DEBUG root - Node 8 traffic flows: receivers=0, senders=1
2026-08-11 19:16:58,074 INFO root - Traffic configs written to /tmp/traffic (receivers=5 on 3 nodes; senders=5 on 5 nodes; up to 60% of hosts)
2026-08-11 19:16:58,074 INFO root - PHASE: Vulnerabilities
2026-08-11 19:16:58,101 INFO root - No vulnerabilities selected (empty catalog or criteria)
2026-08-11 19:16:58,102 INFO scenarioforge.utils.vuln_process - [vuln] preparing docker-compose for node=docker-6 name=Mail: DMARC Report Queue path=/tmp/vulns/flag_node_generators_runs/flow-datasetartifactmessagingrun02/01_146_docker-6/docker-compose.yml
2026-08-11 19:16:58,102 INFO scenarioforge.utils.vuln_process - [vuln] copying compose from local path=/tmp/vulns/flag_node_generators_runs/flow-datasetartifactmessagingrun02/01_146_docker-6/docker-compose.yml dest=/tmp/vulns/mail-dmarc-report-queue/docker-compose.yml
2026-08-11 19:16:58,107 DEBUG scenarioforge.utils.vuln_process - [vuln] parsed compose yaml key=('Mail: DMARC Report Queue', '/tmp/vulns/flag_node_generators_runs/flow-datasetartifactmessagingrun02/01_146_docker-6/docker-compose.yml') services=['node']
2026-08-11 19:16:58,108 INFO scenarioforge.utils.vuln_process - [vuln] compose selected service node=docker-6 service=node
2026-08-11 19:16:58,108 INFO scenarioforge.utils.vuln_process - [injects] prepare injects source_dir=/tmp/vulns/flag_node_generators_runs/flow-datasetartifactmessagingrun02/01_146_docker-6 outputs_manifest=/tmp/vulns/flag_node_generators_runs/flow-datasetartifactmessagingrun02/01_146_docker-6/outputs.json inject_files=['service']
2026-08-11 19:16:58,109 INFO scenarioforge.utils.vuln_process - [injects] expanded injects=['service']
2026-08-11 19:16:58,109 INFO scenarioforge.utils.vuln_process - [injects] applying injects to service=node mode=copy map={'service': '/flow_injects'}
2026-08-11 19:16:58,109 INFO scenarioforge.utils.vuln_process - [injects] clearing destination directories before copy: ['/flow_injects']
2026-08-11 19:16:58,110 INFO scenarioforge.utils.vuln_process - [vuln] injected iproute2 install into build-only Dockerfile node=docker-6 service=node dockerfile=/tmp/vulns/mail-dmarc-report-queue/./Dockerfile
2026-08-11 19:16:58,117 INFO scenarioforge.utils.vuln_process - [vuln] wrote compose yaml node=docker-6 services=['inject_copy', 'docker-6'] dest=/tmp/vulns/docker-compose-docker-6.yml
2026-08-11 19:16:58,117 INFO scenarioforge.utils.vuln_process - [vuln] compose file ready for node=docker-6 compose=/tmp/vulns/docker-compose-docker-6.yml
2026-08-11 19:16:58,117 INFO scenarioforge.utils.vuln_process - [vuln] preparing docker-compose for node=docker-7 name=Mail: IMAP Archive Mailbox path=/tmp/vulns/flag_node_generators_runs/flow-datasetartifactmessagingrun02/02_142_docker-7/docker-compose.yml
2026-08-11 19:16:58,117 INFO scenarioforge.utils.vuln_process - [vuln] copying compose from local path=/tmp/vulns/flag_node_generators_runs/flow-datasetartifactmessagingrun02/02_142_docker-7/docker-compose.yml dest=/tmp/vulns/mail-imap-archive-mailbox/docker-compose.yml
2026-08-11 19:16:58,123 DEBUG scenarioforge.utils.vuln_process - [vuln] parsed compose yaml key=('Mail: IMAP Archive Mailbox', '/tmp/vulns/flag_node_generators_runs/flow-datasetartifactmessagingrun02/02_142_docker-7/docker-compose.yml') services=['node']
2026-08-11 19:16:58,124 INFO scenarioforge.utils.vuln_process - [vuln] compose selected service node=docker-7 service=node
2026-08-11 19:16:58,124 INFO scenarioforge.utils.vuln_process - [injects] prepare injects source_dir=/tmp/vulns/flag_node_generators_runs/flow-datasetartifactmessagingrun02/02_142_docker-7 outputs_manifest=/tmp/vulns/flag_node_generators_runs/flow-datasetartifactmessagingrun02/02_142_docker-7/outputs.json inject_files=['service']
2026-08-11 19:16:58,124 INFO scenarioforge.utils.vuln_process - [injects] expanded injects=['service']
2026-08-11 19:16:58,124 INFO scenarioforge.utils.vuln_process - [injects] applying injects to service=node mode=copy map={'service': '/flow_injects'}
2026-08-11 19:16:58,124 INFO scenarioforge.utils.vuln_process - [injects] clearing destination directories before copy: ['/flow_injects']
2026-08-11 19:16:58,125 INFO scenarioforge.utils.vuln_process - [vuln] injected iproute2 install into build-only Dockerfile node=docker-7 service=node dockerfile=/tmp/vulns/mail-imap-archive-mailbox/./Dockerfile
2026-08-11 19:16:58,130 INFO scenarioforge.utils.vuln_process - [vuln] wrote compose yaml node=docker-7 services=['inject_copy', 'docker-7'] dest=/tmp/vulns/docker-compose-docker-7.yml
2026-08-11 19:16:58,131 INFO scenarioforge.utils.vuln_process - [vuln] compose file ready for node=docker-7 compose=/tmp/vulns/docker-compose-docker-7.yml
2026-08-11 19:16:58,131 INFO scenarioforge.utils.vuln_process - [vuln] preparing docker-compose for node=docker-8 name=Mail: SMTP Bounce Spool path=/tmp/vulns/flag_node_generators_runs/flow-datasetartifactmessagingrun02/03_143_docker-8/docker-compose.yml
2026-08-11 19:16:58,131 INFO scenarioforge.utils.vuln_process - [vuln] copying compose from local path=/tmp/vulns/flag_node_generators_runs/flow-datasetartifactmessagingrun02/03_143_docker-8/docker-compose.yml dest=/tmp/vulns/mail-smtp-bounce-spool/docker-compose.yml
2026-08-11 19:16:58,134 DEBUG scenarioforge.utils.vuln_process - [vuln] parsed compose yaml key=('Mail: SMTP Bounce Spool', '/tmp/vulns/flag_node_generators_runs/flow-datasetartifactmessagingrun02/03_143_docker-8/docker-compose.yml') services=['node']
2026-08-11 19:16:58,135 INFO scenarioforge.utils.vuln_process - [vuln] compose selected service node=docker-8 service=node
2026-08-11 19:16:58,135 INFO scenarioforge.utils.vuln_process - [injects] prepare injects source_dir=/tmp/vulns/flag_node_generators_runs/flow-datasetartifactmessagingrun02/03_143_docker-8 outputs_manifest=/tmp/vulns/flag_node_generators_runs/flow-datasetartifactmessagingrun02/03_143_docker-8/outputs.json inject_files=['service']
2026-08-11 19:16:58,135 INFO scenarioforge.utils.vuln_process - [injects] expanded injects=['service']
2026-08-11 19:16:58,135 INFO scenarioforge.utils.vuln_process - [injects] applying injects to service=node mode=copy map={'service': '/flow_injects'}
2026-08-11 19:16:58,136 INFO scenarioforge.utils.vuln_process - [injects] clearing destination directories before copy: ['/flow_injects']
2026-08-11 19:16:58,136 INFO scenarioforge.utils.vuln_process - [vuln] injected iproute2 install into build-only Dockerfile node=docker-8 service=node dockerfile=/tmp/vulns/mail-smtp-bounce-spool/./Dockerfile
2026-08-11 19:16:58,139 INFO scenarioforge.utils.vuln_process - [vuln] wrote compose yaml node=docker-8 services=['inject_copy', 'docker-8'] dest=/tmp/vulns/docker-compose-docker-8.yml
2026-08-11 19:16:58,139 INFO scenarioforge.utils.vuln_process - [vuln] compose file ready for node=docker-8 compose=/tmp/vulns/docker-compose-docker-8.yml
2026-08-11 19:16:58,140 INFO scenarioforge.utils.vuln_process - [vuln] compose verification: expected=3 present=3 missing=0
2026-08-11 19:16:58,140 INFO root - Prepared docker compose files (all docker nodes): 3 for 3 docker nodes
2026-08-11 19:16:58,140 INFO root - Compose assignments summary written for 3 docker nodes
2026-08-11 19:16:58,141 INFO scenarioforge.utils.segmentation - Segmentation-Compose-Allow: no segmentation summary found; skipping compose port allow rules
2026-08-11 19:16:58,141 INFO root - Inserted compose port allow rules for docker service ports: 0
2026-08-11 19:16:58,141 DEBUG root - Docker node compose assignment node=docker-6 Name=Mail: DMARC Report Queue Path=/tmp/vulns/flag_node_generators_runs/flow-datasetartifactmessagingrun02/01_146_docker-6/docker-compose.yml Vector=flag-nodegen out=/tmp/vulns/.compose-projects/docker-6/docker-compose.yml exists=True
2026-08-11 19:16:58,141 DEBUG root - Docker node compose assignment node=docker-7 Name=Mail: IMAP Archive Mailbox Path=/tmp/vulns/flag_node_generators_runs/flow-datasetartifactmessagingrun02/02_142_docker-7/docker-compose.yml Vector=flag-nodegen out=/tmp/vulns/.compose-projects/docker-7/docker-compose.yml exists=True
2026-08-11 19:16:58,141 DEBUG root - Docker node compose assignment node=docker-8 Name=Mail: SMTP Bounce Spool Path=/tmp/vulns/flag_node_generators_runs/flow-datasetartifactmessagingrun02/03_143_docker-8/docker-compose.yml Vector=flag-nodegen out=/tmp/vulns/.compose-projects/docker-8/docker-compose.yml exists=True
2026-08-11 19:16:58,142 INFO root - PHASE: Report
2026-08-11 19:16:58,147 INFO root - Scenario summary written to /tmp/scenarioforge/reports/scenario_report_08-11-26-19-16-58-074845.json
2026-08-11 19:16:58,148 INFO root - Scenario report written to /tmp/scenarioforge/reports/scenario_report_08-11-26-19-16-58-074845.md
Scenario report written to /tmp/scenarioforge/reports/scenario_report_08-11-26-19-16-58-074845.md
2026-08-11 19:16:58,148 INFO root - Scenario summary written to /tmp/scenarioforge/reports/scenario_report_08-11-26-19-16-58-074845.json
Scenario summary written to /tmp/scenarioforge/reports/scenario_report_08-11-26-19-16-58-074845.json
2026-08-11 19:16:58,148 INFO root - PHASE: Start CORE session
2026-08-11 19:16:58,289 INFO root - CORE_SESSION_ID: 1
2026-08-11 19:16:58,289 DEBUG scenarioforge.grpc - [grpc] _RetryingProxy.start_session(<_LoggingProxy id=1>) -> calling
2026-08-11 19:16:58,290 DEBUG scenarioforge.grpc - [grpc] _RetryingProxy.to_proto() -> calling
2026-08-11 19:16:58,291 DEBUG scenarioforge.grpc - [grpc] _RetryingProxy.to_proto() ok in 1.1 ms -> <Session id=1>
2026-08-11 19:17:06,950 DEBUG scenarioforge.grpc - [grpc] _RetryingProxy.start_session() ok in 8660.8 ms -> <tuple>
2026-08-11 19:17:06,951 INFO root - CORE session start requested
2026-08-11 19:17:06,951 DEBUG scenarioforge.grpc - [grpc] _RetryingProxy.get_sessions() -> calling
2026-08-11 19:17:06,952 DEBUG scenarioforge.grpc - [grpc] _RetryingProxy.get_sessions() ok in 1.4 ms -> <list>
2026-08-11 19:17:07,278 INFO scenarioforge.builders.topology - [docker-node] host-side default route node=docker-6 already set
2026-08-11 19:17:07,278 INFO scenarioforge.builders.topology - [docker-node] host-side default route node=docker-7 already set
2026-08-11 19:17:07,278 INFO scenarioforge.builders.topology - [docker-node] host-side default route node=docker-8 already set
2026-08-11 19:17:07,279 INFO root - docker node docker-6 default route: already set
2026-08-11 19:17:07,279 INFO root - docker node docker-7 default route: already set
2026-08-11 19:17:07,279 INFO root - docker node docker-8 default route: already set
2026-08-11 19:17:08,493 INFO root - Scenario summary written to /tmp/scenarioforge/reports/scenario_report_08-11-26-19-16-58-074845.json
2026-08-11 19:17:08,494 INFO root - CORE session started and validated
CORE_SESSION_VALIDATION_JSON: {"configuration_tolerated":false,"runtime_ok":true,"session_id":1,"state":"runtime","validation_ok":true}
[remote] Verified CORE session 1 is RUNTIME on 129.108.4.45:10006.
[validate] Copying Flow artifacts into running containers...
[2026-08-11 19:17:10,951] INFO in app_backend: [core.remote] (remote.vulns_inventory(before_copy.cli-postrun)) executing via /opt/core/venv/bin/python3
[2026-08-11 19:17:12,073] INFO in app_backend: [core.remote] (docker.copy_flow_artifacts(cli-postrun)) executing via /opt/core/venv/bin/python3
[2026-08-11 19:17:22,552] INFO in app_backend: [core.remote] (docker.exec.verify_flow_artifacts(cli-postrun)) executing via /opt/core/venv/bin/python3
[2026-08-11 19:17:24,433] INFO in app_backend: [core.remote] (docker.exec.listener_snapshot(cli-postrun)) executing via /opt/core/venv/bin/python3
[validate] Flow artifact copy targets: 3/3 succeeded.
[2026-08-11 19:17:26,219] INFO in app_backend: Established SSH tunnel corevm@129.108.4.45:10006 -> 129.108.4.45:50051 (local 56389)
[2026-08-11 19:17:27,446] INFO in app_backend: [core.remote] (core.save_xml) executing via /opt/core/venv/bin/python3
[2026-08-11 19:17:33,314] INFO in app_backend: _session_docker_nodes_from_xml parsing /Users/jcacosta/Documents/GitHub/scenarioforge-eval/verify-supply-fix/dataset-artifact-messaging_run02/core-post/session-1.xml
[2026-08-11 19:17:33,315] INFO in app_backend: _session_docker_nodes_from_xml found 3 nodes: ['docker-6', 'docker-7', 'docker-8']
[2026-08-11 19:17:34,786] INFO in app_backend: [core.remote] (docker.compose.assignments) executing via /opt/core/venv/bin/python3
[2026-08-11 19:17:35,833] INFO in app_backend: [core.remote] (docker.exec.injects_status) executing via /opt/core/venv/bin/python3
[2026-08-11 19:17:41,260] INFO in app_backend: [core.remote] (flow.artifacts.validate) executing via /opt/core/venv/bin/python3

Post-execution validation: PASSED
  Nodes validated: 0; Docker containers running: 3
  Validation summary: /Users/jcacosta/Documents/GitHub/scenarioforge-eval/verify-supply-fix/dataset-artifact-messaging_run02/core-post/validation-session-1.json
VALIDATION_SUMMARY_JSON: {"actual_nodes":[],"actual_nodes_detail":[],"actual_vuln_nodes":["docker-6","docker-7","docker-8"],"cli_post_execution_validation":true,"docker_missing":[],"docker_nodes":["docker-6","docker-7","docker-8"],"docker_not_running":[],"docker_not_running_details":[],"docker_restarting":[],"docker_running":["docker-6","docker-7","docker-8"],"docker_start_pending":[],"expected_docker_nodes":["docker-6","docker-7","docker-8"],"expected_nodes":[],"expected_vuln_nodes":[],"extra_docker_nodes":[],"extra_node_ids":[],"extra_nodes":[],"flag_verification_checked":[],"flag_verification_details":[],"flag_verification_failed":[],"flow_live_paths_checked":9,"flow_live_paths_detail":[{"exists_local":false,"generator_id":"146","is_remote":true,"missing_local":false,"node_id":"7","path":"/tmp/vulns/flag_node_generators_runs/flow-datasetartifactmessagingrun02/01_146_docker-6","path_type":"artifacts_dir"},{"exists_local":false,"generator_id":"146","is_remote":true,"missing_local":false,"node_id":"7","path":"/tmp/vulns/flag_node_generators_runs/flow-datasetartifactmessagingrun02/01_146_docker-6","path_type":"inject_source_dir"},{"exists_local":false,"generator_id":"146","is_remote":true,"missing_local":false,"node_id":"7","path":"/tmp/vulns/flag_node_generators_runs/flow-datasetartifactmessagingrun02/01_146_docker-6/service","path_type":"inject_source"},{"exists_local":false,"generator_id":"142","is_remote":true,"missing_local":false,"node_id":"8","path":"/tmp/vulns/flag_node_generators_runs/flow-datasetartifactmessagingrun02/02_142_docker-7","path_type":"artifacts_dir"},{"exists_local":false,"generator_id":"142","is_remote":true,"missing_local":false,"node_id":"8","path":"/tmp/vulns/flag_node_generators_runs/flow-datasetartifactmessagingrun02/02_142_docker-7","path_type":"inject_source_dir"},{"exists_local":false,"generator_id":"142","is_remote":true,"missing_local":false,"node_id":"8","path":"/tmp/vulns/flag_node_generators_runs/flow-datasetartifactmessagingrun02/02_142_docker-7/service","path_type":"inject_source"},{"exists_local":false,"generator_id":"143","is_remote":true,"missing_local":false,"node_id":"9","path":"/tmp/vulns/flag_node_generators_runs/flow-datasetartifactmessagingrun02/03_143_docker-8","path_type":"artifacts_dir"},{"exists_local":false,"generator_id":"143","is_remote":true,"missing_local":false,"node_id":"9","path":"/tmp/vulns/flag_node_generators_runs/flow-datasetartifactmessagingrun02/03_143_docker-8","path_type":"inject_source_dir"},{"exists_local":false,"generator_id":"143","is_remote":true,"missing_local":false,"node_id":"9","path":"/tmp/vulns/flag_node_generators_runs/flow-datasetartifactmessagingrun02/03_143_docker-8/service","path_type":"inject_source"}],"flow_live_paths_missing":[],"flow_live_paths_missing_count":0,"generator_injects_missing":[],"generator_outputs_missing":[],"generator_validation_detail":[{"artifacts_dir":"/tmp/vulns/flag_node_generators_runs/flow-datasetartifactmessagingrun02/01_146_docker-6","container_check_error":"","container_checked":[],"container_missing":[],"container_name":"docker-6","flag_delivery_mode":"file","flag_file_path":"/tmp/vulns/flag_node_generators_runs/flow-datasetartifactmessagingrun02/01_146_docker-6/service/reports/dmarc-aggregate.xml","generator_id":"146","generator_name":"Mail: DMARC Report Queue","generator_type":"flag-node-generator","inject_checked":["/tmp/vulns/flag_node_generators_runs/flow-datasetartifactmessagingrun02/01_146_docker-6/service","/tmp/vulns/flag_node_generators_runs/flow-datasetartifactmessagingrun02/01_146_docker-6/service/reports/dmarc-aggregate.xml"],"inject_missing":[],"node_id":"7","node_name":"docker-6","outputs_checked":["/tmp/vulns/flag_node_generators_runs/flow-datasetartifactmessagingrun02/01_146_docker-6/service/reports/dmarc-aggregate.xml","/tmp/vulns/flag_node_generators_runs/flow-datasetartifactmessagingrun02/01_146_docker-6/docker-compose.yml"],"outputs_manifest":"/tmp/vulns/flag_node_generators_runs/flow-datasetartifactmessagingrun02/01_146_docker-6/outputs.json","outputs_manifest_exists":true,"outputs_missing":[],"outputs_resolved":{"File(path)":"/tmp/vulns/flag_node_generators_runs/flow-datasetartifactmessagingrun02/01_146_docker-6/docker-compose.yml","FlagFile(path)":"/tmp/vulns/flag_node_generators_runs/flow-datasetartifactmessagingrun02/01_146_docker-6/service/reports/dmarc-aggregate.xml"},"run_dir":"/tmp/vulns/flag_node_generators_runs/flow-datasetartifactmessagingrun02/01_146_docker-6"},{"artifacts_dir":"/tmp/vulns/flag_node_generators_runs/flow-datasetartifactmessagingrun02/02_142_docker-7","container_check_error":"","container_checked":[],"container_missing":[],"container_name":"docker-7","flag_delivery_mode":"file","flag_file_path":"/tmp/vulns/flag_node_generators_runs/flow-datasetartifactmessagingrun02/02_142_docker-7/service/Archive/0042.eml","generator_id":"142","generator_name":"Mail: IMAP Archive Mailbox","generator_type":"flag-node-generator","inject_checked":["/tmp/vulns/flag_node_generators_runs/flow-datasetartifactmessagingrun02/02_142_docker-7/service","/tmp/vulns/flag_node_generators_runs/flow-datasetartifactmessagingrun02/02_142_docker-7/service/Archive/0042.eml"],"inject_missing":[],"node_id":"8","node_name":"docker-7","outputs_checked":["/tmp/vulns/flag_node_generators_runs/flow-datasetartifactmessagingrun02/02_142_docker-7/service/Archive/0042.eml","/tmp/vulns/flag_node_generators_runs/flow-datasetartifactmessagingrun02/02_142_docker-7/docker-compose.yml"],"outputs_manifest":"/tmp/vulns/flag_node_generators_runs/flow-datasetartifactmessagingrun02/02_142_docker-7/outputs.json","outputs_manifest_exists":true,"outputs_missing":[],"outputs_resolved":{"File(path)":"/tmp/vulns/flag_node_generators_runs/flow-datasetartifactmessagingrun02/02_142_docker-7/docker-compose.yml","FlagFile(path)":"/tmp/vulns/flag_node_generators_runs/flow-datasetartifactmessagingrun02/02_142_docker-7/service/Archive/0042.eml"},"run_dir":"/tmp/vulns/flag_node_generators_runs/flow-datasetartifactmessagingrun02/02_142_docker-7"},{"artifacts_dir":"/tmp/vulns/flag_node_generators_runs/flow-datasetartifactmessagingrun02/03_143_docker-8","container_check_error":"","container_checked":[],"container_missing":[],"container_name":"docker-8","flag_delivery_mode":"file","flag_file_path":"/tmp/vulns/flag_node_generators_runs/flow-datasetartifactmessagingrun02/03_143_docker-8/service/spool/bounce-2401.eml","generator_id":"143","generator_name":"Mail: SMTP Bounce Spool","generator_type":"flag-node-generator","inject_checked":["/tmp/vulns/flag_node_generators_runs/flow-datasetartifactmessagingrun02/03_143_docker-8/service","/tmp/vulns/flag_node_generators_runs/flow-datasetartifactmessagingrun02/03_143_docker-8/service/spool/bounce-2401.eml"],"inject_missing":[],"node_id":"9","node_name":"docker-8","outputs_checked":["/tmp/vulns/flag_node_generators_runs/flow-datasetartifactmessagingrun02/03_143_docker-8/service/spool/bounce-2401.eml","/tmp/vulns/flag_node_generators_runs/flow-datasetartifactmessagingrun02/03_143_docker-8/docker-compose.yml"],"outputs_manifest":"/tmp/vulns/flag_node_generators_runs/flow-datasetartifactmessagingrun02/03_143_docker-8/outputs.json","outputs_manifest_exists":true,"outputs_missing":[],"outputs_resolved":{"File(path)":"/tmp/vulns/flag_node_generators_runs/flow-datasetartifactmessagingrun02/03_143_docker-8/docker-compose.yml","FlagFile(path)":"/tmp/vulns/flag_node_generators_runs/flow-datasetartifactmessagingrun02/03_143_docker-8/service/spool/bounce-2401.eml"},"run_dir":"/tmp/vulns/flag_node_generators_runs/flow-datasetartifactmessagingrun02/03_143_docker-8"}],"inject_dirs_expected":["/flow_injects"],"inject_files_expected":["/flow_injects/service"],"inject_files_expected_by_node":{"docker-6":["/flow_injects/service"],"docker-7":["/flow_injects/service"],"docker-8":["/flow_injects/service"]},"inject_nodes_expected":["docker-6","docker-7","docker-8"],"injects_detail":["docker-6: 3 file(s) in /flow_injects (e.g., /flow_injects/service/reports/dmarc-aggregate.xml, /flow_injects/service/reports/README.txt, /flow_injects/service/config.json); expected /flow_injects/service","docker-7: 3 file(s) in /flow_injects (e.g., /flow_injects/service/INBOX/0001.eml, /flow_injects/service/config.json, /flow_injects/service/Archive/0042.eml); expected /flow_injects/service","docker-8: 3 file(s) in /flow_injects (e.g., /flow_injects/service/spool/bounce-2401.eml, /flow_injects/service/spool/README.txt, /flow_injects/service/config.json); expected /flow_injects/service"],"injects_missing":[],"injects_unreadable":[],"injects_unreadable_details":[],"missing_docker_nodes":[],"missing_node_ids":[],"missing_nodes":[],"missing_vuln_nodes":[],"ok":true,"port_unreachable":[],"port_unreachable_details":[],"ports_checked":[],"scenario_xml_path":"/Users/jcacosta/Documents/GitHub/scenarioforge-eval/verify-supply-fix/dataset-artifact-messaging_run02/scenario.xml","session_id":1,"session_xml_path":"/Users/jcacosta/Documents/GitHub/scenarioforge-eval/verify-supply-fix/dataset-artifact-messaging_run02/core-post/session-1.xml","topology_port_unreachable":[],"topology_port_unreachable_details":[],"topology_probe_checked":false,"topology_probe_error":null}
[2026-08-11 19:17:42,465] INFO in app_backend: [core.remote] (core.get_sessions) executing via /opt/core/venv/bin/python3
[2026-08-11 19:17:43,079] INFO in app_backend: [core.grpc] remote returned 1 session(s)
[check-artifacts] Waiting 15s for routing convergence and services to settle...
[check-artifacts] Running checks against session 1...
[check-artifacts] Step 1/9: Collecting session state & validating nodes…
[2026-08-11 19:17:58,727] INFO in app_backend: Established SSH tunnel corevm@129.108.4.45:10006 -> 129.108.4.45:50051 (local 56463)
[2026-08-11 19:17:59,951] INFO in app_backend: [core.remote] (core.save_xml) executing via /opt/core/venv/bin/python3
[2026-08-11 19:18:06,216] INFO in app_backend: _session_docker_nodes_from_xml parsing /Users/jcacosta/Documents/GitHub/scenarioforge-eval/verify-supply-fix/dataset-artifact-messaging_run02/artifact-check/session-1.xml
[2026-08-11 19:18:06,216] INFO in app_backend: _session_docker_nodes_from_xml found 3 nodes: ['docker-6', 'docker-7', 'docker-8']
[2026-08-11 19:18:07,714] INFO in app_backend: [core.remote] (docker.compose.assignments) executing via /opt/core/venv/bin/python3
[2026-08-11 19:18:08,686] INFO in app_backend: [core.remote] (docker.exec.injects_status) executing via /opt/core/venv/bin/python3
[2026-08-11 19:18:14,387] INFO in app_backend: [core.remote] (flow.artifacts.validate) executing via /opt/core/venv/bin/python3
[check-artifacts] Step 3/9: Ports open
[2026-08-11 19:18:15,683] INFO in app_backend: [core.remote] (check_artifacts.segmentation) executing via /opt/core/venv/bin/python3
[2026-08-11 19:18:18,485] INFO in app_backend: [core.remote] (check_artifacts.ports) executing via /opt/core/venv/bin/python3
[check-artifacts] Step 6/9: Required traffic agents running
[2026-08-11 19:18:24,415] INFO in app_backend: [core.remote] (check_artifacts.traffic) executing via /opt/core/venv/bin/python3

Artifact checks — scenario datasetartifactmessagingrun02, session 1
------------------------------------------------------------------------
[PASS ] Containers running on correct nodes: All 3 expected containers present.
[PASS ] Services running: All 3 services running.
[PASS ] Ports open: All 11 stable service port target(s) reachable (12 listening across 9 node(s)). (5 probed from their traffic source.)
[PASS ] Inject files placed: All 3 expected inject file(s) placed.
[SKIP ] Firewall/segmentation rules in place: No segmentation configured for this scenario.
[PASS ] Required traffic agents running: 5 traffic flow(s); 6 node(s) running traffic
[PASS ] Required traffic reaches its destination: All 5 required traffic flow(s) reach their destination. (5 TCP flow(s) verified in both directions; 5 confirmed by bytes counted at the destination.)
[SKIP ] Flow pivot paths traversable (source → target): No Flow challenge-chain Pivot(node) relationships to check.
[SKIP ] Pivot providers reachable from the participant: No pivot providers to check. This covers Segmentation's "accessible by pivot", which places a reachable provider node in a subnet segmentation walled off — it is off for this scenario, or it is on and nothing was walled off. Pivot steps in the challenge chain (a step producing Pivot(node)) are a separate feature measured by the preceding Flow pivot-path check; turn on accessible_by_pivot in the Segmentation section if you want walled-off subnets given an entrance.
------------------------------------------------------------------------
Overall: pass — 6 pass, 3 skip
CHECK_ARTIFACTS_SUMMARY_JSON: {"checks": [{"items": [{"detail": "present", "name": "docker-6", "status": "pass"}, {"detail": "present", "name": "docker-7", "status": "pass"}, {"detail": "present", "name": "docker-8", "status": "pass"}], "key": "containers", "label": "Containers running on correct nodes", "status": "pass", "summary": "All 3 expected containers present."}, {"items": [{"detail": "running", "name": "docker-6", "status": "pass"}, {"detail": "running", "name": "docker-7", "status": "pass"}, {"detail": "running", "name": "docker-8", "status": "pass"}], "key": "services", "label": "Services running", "status": "pass", "summary": "All 3 services running."}, {"items": [{"detail": "listening on 80", "name": "docker-12 (no ip)", "status": "pass"}, {"detail": "listening on 2526", "name": "docker-6 (10.76.143.5)", "status": "pass"}, {"detail": "listening on 2143", "name": "docker-7 (10.76.143.6)", "status": "pass"}, {"detail": "listening on 2525", "name": "docker-8 (10.76.143.7)", "status": "pass"}, {"detail": "listening on 2601", "name": "router-1 (10.0.56.1)", "status": "pass"}, {"detail": "listening on 80", "name": "workstation-2 (10.0.56.4)", "status": "pass"}, {"detail": "listening on 22, 5004", "name": "workstation-3 (10.0.56.5)", "status": "pass"}, {"detail": "listening on 5005, 5006", "name": "workstation-4 (10.76.143.3)", "status": "pass"}, {"detail": "listening on 5006, 5007", "name": "workstation-5 (10.76.143.4)", "status": "pass"}], "key": "ports", "label": "Ports open", "status": "pass", "summary": "All 11 stable service port target(s) reachable (12 listening across 9 node(s)). (5 probed from their traffic source.)"}, {"items": [], "key": "injects", "label": "Inject files placed", "status": "pass", "summary": "All 3 expected inject file(s) placed."}, {"items": [{"detail": "all 5 traffic flow(s) pass the segmentation rules", "name": "traffic flows permitted", "status": "pass"}, {"detail": "no custom firewall rules on any node (Docker nodes and CORE vnodes)", "name": "10 node(s) probed", "status": "skip"}], "key": "segmentation", "label": "Firewall/segmentation rules in place", "status": "skip", "summary": "No segmentation configured for this scenario."}, {"items": [{"detail": "5 configured flow(s) recorded", "name": "traffic flows", "status": "pass"}, {"detail": "1 traffic process(es) running; 10,479,345 bytes sent", "name": "docker-6", "status": "pass"}, {"detail": "1 traffic process(es) running; 10,479,345 bytes sent", "name": "docker-7", "status": "pass"}, {"detail": "1 traffic process(es) running; 10,479,345 bytes sent", "name": "docker-8", "status": "pass"}, {"detail": "1 traffic process(es) running", "name": "workstation-3", "status": "pass"}, {"detail": "1 traffic process(es) running", "name": "workstation-4", "status": "pass"}, {"detail": "1 traffic process(es) running", "name": "workstation-5", "status": "pass"}], "key": "traffic", "label": "Required traffic agents running", "status": "pass", "summary": "5 traffic flow(s); 6 node(s) running traffic"}, {"items": [{"detail": "TCP handshake completed \u2014 the path works in both directions (the destination's SYN-ACK came back); the receiving agent has counted 10,333,280 bytes", "name": "workstation-4 \u2192 workstation-3 (10.0.56.5) [TCP:5004]", "status": "pass"}, {"detail": "TCP handshake completed \u2014 the path works in both directions (the destination's SYN-ACK came back); the receiving agent has counted 10,356,860 bytes", "name": "workstation-3 \u2192 workstation-5 (10.76.143.4) [TCP:5006]", "status": "pass"}, {"detail": "TCP handshake completed \u2014 the path works in both directions (the destination's SYN-ACK came back); the receiving agent has counted 11,675,375 bytes", "name": "docker-8 \u2192 workstation-4 (10.76.143.3) [TCP:5005]", "status": "pass"}, {"detail": "TCP handshake completed \u2014 the path works in both directions (the destination's SYN-ACK came back); the receiving agent has counted 11,675,375 bytes", "name": "docker-6 \u2192 workstation-5 (10.76.143.4) [TCP:5007]", "status": "pass"}, {"detail": "TCP handshake completed \u2014 the path works in both directions (the destination's SYN-ACK came back); the receiving agent has counted 11,675,375 bytes", "name": "docker-7 \u2192 workstation-4 (10.76.143.3) [TCP:5006]", "status": "pass"}], "key": "reachability", "label": "Required traffic reaches its destination", "status": "pass", "summary": "All 5 required traffic flow(s) reach their destination. (5 TCP flow(s) verified in both directions; 5 confirmed by bytes counted at the destination.)"}, {"items": [], "key": "flow_pivot", "label": "Flow pivot paths traversable (source \u2192 target)", "status": "skip", "summary": "No Flow challenge-chain Pivot(node) relationships to check."}, {"items": [], "key": "pivot_access", "label": "Pivot providers reachable from the participant", "status": "skip", "summary": "No pivot providers to check. This covers Segmentation's \"accessible by pivot\", which places a reachable provider node in a subnet segmentation walled off \u2014 it is off for this scenario, or it is on and nothing was walled off. Pivot steps in the challenge chain (a step producing Pivot(node)) are a separate feature measured by the preceding Flow pivot-path check; turn on accessible_by_pivot in the Segmentation section if you want walled-off subnets given an entrance."}], "ok": true, "overall": "pass", "overall_summary": "6 pass, 3 skip", "scenario": "datasetartifactmessagingrun02", "session_id": 1, "strict": true}
